I/AudioFlinger_Threads(  280): [GJ_DEBUG] streamType = 0, device = 0x0001, track = 4096 param = 3002 == [READY] == 1.000000 | 1.000000 | 0.000000 
I/AudioFlinger_Threads(  280): [GJ_DEBUG] streamType = 0, device = 0x0001, track = 4096 param = 3002 == [READY] == 1.000000 | 1.000000 | 0.000000 
I/AudioFlinger_Threads(  280): [GJ_DEBUG] streamType = 0, device = 0x0001, track = 4096 param = 3002 == [READY] == 1.000000 | 1.000000 | 0.000000 
I/AudioFlinger_Threads(  280): [GJ_DEBUG] streamType = 0, device = 0x0001, track = 4096 param = 3002 == [READY] == 1.000000 | 1.000000 | 0.000000 
I/thermal_repeater(  300): oh, queryMdThermalInfo (0)Bad file number
I/AudioFlinger_Threads(  280): [GJ_DEBUG] streamType = 0, device = 0x0001, track = 4096 param = 3002 == [READY] == 1.000000 | 1.000000 | 0.000000 
E/DAVEngineImpl(15360): fSendMsgToUI. dwMsgID = 1035, dwParam1 = -1740542976, dwParam2 = -1, peeruin = 801
I/thermal_repeater(  300): [recvMdThermalInfo] ret=30, strLen=127,  2, 32767, -127, -1, 32767, 17
I/AudioFlinger_Threads(  280): [GJ_DEBUG] streamType = 0, device = 0x0001, track = 4096 param = 3002 == [READY] == 1.000000 | 1.000000 | 0.000000 
I/libPerfService(  717): perfDumpAll
I/libPerfService(  717): perfDumpAll - type:6, core:0, big:0, little:0, freq:0, freq_big:1144000, freq_little:0, gpu:-1
I/libPerfService(  717): perfDumpAll - type:13, core:8, big:4, little:4, freq:0, freq_big:2002000, freq_little:1690000, gpu:0
I/libPerfService(  717):             - pid:717, tid:1333, comm:system_server
I/AudioFlinger_Threads(  280): [GJ_DEBUG] streamType = 0, device = 0x0001, track = 4096 param = 3002 == [READY] == 1.000000 | 1.000000 | 0.000000 
I/AudioFlinger_Threads(  280): [GJ_DEBUG] streamType = 0, device = 0x0001, track = 4096 param = 3002 == [READY] == 1.000000 | 1.000000 | 0.000000 
I/AudioFlinger_Threads(  280): [GJ_DEBUG] streamType = 0, device = 0x0001, track = 4096 param = 3002 == [READY] == 1.000000 | 1.000000 | 0.000000 
I/AudioFlinger_Threads(  280): [GJ_DEBUG] streamType = 0, device = 0x0001, track = 4096 param = 3002 == [READY] == 1.000000 | 1.000000 | 0.000000 
I/AudioFlinger_Threads(  280): [GJ_DEBUG] streamType = 0, device = 0x0001, track = 4096 param = 3002 == [READY] == 1.000000 | 1.000000 | 0.000000 
I/AudioFlinger_Threads(  280): [GJ_DEBUG] streamType = 0, device = 0x0001, track = 4096 param = 3002 == [READY] == 1.000000 | 1.000000 | 0.000000 
I/libPerfService(  717): perfDumpAll
I/libPerfService(  717): perfDumpAll - type:6, core:0, big:0, little:0, freq:0, freq_big:1144000, freq_little:0, gpu:-1
I/libPerfService(  717): perfDumpAll - type:13, core:8, big:4, little:4, freq:0, freq_big:2002000, freq_little:1690000, gpu:0
I/libPerfService(  717):             - pid:717, tid:1333, comm:system_server
I/AudioFlinger_Threads(  280): [GJ_DEBUG] streamType = 0, device = 0x0001, track = 4096 param = 3002 == [READY] == 1.000000 | 1.000000 | 0.000000 
I/AudioFlinger_Threads(  280): [GJ_DEBUG] streamType = 0, device = 0x0001, track = 4096 param = 3002 == [READY] == 1.000000 | 1.000000 | 0.000000 
I/AudioFlinger_Threads(  280): [GJ_DEBUG] streamType = 0, device = 0x0001, track = 4096 param = 3002 == [READY] == 1.000000 | 1.000000 | 0.000000 
I/AudioFlinger_Threads(  280): [GJ_DEBUG] streamType = 0, device = 0x0001, track = 4096 param = 3002 == [READY] == 1.000000 | 1.000000 | 0.000000 
I/AudioFlinger_Threads(  280): [GJ_DEBUG] streamType = 0, device = 0x0001, track = 4096 param = 3002 == [READY] == 1.000000 | 1.000000 | 0.000000 
I/AudioFlinger_Threads(  280): [GJ_DEBUG] streamType = 0, device = 0x0001, track = 4096 param = 3002 == [READY] == 1.000000 | 1.000000 | 0.000000 
E/NotificationService(  717): Suppressing notification from package com.tencent.mobileqq by user request.
I/PerfService(  717): PerfServiceNative_boostEnableTimeoutAsync:5, 2
I/AudioFlinger_Threads(  280): [GJ_DEBUG] streamType = 0, device = 0x0001, track = 4096 param = 3002 == [READY] == 1.000000 | 1.000000 | 0.000000 
I/SurfaceFlinger(  263): [Built-in Screen (type:0)] fps:27.768534,dur:1044.35,max:155.15,min:13.41
I/AudioFlinger_Threads(  280): [GJ_DEBUG] streamType = 0, device = 0x0001, track = 4096 param = 3002 == [READY] == 1.000000 | 1.000000 | 0.000000 
I/ActivityManager(  717): START u0 {act=android.intent.action.MAIN cat=[android.intent.category.LAUNCHER] flg=0x10200000 cmp=com.tencent.mobileqq/.activity.SplashActivity bnds=[576,969][840,1251]} from uid 10083 on display 0 from pid 1590
I/AudioFlinger_Threads(  280): [GJ_DEBUG] streamType = 0, device = 0x0001, track = 4096 param = 3002 == [READY] == 1.000000 | 1.000000 | 0.000000 
I/System.out( 1590): createMD5, pathFile is /data/app/com.tencent.mobileqq-1/base.apk
I/libPerfService(  717): perfSetFavorPid - pid:1022, 3fe
I/AudioFlinger_Threads(  280): [GJ_DEBUG] streamType = 0, device = 0x0001, track = 4096 param = 3002 == [READY] == 1.000000 | 1.000000 | 0.000000 
I/WindowManager(  717): Losing focus: Window{2803251 u0 com.meizu.flyme.launcher/com.meizu.flyme.launcher.Launcher}
I/libPerfService(  717): perfSetFavorPid - pid:1022, 3fe
I/libPerfService(  717): perfSetFavorPid - pid:1022, 3fe
I/libPerfService(  717): perfSetFavorPid - pid:1022, 3fe
I/AudioFlinger_Threads(  280): [GJ_DEBUG] streamType = 0, device = 0x0001, track = 4096 param = 3002 == [READY] == 1.000000 | 1.000000 | 0.000000 
I/WindowManager(  717): Gaining focus: Window{718baf5 u0 com.tencent.mobileqq/com.tencent.mobileqq.activity.SplashActivity}
I/libPerfService(  717): perfSetFavorPid - pid:1022, 3fe
I/AudioFlinger_Threads(  280): [GJ_DEBUG] streamType = 0, device = 0x0001, track = 4096 param = 3002 == [READY] == 1.000000 | 1.000000 | 0.000000 
I/libPerfService(  717): perfDumpAll
I/libPerfService(  717): perfDumpAll - type:5, core:2, big:0, little:2, freq:1690000, freq_big:0, freq_little:1690000, gpu:-1
I/libPerfService(  717): perfDumpAll - type:6, core:0, big:0, little:0, freq:0, freq_big:1144000, freq_little:0, gpu:-1
I/libPerfService(  717): perfDumpAll - type:10, core:8, big:4, little:4, freq:0, freq_big:2002000, freq_little:1690000, gpu:0
I/libPerfService(  717):             - pid:717, tid:717, comm:system_server
I/libPerfService(  717): perfDumpAll - type:13, core:8, big:4, little:4, freq:0, freq_big:2002000, freq_little:1690000, gpu:0
I/libPerfService(  717):             - pid:717, tid:1333, comm:system_server
I/AudioFlinger_Threads(  280): [GJ_DEBUG] streamType = 0, device = 0x0001, track = 4096 param = 3002 == [READY] == 1.000000 | 1.000000 | 0.000000 
I/libPerfService(  717): perfSetFavorPid - pid:1022, 3fe
I/AudioFlinger_Threads(  280): [GJ_DEBUG] streamType = 0, device = 0x0001, track = 4096 param = 3002 == [READY] == 1.000000 | 1.000000 | 0.000000 
I/libPerfService(  717): perfSetFavorPid - pid:1022, 3fe
I/libPerfService(  717): perfSetFavorPid - pid:1022, 3fe
I/AudioFlinger_Threads(  280): [GJ_DEBUG] streamType = 0, device = 0x0001, track = 4096 param = 3002 == [READY] == 1.000000 | 1.000000 | 0.000000 
I/AudioFlinger_Threads(  280): [GJ_DEBUG] streamType = 0, device = 0x0001, track = 4096 param = 3002 == [READY] == 1.000000 | 1.000000 | 0.000000 
I/AudioFlinger_Threads(  280): [GJ_DEBUG] streamType = 0, device = 0x0001, track = 4096 param = 3002 == [READY] == 1.000000 | 1.000000 | 0.000000 
I/AudioFlinger_Threads(  280): [GJ_DEBUG] streamType = 0, device = 0x0001, track = 4096 param = 3002 == [READY] == 1.000000 | 1.000000 | 0.000000 
I/AudioFlinger_Threads(  280): [GJ_DEBUG] streamType = 0, device = 0x0001, track = 4096 param = 3002 == [READY] == 1.000000 | 1.000000 | 0.000000 
I/AudioFlinger_Threads(  280): [GJ_DEBUG] streamType = 0, device = 0x0001, track = 4096 param = 3002 == [READY] == 1.000000 | 1.000000 | 0.000000 
I/AudioFlinger_Threads(  280): [GJ_DEBUG] streamType = 0, device = 0x0001, track = 4096 param = 3002 == [READY] == 1.000000 | 1.000000 | 0.000000 
I/AudioFlinger_Threads(  280): [GJ_DEBUG] streamType = 0, device = 0x0001, track = 4096 param = 3002 == [READY] == 1.000000 | 1.000000 | 0.000000 
I/AudioFlinger_Threads(  280): [GJ_DEBUG] streamType = 0, device = 0x0001, track = 4096 param = 3002 == [READY] == 1.000000 | 1.000000 | 0.000000 
I/AudioFlinger_Threads(  280): [GJ_DEBUG] streamType = 0, device = 0x0001, track = 4096 param = 3002 == [READY] == 1.000000 | 1.000000 | 0.000000 
I/AudioFlinger_Threads(  280): [GJ_DEBUG] streamType = 0, device = 0x0001, track = 4096 param = 3002 == [READY] == 1.000000 | 1.000000 | 0.000000 
I/AudioFlinger_Threads(  280): [GJ_DEBUG] streamType = 0, device = 0x0001, track = 4096 param = 3002 == [READY] == 1.000000 | 1.000000 | 0.000000 
I/AudioFlinger_Threads(  280): [GJ_DEBUG] streamType = 0, device = 0x0001, track = 4096 param = 3002 == [READY] == 1.000000 | 1.000000 | 0.000000 
I/AudioFlinger_Threads(  280): [GJ_DEBUG] streamType = 0, device = 0x0001, track = 4096 param = 3002 == [READY] == 1.000000 | 1.000000 | 0.000000 
I/libPerfService(  717): perfSetFavorPid - pid:1022, 3fe
I/AudioFlinger_Threads(  280): [GJ_DEBUG] streamType = 0, device = 0x0001, track = 4096 param = 3002 == [READY] == 1.000000 | 1.000000 | 0.000000 
I/libPerfService(  717): perfSetFavorPid - pid:1022, 3fe
W/ActivityManager(  717): getTasks: caller 10010 does not hold GET_TASKS; limiting output
I/AudioFlinger_Threads(  280): [GJ_DEBUG] streamType = 0, device = 0x0001, track = 4096 param = 3002 == [READY] == 1.000000 | 1.000000 | 0.000000 
W/ActivityManager(  717): getTasks: caller 10010 does not hold GET_TASKS; limiting output
I/AudioFlinger_Threads(  280): [GJ_DEBUG] streamType = 0, device = 0x0001, track = 4096 param = 3002 == [READY] == 1.000000 | 1.000000 | 0.000000 
I/AudioFlinger_Threads(  280): [GJ_DEBUG] streamType = 0, device = 0x0001, track = 4096 param = 3002 == [READY] == 1.000000 | 1.000000 | 0.000000 
I/AudioFlinger_Threads(  280): [GJ_DEBUG] streamType = 0, device = 0x0001, track = 4096 param = 3002 == [READY] == 1.000000 | 1.000000 | 0.000000 
I/AudioFlinger_Threads(  280): [GJ_DEBUG] streamType = 0, device = 0x0001, track = 4096 param = 3002 == [READY] == 1.000000 | 1.000000 | 0.000000 
I/AudioFlinger_Threads(  280): [GJ_DEBUG] streamType = 0, device = 0x0001, track = 4096 param = 3002 == [READY] == 1.000000 | 1.000000 | 0.000000 
I/AudioFlinger_Threads(  280): [GJ_DEBUG] streamType = 0, device = 0x0001, track = 4096 param = 3002 == [READY] == 1.000000 | 1.000000 | 0.000000 
I/AudioFlinger_Threads(  280): [GJ_DEBUG] streamType = 0, device = 0x0001, track = 4096 param = 3002 == [READY] == 1.000000 | 1.000000 | 0.000000 
I/AudioFlinger_Threads(  280): [GJ_DEBUG] streamType = 0, device = 0x0001, track = 4096 param = 3002 == [READY] == 1.000000 | 1.000000 | 0.000000 
I/AudioFlinger_Threads(  280): [GJ_DEBUG] streamType = 0, device = 0x0001, track = 4096 param = 3002 == [READY] == 1.000000 | 1.000000 | 0.000000 
I/AudioFlinger_Threads(  280): [GJ_DEBUG] streamType = 0, device = 0x0001, track = 4096 param = 3002 == [READY] == 1.000000 | 1.000000 | 0.000000 
I/AudioFlinger_Threads(  280): [GJ_DEBUG] streamType = 0, device = 0x0001, track = 4096 param = 3002 == [READY] == 1.000000 | 1.000000 | 0.000000 
I/AudioFlinger_Threads(  280): [GJ_DEBUG] streamType = 0, device = 0x0001, track = 4096 param = 3002 == [READY] == 1.000000 | 1.000000 | 0.000000 
I/AudioFlinger_Threads(  280): [GJ_DEBUG] streamType = 0, device = 0x0001, track = 4096 param = 3002 == [READY] == 1.000000 | 1.000000 | 0.000000 
I/AudioFlinger_Threads(  280): [GJ_DEBUG] streamType = 0, device = 0x0001, track = 4096 param = 3002 == [READY] == 1.000000 | 1.000000 | 0.000000 
I/AudioFlinger_Threads(  280): [GJ_DEBUG] streamType = 0, device = 0x0001, track = 4096 param = 3002 == [READY] == 1.000000 | 1.000000 | 0.000000 
I/AudioFlinger_Threads(  280): [GJ_DEBUG] streamType = 0, device = 0x0001, track = 4096 param = 3002 == [READY] == 1.000000 | 1.000000 | 0.000000 
I/libPerfService(  717): perfDumpAll
I/libPerfService(  717): perfDumpAll - type:5, core:2, big:0, little:2, freq:1690000, freq_big:0, freq_little:1690000, gpu:-1
I/libPerfService(  717): perfDumpAll - type:6, core:0, big:0, little:0, freq:0, freq_big:1144000, freq_little:0, gpu:-1
I/libPerfService(  717): perfDumpAll - type:10, core:8, big:4, little:4, freq:0, freq_big:2002000, freq_little:1690000, gpu:0
I/libPerfService(  717):             - pid:717, tid:717, comm:system_server
I/libPerfService(  717): perfDumpAll - type:13, core:8, big:4, little:4, freq:0, freq_big:2002000, freq_little:1690000, gpu:0
I/libPerfService(  717):             - pid:717, tid:1333, comm:system_server
I/AudioFlinger_Threads(  280): [GJ_DEBUG] streamType = 0, device = 0x0001, track = 4096 param = 3002 == [READY] == 1.000000 | 1.000000 | 0.000000 
I/AudioFlinger_Threads(  280): [GJ_DEBUG] streamType = 0, device = 0x0001, track = 4096 param = 3002 == [READY] == 1.000000 | 1.000000 | 0.000000 
I/AudioFlinger_Threads(  280): [GJ_DEBUG] streamType = 0, device = 0x0001, track = 4096 param = 3002 == [READY] == 1.000000 | 1.000000 | 0.000000 
I/AudioFlinger_Threads(  280): [GJ_DEBUG] streamType = 0, device = 0x0001, track = 4096 param = 3002 == [READY] == 1.000000 | 1.000000 | 0.000000 
I/AudioFlinger_Threads(  280): [GJ_DEBUG] streamType = 0, device = 0x0001, track = 4096 param = 3002 == [READY] == 1.000000 | 1.000000 | 0.000000 
I/AudioFlinger_Threads(  280): [GJ_DEBUG] streamType = 0, device = 0x0001, track = 4096 param = 3002 == [READY] == 1.000000 | 1.000000 | 0.000000 
I/AudioFlinger_Threads(  280): [GJ_DEBUG] streamType = 0, device = 0x0001, track = 4096 param = 3002 == [READY] == 1.000000 | 1.000000 | 0.000000 
E/NotificationService(  717): Suppressing notification from package com.tencent.mobileqq by user request.
I/AudioFlinger_Threads(  280): [GJ_DEBUG] streamType = 0, device = 0x0001, track = 4096 param = 3002 == [READY] == 1.000000 | 1.000000 | 0.000000 
I/AudioFlinger_Threads(  280): [GJ_DEBUG] streamType = 0, device = 0x0001, track = 4096 param = 3002 == [READY] == 1.000000 | 1.000000 | 0.000000 
I/AudioFlinger_Threads(  280): [GJ_DEBUG] streamType = 0, device = 0x0001, track = 4096 param = 3002 == [READY] == 1.000000 | 1.000000 | 0.000000 
I/AudioFlinger_Threads(  280): [GJ_DEBUG] streamType = 0, device = 0x0001, track = 4096 param = 3002 == [READY] == 1.000000 | 1.000000 | 0.000000 
W/recents.Component(  933): create a new LoadPlan to load thumbnail -- background
W/ResourceType(  933): No package identifier when getting value for resource number 0x00000000
W/PackageManager(  933): Failure retrieving resources for com.meizu.safe: Resource ID #0x0
I/AudioFlinger_Threads(  280): [GJ_DEBUG] streamType = 0, device = 0x0001, track = 4096 param = 3002 == [READY] == 1.000000 | 1.000000 | 0.000000 
I/recents.TaskLoadPlan(  933): 		 load thumbnail from system
W/ResourceType(  933): No package identifier when getting value for resource number 0x00000000
W/PackageManager(  933): Failure retrieving resources for com.android.settings: Resource ID #0x0
I/PerfService(  717): PerfServiceNative_boostEnableTimeoutAsync:5, 2
I/AudioFlinger_Threads(  280): [GJ_DEBUG] streamType = 0, device = 0x0001, track = 4096 param = 3002 == [READY] == 1.000000 | 1.000000 | 0.000000 
I/recents.TaskLoadPlan(  933): 		 load thumbnail from system
W/recents.Performance(  933): preload while task Change spend : 42
I/AudioFlinger_Threads(  280): [GJ_DEBUG] streamType = 0, device = 0x0001, track = 4096 param = 3002 == [READY] == 1.000000 | 1.000000 | 0.000000 
I/libPerfService(  717): 13: set: 4, 4
I/libPerfService(  717): 13: set freq: 1690000, 2002000
I/libPerfService(  717): 13: set gpu level: 0
I/AudioFlinger_Threads(  280): [GJ_DEBUG] streamType = 0, device = 0x0001, track = 4096 param = 3002 == [READY] == 1.000000 | 1.000000 | 0.000000 
I/AutoMonitor( 1022): ConversationTabSwitch, cost=34
I/libPerfService(  717): perfDumpAll
I/libPerfService(  717): perfDumpAll - type:5, core:2, big:0, little:2, freq:1690000, freq_big:0, freq_little:1690000, gpu:-1
I/libPerfService(  717): perfDumpAll - type:6, core:0, big:0, little:0, freq:0, freq_big:1144000, freq_little:0, gpu:-1
I/libPerfService(  717): perfDumpAll - type:10, core:8, big:4, little:4, freq:0, freq_big:2002000, freq_little:1690000, gpu:0
I/libPerfService(  717):             - pid:717, tid:717, comm:system_server
I/AudioFlinger_Threads(  280): [GJ_DEBUG] streamType = 0, device = 0x0001, track = 4096 param = 3002 == [READY] == 1.000000 | 1.000000 | 0.000000 
I/SurfaceFlinger(  263): [Built-in Screen (type:0)] fps:24.086803,dur:1162.46,max:383.49,min:14.89
I/AudioFlinger_Threads(  280): [GJ_DEBUG] streamType = 0, device = 0x0001, track = 4096 param = 3002 == [READY] == 1.000000 | 1.000000 | 0.000000 
I/AudioFlinger_Threads(  280): [GJ_DEBUG] streamType = 0, device = 0x0001, track = 4096 param = 3002 == [READY] == 1.000000 | 1.000000 | 0.000000 
I/AudioFlinger_Threads(  280): [GJ_DEBUG] streamType = 0, device = 0x0001, track = 4096 param = 3002 == [READY] == 1.000000 | 1.000000 | 0.000000 
I/AudioFlinger_Threads(  280): [GJ_DEBUG] streamType = 0, device = 0x0001, track = 4096 param = 3002 == [READY] == 1.000000 | 1.000000 | 0.000000 
I/AudioFlinger_Threads(  280): [GJ_DEBUG] streamType = 0, device = 0x0001, track = 4096 param = 3002 == [READY] == 1.000000 | 1.000000 | 0.000000 
I/AudioFlinger_Threads(  280): [GJ_DEBUG] streamType = 0, device = 0x0001, track = 4096 param = 3002 == [READY] == 1.000000 | 1.000000 | 0.000000 
I/AudioFlinger_Threads(  280): [GJ_DEBUG] streamType = 0, device = 0x0001, track = 4096 param = 3002 == [READY] == 1.000000 | 1.000000 | 0.000000 
I/AudioFlinger_Threads(  280): [GJ_DEBUG] streamType = 0, device = 0x0001, track = 4096 param = 3002 == [READY] == 1.000000 | 1.000000 | 0.000000 
I/AudioFlinger_Threads(  280): [GJ_DEBUG] streamType = 0, device = 0x0001, track = 4096 param = 3002 == [READY] == 1.000000 | 1.000000 | 0.000000 
I/AudioFlinger_Threads(  280): [GJ_DEBUG] streamType = 0, device = 0x0001, track = 4096 param = 3002 == [READY] == 1.000000 | 1.000000 | 0.000000 
I/AudioFlinger_Threads(  280): [GJ_DEBUG] streamType = 0, device = 0x0001, track = 4096 param = 3002 == [READY] == 1.000000 | 1.000000 | 0.000000 
I/AudioFlinger_Threads(  280): [GJ_DEBUG] streamType = 0, device = 0x0001, track = 4096 param = 3002 == [READY] == 1.000000 | 1.000000 | 0.000000 
I/AudioFlinger_Threads(  280): [GJ_DEBUG] streamType = 0, device = 0x0001, track = 4096 param = 3002 == [READY] == 1.000000 | 1.000000 | 0.000000 
I/AudioFlinger_Threads(  280): [GJ_DEBUG] streamType = 0, device = 0x0001, track = 4096 param = 3002 == [READY] == 1.000000 | 1.000000 | 0.000000 
I/AudioFlinger_Threads(  280): [GJ_DEBUG] streamType = 0, device = 0x0001, track = 4096 param = 3002 == [READY] == 1.000000 | 1.000000 | 0.000000 
I/AudioFlinger_Threads(  280): [GJ_DEBUG] streamType = 0, device = 0x0001, track = 4096 param = 3002 == [READY] == 1.000000 | 1.000000 | 0.000000 
I/AudioFlinger_Threads(  280): [GJ_DEBUG] streamType = 0, device = 0x0001, track = 4096 param = 3002 == [READY] == 1.000000 | 1.000000 | 0.000000 
I/AudioFlinger_Threads(  280): [GJ_DEBUG] streamType = 0, device = 0x0001, track = 4096 param = 3002 == [READY] == 1.000000 | 1.000000 | 0.000000 
I/AudioFlinger_Threads(  280): [GJ_DEBUG] streamType = 0, device = 0x0001, track = 4096 param = 3002 == [READY] == 1.000000 | 1.000000 | 0.000000 
I/AudioFlinger_Threads(  280): [GJ_DEBUG] streamType = 0, device = 0x0001, track = 4096 param = 3002 == [READY] == 1.000000 | 1.000000 | 0.000000 
I/AudioFlinger_Threads(  280): [GJ_DEBUG] streamType = 0, device = 0x0001, track = 4096 param = 3002 == [READY] == 1.000000 | 1.000000 | 0.000000 
I/AudioFlinger_Threads(  280): [GJ_DEBUG] streamType = 0, device = 0x0001, track = 4096 param = 3002 == [READY] == 1.000000 | 1.000000 | 0.000000 
I/AudioFlinger_Threads(  280): [GJ_DEBUG] streamType = 0, device = 0x0001, track = 4096 param = 3002 == [READY] == 1.000000 | 1.000000 | 0.000000 
I/AudioFlinger_Threads(  280): [GJ_DEBUG] streamType = 0, device = 0x0001, track = 4096 param = 3002 == [READY] == 1.000000 | 1.000000 | 0.000000 
I/AudioFlinger_Threads(  280): [GJ_DEBUG] streamType = 0, device = 0x0001, track = 4096 param = 3002 == [READY] == 1.000000 | 1.000000 | 0.000000 
I/AudioFlinger_Threads(  280): [GJ_DEBUG] streamType = 0, device = 0x0001, track = 4096 param = 3002 == [READY] == 1.000000 | 1.000000 | 0.000000 
I/AudioFlinger_Threads(  280): [GJ_DEBUG] streamType = 0, device = 0x0001, track = 4096 param = 3002 == [READY] == 1.000000 | 1.000000 | 0.000000 
E/DAVEngineImpl(15360): fSendMsgToUI. dwMsgID = 1035, dwParam1 = -1740542976, dwParam2 = -1, peeruin = 800
I/AudioFlinger_Threads(  280): [GJ_DEBUG] streamType = 0, device = 0x0001, track = 4096 param = 3002 == [READY] == 1.000000 | 1.000000 | 0.000000 
I/AudioFlinger_Threads(  280): [GJ_DEBUG] streamType = 0, device = 0x0001, track = 4096 param = 3002 == [READY] == 1.000000 | 1.000000 | 0.000000 
I/AudioFlinger_Threads(  280): [GJ_DEBUG] streamType = 0, device = 0x0001, track = 4096 param = 3002 == [READY] == 1.000000 | 1.000000 | 0.000000 
I/AudioFlinger_Threads(  280): [GJ_DEBUG] streamType = 0, device = 0x0001, track = 4096 param = 3002 == [READY] == 1.000000 | 1.000000 | 0.000000 
I/libPerfService(  717): perfDumpAll
I/libPerfService(  717): perfDumpAll - type:5, core:2, big:0, little:2, freq:1690000, freq_big:0, freq_little:1690000, gpu:-1
I/libPerfService(  717): perfDumpAll - type:6, core:0, big:0, little:0, freq:0, freq_big:1144000, freq_little:0, gpu:-1
I/libPerfService(  717): perfDumpAll - type:10, core:8, big:4, little:4, freq:0, freq_big:2002000, freq_little:1690000, gpu:0
I/libPerfService(  717):             - pid:717, tid:717, comm:system_server
I/AudioFlinger_Threads(  280): [GJ_DEBUG] streamType = 0, device = 0x0001, track = 4096 param = 3002 == [READY] == 1.000000 | 1.000000 | 0.000000 
I/AudioFlinger_Threads(  280): [GJ_DEBUG] streamType = 0, device = 0x0001, track = 4096 param = 3002 == [READY] == 1.000000 | 1.000000 | 0.000000 
I/AudioFlinger_Threads(  280): [GJ_DEBUG] streamType = 0, device = 0x0001, track = 4096 param = 3002 == [READY] == 1.000000 | 1.000000 | 0.000000 
I/AudioFlinger_Threads(  280): [GJ_DEBUG] streamType = 0, device = 0x0001, track = 4096 param = 3002 == [READY] == 1.000000 | 1.000000 | 0.000000 
I/AudioFlinger_Threads(  280): [GJ_DEBUG] streamType = 0, device = 0x0001, track = 4096 param = 3002 == [READY] == 1.000000 | 1.000000 | 0.000000 
W/ActivityManager(  717): getTasks: caller 10010 does not hold GET_TASKS; limiting output
W/SettingsInterface( 1059): Setting airplane_mode_on has moved from android.provider.Settings.System to android.provider.Settings.Global, returning read-only value.
W/beacon  ( 1059): onUserAction return false, because eventName:[actQZLoadHitRateLeba] is not allowed in server strategy!
W/ActivityManager(  717): getTasks: caller 10010 does not hold GET_TASKS; limiting output
W/SettingsInterface( 1059): Setting airplane_mode_on has moved from android.provider.Settings.System to android.provider.Settings.Global, returning read-only value.
W/beacon  ( 1059): onUserAction return false, because eventName:[actQZUnreadDataReport] is not allowed in server strategy!
W/ActivityManager(  717): getTasks: caller 10010 does not hold GET_TASKS; limiting output
W/SettingsInterface( 1059): Setting airplane_mode_on has moved from android.provider.Settings.System to android.provider.Settings.Global, returning read-only value.
W/beacon  ( 1059): onUserAction return false, because eventName:[actQzoneUnread] is not allowed in server strategy!
I/AudioFlinger_Threads(  280): [GJ_DEBUG] streamType = 0, device = 0x0001, track = 4096 param = 3002 == [READY] == 1.000000 | 1.000000 | 0.000000 
W/ActivityManager(  717): getTasks: caller 10010 does not hold GET_TASKS; limiting output
W/SettingsInterface( 1059): Setting airplane_mode_on has moved from android.provider.Settings.System to android.provider.Settings.Global, returning read-only value.
W/beacon  ( 1059): onUserAction return false, because eventName:[qzone_leba] is not allowed in server strategy!
W/ActivityManager(  717): getTasks: caller 10010 does not hold GET_TASKS; limiting output
W/SettingsInterface( 1059): Setting airplane_mode_on has moved from android.provider.Settings.System to android.provider.Settings.Global, returning read-only value.
W/beacon  ( 1059): onUserAction return false, because eventName:[nearby_leba] is not allowed in server strategy!
W/ActivityManager(  717): getTasks: caller 10010 does not hold GET_TASKS; limiting output
W/SettingsInterface( 1059): Setting airplane_mode_on has moved from android.provider.Settings.System to android.provider.Settings.Global, returning read-only value.
W/beacon  ( 1059): onUserAction return false, because eventName:[actSwitchConversation] is not allowed in server strategy!
I/AudioFlinger_Threads(  280): [GJ_DEBUG] streamType = 0, device = 0x0001, track = 4096 param = 3002 == [READY] == 1.000000 | 1.000000 | 0.000000 
E/NotificationService(  717): Suppressing notification from package com.tencent.mobileqq by user request.
I/AudioFlinger_Threads(  280): [GJ_DEBUG] streamType = 0, device = 0x0001, track = 4096 param = 3002 == [READY] == 1.000000 | 1.000000 | 0.000000 
I/AudioFlinger_Threads(  280): [GJ_DEBUG] streamType = 0, device = 0x0001, track = 4096 param = 3002 == [READY] == 1.000000 | 1.000000 | 0.000000 
I/AudioFlinger_Threads(  280): [GJ_DEBUG] streamType = 0, device = 0x0001, track = 4096 param = 3002 == [READY] == 1.000000 | 1.000000 | 0.000000 
I/libPerfService(  717): 10: set: 2, 0
I/libPerfService(  717): 10: set freq: 1690000, 1144000
I/libPerfService(  717): 10: set gpu level: 0
I/AudioFlinger_Threads(  280): [GJ_DEBUG] streamType = 0, device = 0x0001, track = 4096 param = 3002 == [READY] == 1.000000 | 1.000000 | 0.000000 
I/AudioFlinger_Threads(  280): [GJ_DEBUG] streamType = 0, device = 0x0001, track = 4096 param = 3002 == [READY] == 1.000000 | 1.000000 | 0.000000 
I/AudioFlinger_Threads(  280): [GJ_DEBUG] streamType = 0, device = 0x0001, track = 4096 param = 3002 == [READY] == 1.000000 | 1.000000 | 0.000000 
I/AudioFlinger_Threads(  280): [GJ_DEBUG] streamType = 0, device = 0x0001, track = 4096 param = 3002 == [READY] == 1.000000 | 1.000000 | 0.000000 
I/AudioFlinger_Threads(  280): [GJ_DEBUG] streamType = 0, device = 0x0001, track = 4096 param = 3002 == [READY] == 1.000000 | 1.000000 | 0.000000 
I/AudioFlinger_Threads(  280): [GJ_DEBUG] streamType = 0, device = 0x0001, track = 4096 param = 3002 == [READY] == 1.000000 | 1.000000 | 0.000000 
I/AudioFlinger_Threads(  280): [GJ_DEBUG] streamType = 0, device = 0x0001, track = 4096 param = 3002 == [READY] == 1.000000 | 1.000000 | 0.000000 
I/AudioFlinger_Threads(  280): [GJ_DEBUG] streamType = 0, device = 0x0001, track = 4096 param = 3002 == [READY] == 1.000000 | 1.000000 | 0.000000 
I/AudioFlinger_Threads(  280): [GJ_DEBUG] streamType = 0, device = 0x0001, track = 4096 param = 3002 == [READY] == 1.000000 | 1.000000 | 0.000000 
I/AudioFlinger_Threads(  280): [GJ_DEBUG] streamType = 0, device = 0x0001, track = 4096 param = 3002 == [READY] == 1.000000 | 1.000000 | 0.000000 
I/AudioFlinger_Threads(  280): [GJ_DEBUG] streamType = 0, device = 0x0001, track = 4096 param = 3002 == [READY] == 1.000000 | 1.000000 | 0.000000 
I/AudioFlinger_Threads(  280): [GJ_DEBUG] streamType = 0, device = 0x0001, track = 4096 param = 3002 == [READY] == 1.000000 | 1.000000 | 0.000000 
I/AudioFlinger_Threads(  280): [GJ_DEBUG] streamType = 0, device = 0x0001, track = 4096 param = 3002 == [READY] == 1.000000 | 1.000000 | 0.000000 
I/AudioFlinger_Threads(  280): [GJ_DEBUG] streamType = 0, device = 0x0001, track = 4096 param = 3002 == [READY] == 1.000000 | 1.000000 | 0.000000 
I/AudioFlinger_Threads(  280): [GJ_DEBUG] streamType = 0, device = 0x0001, track = 4096 param = 3002 == [READY] == 1.000000 | 1.000000 | 0.000000 
I/AudioFlinger_Threads(  280): [GJ_DEBUG] streamType = 0, device = 0x0001, track = 4096 param = 3002 == [READY] == 1.000000 | 1.000000 | 0.000000 
I/AudioFlinger_Threads(  280): [GJ_DEBUG] streamType = 0, device = 0x0001, track = 4096 param = 3002 == [READY] == 1.000000 | 1.000000 | 0.000000 
I/libPerfService(  717): perfDumpAll
I/libPerfService(  717): perfDumpAll - type:5, core:2, big:0, little:2, freq:1690000, freq_big:0, freq_little:1690000, gpu:-1
I/libPerfService(  717): perfDumpAll - type:6, core:0, big:0, little:0, freq:0, freq_big:1144000, freq_little:0, gpu:-1
I/SurfaceFlinger(  263): [Built-in Screen (type:0)] fps:4.812258,dur:1246.82,max:572.41,min:16.68
I/AudioFlinger_Threads(  280): [GJ_DEBUG] streamType = 0, device = 0x0001, track = 4096 param = 3002 == [READY] == 1.000000 | 1.000000 | 0.000000 
I/AudioFlinger_Threads(  280): [GJ_DEBUG] streamType = 0, device = 0x0001, track = 4096 param = 3002 == [READY] == 1.000000 | 1.000000 | 0.000000 
I/AudioFlinger_Threads(  280): [GJ_DEBUG] streamType = 0, device = 0x0001, track = 4096 param = 3002 == [READY] == 1.000000 | 1.000000 | 0.000000 
I/AudioFlinger_Threads(  280): [GJ_DEBUG] streamType = 0, device = 0x0001, track = 4096 param = 3002 == [READY] == 1.000000 | 1.000000 | 0.000000 
I/AudioFlinger_Threads(  280): [GJ_DEBUG] streamType = 0, device = 0x0001, track = 4096 param = 3002 == [READY] == 1.000000 | 1.000000 | 0.000000 
I/AudioFlinger_Threads(  280): [GJ_DEBUG] streamType = 0, device = 0x0001, track = 4096 param = 3002 == [READY] == 1.000000 | 1.000000 | 0.000000 
I/AudioFlinger_Threads(  280): [GJ_DEBUG] streamType = 0, device = 0x0001, track = 4096 param = 3002 == [READY] == 1.000000 | 1.000000 | 0.000000 
I/AudioFlinger_Threads(  280): [GJ_DEBUG] streamType = 0, device = 0x0001, track = 4096 param = 3002 == [READY] == 1.000000 | 1.000000 | 0.000000 
I/AudioFlinger_Threads(  280): [GJ_DEBUG] streamType = 0, device = 0x0001, track = 4096 param = 3002 == [READY] == 1.000000 | 1.000000 | 0.000000 
I/AudioFlinger_Threads(  280): [GJ_DEBUG] streamType = 0, device = 0x0001, track = 4096 param = 3002 == [READY] == 1.000000 | 1.000000 | 0.000000 
I/PerfService(  717): PerfServiceNative_boostEnableTimeoutAsync:5, 2
I/AudioFlinger_Threads(  280): [GJ_DEBUG] streamType = 0, device = 0x0001, track = 4096 param = 3002 == [READY] == 1.000000 | 1.000000 | 0.000000 
I/ActivityManager(  717): START u0 {flg=0x10040000 cmp=com.tencent.mobileqq/com.tencent.av.ui.AVActivity (has extras)} from uid 10010 on display 0 from pid 1022
I/libPerfService(  717): 13: set freq: 1690000, 2002000
I/libPerfService(  717): 13: set: 4, 4
I/WindowManager(  717): Losing focus: Window{718baf5 u0 com.tencent.mobileqq/com.tencent.mobileqq.activity.SplashActivity}
I/AudioFlinger_Threads(  280): [GJ_DEBUG] streamType = 0, device = 0x0001, track = 4096 param = 3002 == [READY] == 1.000000 | 1.000000 | 0.000000 
I/libPerfService(  717): perfSetFavorPid - pid:15360, 3c00
E/SIGNATURES(15360): hashCode : 279073319
I/GLSurfaceView(15360): setRenderer(), this = com.tencent.av.opengl.ui.GLRootView{1797bd72 V.E..... ......I. 0,0-0,0 #7f090b8e app:id/name}
I/AudioFlinger_Threads(  280): [GJ_DEBUG] streamType = 0, device = 0x0001, track = 4096 param = 3002 == [READY] == 1.000000 | 1.000000 | 0.000000 
E/GLConsumer(15360): hongxu transact start
E/GLConsumer(15360): hongxu transact end
E/GLConsumer(15360): hongxu transact start
E/PROXIMITY(  717): PS batch: handle:19, en:0, maxBatchReportLatencyNs:0 
I/AudioFlinger_Threads(  280): [GJ_DEBUG] streamType = 0, device = 0x0001, track = 4096 param = 3002 == [READY] == 1.000000 | 1.000000 | 0.000000 
I/AudioFlinger_Threads(  280): [GJ_DEBUG] streamType = 0, device = 0x0001, track = 4096 param = 3002 == [READY] == 1.000000 | 1.000000 | 0.000000 
I/AudioFlinger_Threads(  280): [GJ_DEBUG] streamType = 0, device = 0x0001, track = 4096 param = 3002 == [READY] == 1.000000 | 1.000000 | 0.000000 
E/GLConsumer(15360): hongxu transact end
I/AudioFlinger_Threads(  280): [GJ_DEBUG] streamType = 0, device = 0x0001, track = 4096 param = 3002 == [READY] == 1.000000 | 1.000000 | 0.000000 
I/libPerfService(  717): perfSetFavorPid - pid:15360, 3c00
I/libPerfService(  717): perfSetFavorPid - pid:15360, 3c00
I/libPerfService(  717): perfSetFavorPid - pid:15360, 3c00
I/AudioFlinger_Threads(  280): [GJ_DEBUG] streamType = 0, device = 0x0001, track = 4096 param = 3002 == [READY] == 1.000000 | 1.000000 | 0.000000 
I/libPerfService(  717): perfSetFavorPid - pid:15360, 3c00
I/libPerfService(  717): perfSetFavorPid - pid:15360, 3c00
I/libPerfService(  717): perfSetFavorPid - pid:15360, 3c00
I/libPerfService(  717): perfSetFavorPid - pid:15360, 3c00
I/libPerfService(  717): perfSetFavorPid - pid:15360, 3c00
I/AudioFlinger_Threads(  280): [GJ_DEBUG] streamType = 0, device = 0x0001, track = 4096 param = 3002 == [READY] == 1.000000 | 1.000000 | 0.000000 
I/libPerfService(  717): perfDumpAll
I/libPerfService(  717): perfDumpAll - type:5, core:2, big:0, little:2, freq:1690000, freq_big:0, freq_little:1690000, gpu:-1
I/libPerfService(  717): perfDumpAll - type:6, core:0, big:0, little:0, freq:0, freq_big:1144000, freq_little:0, gpu:-1
I/libPerfService(  717): perfDumpAll - type:13, core:8, big:4, little:4, freq:0, freq_big:2002000, freq_little:1690000, gpu:0
I/libPerfService(  717):             - pid:717, tid:1333, comm:system_server
I/AudioFlinger_Threads(  280): [GJ_DEBUG] streamType = 0, device = 0x0001, track = 4096 param = 3002 == [READY] == 1.000000 | 1.000000 | 0.000000 
I/libPerfService(  717): perfSetFavorPid - pid:15360, 3c00
I/libPerfService(  717): perfSetFavorPid - pid:15360, 3c00
I/libPerfService(  717): perfSetFavorPid - pid:15360, 3c00
E/GLConsumer(15360): hongxu transact start
E/GLConsumer(15360): hongxu transact end
E/GLConsumer(15360): hongxu transact start
E/GLConsumer(15360): hongxu transact end
I/AudioFlinger_Threads(  280): [GJ_DEBUG] streamType = 0, device = 0x0001, track = 4096 param = 3002 == [READY] == 1.000000 | 1.000000 | 0.000000 
I/libPerfService(  717): perfDumpAll
I/libPerfService(  717): perfDumpAll - type:5, core:2, big:0, little:2, freq:1690000, freq_big:0, freq_little:1690000, gpu:-1
I/libPerfService(  717): perfDumpAll - type:6, core:0, big:0, little:0, freq:0, freq_big:1144000, freq_little:0, gpu:-1
I/libPerfService(  717): perfDumpAll - type:13, core:8, big:4, little:4, freq:0, freq_big:2002000, freq_little:1690000, gpu:0
I/libPerfService(  717):             - pid:717, tid:1333, comm:system_server
I/libPerfService(  717): perfSetFavorPid - pid:15360, 3c00
I/libPerfService(  717): perfSetFavorPid - pid:15360, 3c00
E/GLConsumer(15360): hongxu transact start
I/Sensors (  717): HAL:resetDataRates mEnabled=4
E/GLConsumer(15360): hongxu transact end
I/AudioFlinger_Threads(  280): [GJ_DEBUG] streamType = 0, device = 0x0001, track = 4096 param = 3002 == [READY] == 1.000000 | 1.000000 | 0.000000 
E/GLConsumer(15360): hongxu transact start
I/Sensors (  717): HAL:resetDataRates mEnabled=4
E/GLConsumer(15360): hongxu transact end
I/libPerfService(  717): perfSetFavorPid - pid:15360, 3c00
I/SurfaceView(15360): updateWindow -- onWindowVisibilityChanged, visibility = 0, this = com.tencent.av.opengl.ui.GLRootView{1797bd72 V.E..... ......I. 0,0-0,0 #7f090b8e app:id/name}
I/AudioFlinger_Threads(  280): [GJ_DEBUG] streamType = 0, device = 0x0001, track = 4096 param = 3002 == [READY] == 1.000000 | 1.000000 | 0.000000 
I/PowerManagerService(  717): acquireWakeLockInternal: lock=459559214, packageName=android, activeSince=163560194ms, wakeLock={SCREEN_BRIGHT_WAKE_LOCK        'WindowManager' ON_AFTER_RELEASE (uid=1000, pid=717, ws=WorkSource{10010})}, sleepTimeout=-1ms, screenOffTimeout=600000ms,screenDimDuration=7000ms
I/AudioFlinger_Threads(  280): [GJ_DEBUG] streamType = 0, device = 0x0001, track = 4096 param = 3002 == [READY] == 1.000000 | 1.000000 | 0.000000 
I/WindowManager(  717): Gaining focus: Window{28941fc7 u0 com.tencent.mobileqq/com.tencent.av.ui.AVActivity}
I/SurfaceView(15360): updateWindow -- setFrame, this = com.tencent.av.opengl.ui.GLRootView{1797bd72 V.E..... ......ID 0,0-1152,1920 #7f090b8e app:id/name}
I/EglHelper(15360): eglInitialize = 7901, this = com.tencent.av.opengl.ui.GLRootView{1797bd72 V.E..... ......ID 0,0-1152,1920 #7f090b8e app:id/name}
I/EglHelper(15360): chooseConfig = 7901, this = com.tencent.av.opengl.ui.GLRootView{1797bd72 V.E..... ......ID 0,0-1152,1920 #7f090b8e app:id/name}
I/DefaultContextFactory(15360): createContext = 7901, this = com.tencent.av.opengl.ui.GLRootView{1797bd72 V.E..... ......ID 0,0-1152,1920 #7f090b8e app:id/name}
I/AudioFlinger_Threads(  280): [GJ_DEBUG] streamType = 0, device = 0x0001, track = 4096 param = 3002 == [READY] == 1.000000 | 1.000000 | 0.000000 
I/SurfaceView(15360): Punch a hole(dispatchDraw), w = 1152, h = 1920, this = com.tencent.av.opengl.ui.GLRootView{1797bd72 V.E..... ........ 0,0-1152,1920 #7f090b8e app:id/name}
I/GLSurfaceView(15360): setRenderMode = 0, this = com.tencent.av.opengl.ui.GLRootView{1797bd72 V.E..... ........ 0,0-1152,1920 #7f090b8e app:id/name}
I/AudioFlinger_Threads(  280): [GJ_DEBUG] streamType = 0, device = 0x0001, track = 4096 param = 3002 == [READY] == 1.000000 | 1.000000 | 0.000000 
I/libPerfService(  717): perfSetFavorPid - pid:8404490, 803e0a
I/libPerfService(  717): set_rootgroup - tid: 15882
I/libPerfService(  717): perfDumpAll
I/libPerfService(  717): perfDumpAll - type:5, core:2, big:0, little:2, freq:1690000, freq_big:0, freq_little:1690000, gpu:-1
I/libPerfService(  717): perfDumpAll - type:6, core:0, big:0, little:0, freq:0, freq_big:1144000, freq_little:0, gpu:-1
I/libPerfService(  717): perfDumpAll - type:13, core:8, big:4, little:4, freq:0, freq_big:2002000, freq_little:1690000, gpu:0
I/libPerfService(  717):             - pid:717, tid:1333, comm:system_server
I/AudioFlinger_Threads(  280): [GJ_DEBUG] streamType = 0, device = 0x0001, track = 4096 param = 3002 == [READY] == 1.000000 | 1.000000 | 0.000000 
I/ActivityManager(  717): [AppLaunch] Displayed Displayed com.tencent.mobileqq/com.tencent.av.ui.AVActivity: +329ms
I/SurfaceView(15360): updateWindow -- UPDATE_WINDOW_MSG, this = Handler (android.view.SurfaceView$1) {2c9e9257}
I/AudioFlinger_Threads(  280): [GJ_DEBUG] streamType = 0, device = 0x0001, track = 4096 param = 3002 == [READY] == 1.000000 | 1.000000 | 0.000000 
I/SurfaceView(15360): updateWindow -- setFrame, this = com.tencent.av.opengl.ui.GLRootView{1797bd72 V.E..... ......I. 0,0-1152,1920 #7f090b8e app:id/name}
I/SurfaceView(15360): Punch a hole(dispatchDraw), w = 1152, h = 1920, this = com.tencent.av.opengl.ui.GLRootView{1797bd72 V.E..... ........ 0,0-1152,1920 #7f090b8e app:id/name}
I/AudioFlinger_Threads(  280): [GJ_DEBUG] streamType = 0, device = 0x0001, track = 4096 param = 3002 == [READY] == 1.000000 | 1.000000 | 0.000000 
I/SurfaceView(15360): Punch a hole(dispatchDraw), w = 1152, h = 1920, this = com.tencent.av.opengl.ui.GLRootView{1797bd72 V.E..... ........ 0,0-1152,1920 #7f090b8e app:id/name}
I/libPerfService(  717): perfSetFavorPid - pid:15360, 3c00
I/AudioFlinger_Threads(  280): [GJ_DEBUG] streamType = 0, device = 0x0001, track = 4096 param = 3002 == [READY] == 1.000000 | 1.000000 | 0.000000 
I/AudioFlinger_Threads(  280): [GJ_DEBUG] streamType = 0, device = 0x0001, track = 4096 param = 3002 == [READY] == 1.000000 | 1.000000 | 0.000000 
I/AudioFlinger_Threads(  280): [GJ_DEBUG] streamType = 0, device = 0x0001, track = 4096 param = 3002 == [READY] == 1.000000 | 1.000000 | 0.000000 
I/AudioFlinger_Threads(  280): [GJ_DEBUG] streamType = 0, device = 0x0001, track = 4096 param = 3002 == [READY] == 1.000000 | 1.000000 | 0.000000 
I/AudioFlinger_Threads(  280): [GJ_DEBUG] streamType = 0, device = 0x0001, track = 4096 param = 3002 == [READY] == 1.000000 | 1.000000 | 0.000000 
I/AudioFlinger_Threads(  280): [GJ_DEBUG] streamType = 0, device = 0x0001, track = 4096 param = 3002 == [READY] == 1.000000 | 1.000000 | 0.000000 
I/AudioFlinger_Threads(  280): [GJ_DEBUG] streamType = 0, device = 0x0001, track = 4096 param = 3002 == [READY] == 1.000000 | 1.000000 | 0.000000 
I/AudioFlinger_Threads(  280): [GJ_DEBUG] streamType = 0, device = 0x0001, track = 4096 param = 3002 == [READY] == 1.000000 | 1.000000 | 0.000000 
I/AudioFlinger_Threads(  280): [GJ_DEBUG] streamType = 0, device = 0x0001, track = 4096 param = 3002 == [READY] == 1.000000 | 1.000000 | 0.000000 
I/AudioFlinger_Threads(  280): [GJ_DEBUG] streamType = 0, device = 0x0001, track = 4096 param = 3002 == [READY] == 1.000000 | 1.000000 | 0.000000 
I/libPerfService(  717): perfDumpAll
I/libPerfService(  717): perfDumpAll - type:5, core:2, big:0, little:2, freq:1690000, freq_big:0, freq_little:1690000, gpu:-1
I/libPerfService(  717): perfDumpAll - type:6, core:0, big:0, little:0, freq:0, freq_big:1144000, freq_little:0, gpu:-1
I/libPerfService(  717): perfDumpAll - type:13, core:8, big:4, little:4, freq:0, freq_big:2002000, freq_little:1690000, gpu:0
I/libPerfService(  717):             - pid:717, tid:1333, comm:system_server
I/AudioFlinger_Threads(  280): [GJ_DEBUG] streamType = 0, device = 0x0001, track = 4096 param = 3002 == [READY] == 1.000000 | 1.000000 | 0.000000 
I/AudioFlinger_Threads(  280): [GJ_DEBUG] streamType = 0, device = 0x0001, track = 4096 param = 3002 == [READY] == 1.000000 | 1.000000 | 0.000000 
I/AudioFlinger_Threads(  280): [GJ_DEBUG] streamType = 0, device = 0x0001, track = 4096 param = 3002 == [READY] == 1.000000 | 1.000000 | 0.000000 
I/AudioFlinger_Threads(  280): [GJ_DEBUG] streamType = 0, device = 0x0001, track = 4096 param = 3002 == [READY] == 1.000000 | 1.000000 | 0.000000 
I/AudioFlinger_Threads(  280): [GJ_DEBUG] streamType = 0, device = 0x0001, track = 4096 param = 3002 == [READY] == 1.000000 | 1.000000 | 0.000000 
I/AudioFlinger_Threads(  280): [GJ_DEBUG] streamType = 0, device = 0x0001, track = 4096 param = 3002 == [READY] == 1.000000 | 1.000000 | 0.000000 
I/AudioFlinger_Threads(  280): [GJ_DEBUG] streamType = 0, device = 0x0001, track = 4096 param = 3002 == [READY] == 1.000000 | 1.000000 | 0.000000 
I/AudioFlinger_Threads(  280): [GJ_DEBUG] streamType = 0, device = 0x0001, track = 4096 param = 3002 == [READY] == 1.000000 | 1.000000 | 0.000000 
I/libPerfService(  717): perfSetFavorPid - pid:15360, 3c00
I/AudioFlinger_Threads(  280): [GJ_DEBUG] streamType = 0, device = 0x0001, track = 4096 param = 3002 == [READY] == 1.000000 | 1.000000 | 0.000000 
I/libPerfService(  717): perfSetFavorPid - pid:15360, 3c00
I/libPerfService(  717): perfDumpAll
I/libPerfService(  717): perfDumpAll - type:5, core:2, big:0, little:2, freq:1690000, freq_big:0, freq_little:1690000, gpu:-1
I/libPerfService(  717): perfDumpAll - type:6, core:0, big:0, little:0, freq:0, freq_big:1144000, freq_little:0, gpu:-1
I/libPerfService(  717): perfDumpAll - type:13, core:8, big:4, little:4, freq:0, freq_big:2002000, freq_little:1690000, gpu:0
I/libPerfService(  717):             - pid:717, tid:1333, comm:system_server
I/AudioFlinger_Threads(  280): [GJ_DEBUG] streamType = 0, device = 0x0001, track = 4096 param = 3002 == [READY] == 1.000000 | 1.000000 | 0.000000 
I/SurfaceFlinger(  263): [Built-in Screen (type:0)] fps:33.943001,dur:1031.14,max:252.78,min:15.61
I/AudioFlinger_Threads(  280): [GJ_DEBUG] streamType = 0, device = 0x0001, track = 4096 param = 3002 == [READY] == 1.000000 | 1.000000 | 0.000000 
I/AudioFlinger_Threads(  280): [GJ_DEBUG] streamType = 0, device = 0x0001, track = 4096 param = 3002 == [READY] == 1.000000 | 1.000000 | 0.000000 
I/AudioFlinger_Threads(  280): [GJ_DEBUG] streamType = 0, device = 0x0001, track = 4096 param = 3002 == [READY] == 1.000000 | 1.000000 | 0.000000 
I/AudioFlinger_Threads(  280): [GJ_DEBUG] streamType = 0, device = 0x0001, track = 4096 param = 3002 == [READY] == 1.000000 | 1.000000 | 0.000000 
I/AudioFlinger_Threads(  280): [GJ_DEBUG] streamType = 0, device = 0x0001, track = 4096 param = 3002 == [READY] == 1.000000 | 1.000000 | 0.000000 
I/AudioFlinger_Threads(  280): [GJ_DEBUG] streamType = 0, device = 0x0001, track = 4096 param = 3002 == [READY] == 1.000000 | 1.000000 | 0.000000 
I/AudioFlinger_Threads(  280): [GJ_DEBUG] streamType = 0, device = 0x0001, track = 4096 param = 3002 == [READY] == 1.000000 | 1.000000 | 0.000000 
I/AudioFlinger_Threads(  280): [GJ_DEBUG] streamType = 0, device = 0x0001, track = 4096 param = 3002 == [READY] == 1.000000 | 1.000000 | 0.000000 
I/AudioFlinger_Threads(  280): [GJ_DEBUG] streamType = 0, device = 0x0001, track = 4096 param = 3002 == [READY] == 1.000000 | 1.000000 | 0.000000 
I/AudioFlinger_Threads(  280): [GJ_DEBUG] streamType = 0, device = 0x0001, track = 4096 param = 3002 == [READY] == 1.000000 | 1.000000 | 0.000000 
W/recents.Component(  933): create a new LoadPlan to load thumbnail -- background
W/recents.Performance(  933): preload while task Change spend : 6
I/AudioFlinger_Threads(  280): [GJ_DEBUG] streamType = 0, device = 0x0001, track = 4096 param = 3002 == [READY] == 1.000000 | 1.000000 | 0.000000 
I/AudioFlinger_Threads(  280): [GJ_DEBUG] streamType = 0, device = 0x0001, track = 4096 param = 3002 == [READY] == 1.000000 | 1.000000 | 0.000000 
I/AudioFlinger_Threads(  280): [GJ_DEBUG] streamType = 0, device = 0x0001, track = 4096 param = 3002 == [READY] == 1.000000 | 1.000000 | 0.000000 
I/AudioFlinger_Threads(  280): [GJ_DEBUG] streamType = 0, device = 0x0001, track = 4096 param = 3002 == [READY] == 1.000000 | 1.000000 | 0.000000 
I/AudioFlinger_Threads(  280): [GJ_DEBUG] streamType = 0, device = 0x0001, track = 4096 param = 3002 == [READY] == 1.000000 | 1.000000 | 0.000000 
I/AudioFlinger_Threads(  280): [GJ_DEBUG] streamType = 0, device = 0x0001, track = 4096 param = 3002 == [READY] == 1.000000 | 1.000000 | 0.000000 
E/DAVEngineImpl(15360): fSendMsgToUI. dwMsgID = 1035, dwParam1 = -1740542976, dwParam2 = -1, peeruin = 799
I/AudioFlinger_Threads(  280): [GJ_DEBUG] streamType = 0, device = 0x0001, track = 4096 param = 3002 == [READY] == 1.000000 | 1.000000 | 0.000000 
I/libPerfService(  717): perfDumpAll
I/libPerfService(  717): perfDumpAll - type:5, core:2, big:0, little:2, freq:1690000, freq_big:0, freq_little:1690000, gpu:-1
I/libPerfService(  717): perfDumpAll - type:6, core:0, big:0, little:0, freq:0, freq_big:1144000, freq_little:0, gpu:-1
I/libPerfService(  717): perfDumpAll - type:13, core:8, big:4, little:4, freq:0, freq_big:2002000, freq_little:1690000, gpu:0
I/libPerfService(  717):             - pid:717, tid:1333, comm:system_server
I/AudioFlinger_Threads(  280): [GJ_DEBUG] streamType = 0, device = 0x0001, track = 4096 param = 3002 == [READY] == 1.000000 | 1.000000 | 0.000000 
I/AudioFlinger_Threads(  280): [GJ_DEBUG] streamType = 0, device = 0x0001, track = 4096 param = 3002 == [READY] == 1.000000 | 1.000000 | 0.000000 
I/libPerfService(  717): perfDumpAll
I/libPerfService(  717): perfDumpAll - type:5, core:2, big:0, little:2, freq:1690000, freq_big:0, freq_little:1690000, gpu:-1
I/libPerfService(  717): perfDumpAll - type:6, core:0, big:0, little:0, freq:0, freq_big:1144000, freq_little:0, gpu:-1
I/libPerfService(  717): perfDumpAll - type:13, core:8, big:4, little:4, freq:0, freq_big:2002000, freq_little:1690000, gpu:0
I/libPerfService(  717):             - pid:717, tid:1333, comm:system_server
I/AudioFlinger_Threads(  280): [GJ_DEBUG] streamType = 0, device = 0x0001, track = 4096 param = 3002 == [READY] == 1.000000 | 1.000000 | 0.000000 
I/AudioFlinger_Threads(  280): [GJ_DEBUG] streamType = 0, device = 0x0001, track = 4096 param = 3002 == [READY] == 1.000000 | 1.000000 | 0.000000 
I/AudioFlinger_Threads(  280): [GJ_DEBUG] streamType = 0, device = 0x0001, track = 4096 param = 3002 == [READY] == 1.000000 | 1.000000 | 0.000000 
I/AudioFlinger_Threads(  280): [GJ_DEBUG] streamType = 0, device = 0x0001, track = 4096 param = 3002 == [READY] == 1.000000 | 1.000000 | 0.000000 
I/AudioFlinger_Threads(  280): [GJ_DEBUG] streamType = 0, device = 0x0001, track = 4096 param = 3002 == [READY] == 1.000000 | 1.000000 | 0.000000 
I/AudioFlinger_Threads(  280): [GJ_DEBUG] streamType = 0, device = 0x0001, track = 4096 param = 3002 == [READY] == 1.000000 | 1.000000 | 0.000000 
I/AudioFlinger_Threads(  280): [GJ_DEBUG] streamType = 0, device = 0x0001, track = 4096 param = 3002 == [READY] == 1.000000 | 1.000000 | 0.000000 
I/AudioFlinger_Threads(  280): [GJ_DEBUG] streamType = 0, device = 0x0001, track = 4096 param = 3002 == [READY] == 1.000000 | 1.000000 | 0.000000 
I/AudioFlinger_Threads(  280): [GJ_DEBUG] streamType = 0, device = 0x0001, track = 4096 param = 3002 == [READY] == 1.000000 | 1.000000 | 0.000000 
I/AudioFlinger_Threads(  280): [GJ_DEBUG] streamType = 0, device = 0x0001, track = 4096 param = 3002 == [READY] == 1.000000 | 1.000000 | 0.000000 
I/AudioFlinger_Threads(  280): [GJ_DEBUG] streamType = 0, device = 0x0001, track = 4096 param = 3002 == [READY] == 1.000000 | 1.000000 | 0.000000 
I/AudioFlinger_Threads(  280): [GJ_DEBUG] streamType = 0, device = 0x0001, track = 4096 param = 3002 == [READY] == 1.000000 | 1.000000 | 0.000000 
I/AudioFlinger_Threads(  280): [GJ_DEBUG] streamType = 0, device = 0x0001, track = 4096 param = 3002 == [READY] == 1.000000 | 1.000000 | 0.000000 
I/AudioFlinger_Threads(  280): [GJ_DEBUG] streamType = 0, device = 0x0001, track = 4096 param = 3002 == [READY] == 1.000000 | 1.000000 | 0.000000 
I/AudioFlinger_Threads(  280): [GJ_DEBUG] streamType = 0, device = 0x0001, track = 4096 param = 3002 == [READY] == 1.000000 | 1.000000 | 0.000000 
I/AudioFlinger_Threads(  280): [GJ_DEBUG] streamType = 0, device = 0x0001, track = 4096 param = 3002 == [READY] == 1.000000 | 1.000000 | 0.000000 
I/AudioFlinger_Threads(  280): [GJ_DEBUG] streamType = 0, device = 0x0001, track = 4096 param = 3002 == [READY] == 1.000000 | 1.000000 | 0.000000 
I/AudioFlinger_Threads(  280): [GJ_DEBUG] streamType = 0, device = 0x0001, track = 4096 param = 3002 == [READY] == 1.000000 | 1.000000 | 0.000000 
