I/PackageManager(  717): startCopy UserHandle{0}: MeasureParams{3a35f909 com.meizu.netcontactservice}
I/PackageManager(  717): Apk copy done
I/PackageManager(  717): init_copy idx=0: MeasureParams{20d1f70e com.mediatek.mtklogger}
I/PackageManager(  717): mcs_bound
I/PackageManager(  717): startCopy UserHandle{0}: MeasureParams{20d1f70e com.mediatek.mtklogger}
I/PackageManager(  717): Apk copy done
I/PackageManager(  717): init_copy idx=0: MeasureParams{1580a52f com.android.bluetooth}
I/PackageManager(  717): mcs_bound
I/PackageManager(  717): startCopy UserHandle{0}: MeasureParams{1580a52f com.android.bluetooth}
I/PackageManager(  717): Apk copy done
I/PackageManager(  717): init_copy idx=0: MeasureParams{b74d73c com.android.providers.contacts}
I/PackageManager(  717): mcs_bound
I/PackageManager(  717): startCopy UserHandle{0}: MeasureParams{b74d73c com.android.providers.contacts}
I/PackageManager(  717): Apk copy done
I/PackageManager(  717): init_copy idx=0: MeasureParams{2ebc1cc5 com.android.captiveportallogin}
I/PackageManager(  717): mcs_bound
I/PackageManager(  717): startCopy UserHandle{0}: MeasureParams{2ebc1cc5 com.android.captiveportallogin}
I/PackageManager(  717): Apk copy done
I/PackageManager(  717): init_copy idx=0: MeasureParams{3c3a761a com.meizu.flyme.weather}
I/PackageManager(  717): mcs_bound
I/PackageManager(  717): startCopy UserHandle{0}: MeasureParams{3c3a761a com.meizu.flyme.weather}
I/PackageManager(  717): Apk copy done
I/thermal_repeater(  300): oh, queryMdThermalInfo (0)Bad file number
I/thermal_repeater(  300): [recvMdThermalInfo] ret=30, strLen=127,  2, 32767, -127, -1, 32767, 17
I/thermal_repeater(  300): oh, queryMdThermalInfo (0)Bad file number
I/thermal_repeater(  300): [recvMdThermalInfo] ret=30, strLen=127,  2, 32767, -127, -1, 32767, 17
I/PackageManager(  717): mcs_unbind
I/PackageManager(  717): calling disconnectService()
I/thermal_repeater(  300): oh, queryMdThermalInfo (0)Bad file number
I/thermal_repeater(  300): [recvMdThermalInfo] ret=30, strLen=127,  2, 32767, -127, -1, 32767, 17
I/thermal_repeater(  300): oh, queryMdThermalInfo (0)Bad file number
I/thermal_repeater(  300): [recvMdThermalInfo] ret=30, strLen=127,  2, 32767, -127, -1, 32767, 17
W/Watchdog(  717): SWT Watchdog after wait current time:163292055
W/Watchdog(  717): **Get SF Time **1
W/Watchdog(  717): SWT Watchdog before synchronized:163292056
W/Watchdog(  717): SWT Watchdog after synchronized:163292056
W/Watchdog(  717): SWT Watchdog before wait timeout:30000
W/Watchdog(  717): SWT Watchdog before wait current time:163292056
W/Watchdog(  717): SWT Watchdog before wait start:163292056
W/Watchdog(  717): SWT Watchdog before wait CHECK_INTERVAL:30000
I/ActivityManager(  717): START u0 {act=com.meizu.safe.security.SHOW_APPSEC cmp=com.meizu.safe/.security.AppSecActivity (has extras)} from uid 1000 on display 0 from pid 14401
I/WindowManager(  717): Losing focus: Window{2516beee u0 com.android.settings/com.android.settings.SubSettings}
I/WindowManager(  717): Gaining focus: Window{349d140b u0 com.meizu.safe/com.meizu.safe.security.AppSecActivity}
I/thermal_repeater(  300): oh, queryMdThermalInfo (0)Bad file number
I/thermal_repeater(  300): [recvMdThermalInfo] ret=30, strLen=127,  2, 32767, -127, -1, 32767, 17
W/ActivityManager(  717): getTasks: caller 10112 does not hold GET_TASKS; limiting output
I/thermal_repeater(  300): oh, queryMdThermalInfo (0)Bad file number
I/thermal_repeater(  300): [recvMdThermalInfo] ret=30, strLen=127,  2, 32767, -127, -1, 32767, 17
I/thermal_repeater(  300): oh, queryMdThermalInfo (0)Bad file number
I/thermal_repeater(  300): [recvMdThermalInfo] ret=30, strLen=127,  2, 32767, -127, -1, 32767, 17
I/thermal_repeater(  300): oh, queryMdThermalInfo (0)Bad file number
I/thermal_repeater(  300): [recvMdThermalInfo] ret=30, strLen=127,  2, 32767, -127, -1, 32767, 17
I/thermal_repeater(  300): oh, queryMdThermalInfo (0)Bad file number
I/thermal_repeater(  300): [recvMdThermalInfo] ret=30, strLen=127,  2, 32767, -127, -1, 32767, 17
I/thermal_repeater(  300): oh, queryMdThermalInfo (0)Bad file number
I/thermal_repeater(  300): [recvMdThermalInfo] ret=30, strLen=127,  2, 32767, -127, -1, 32767, 17
W/Watchdog(  717): SWT Watchdog after wait current time:163322056
W/Watchdog(  717): **Get SF Time **1
W/Watchdog(  717): SWT Watchdog before synchronized:163322057
W/Watchdog(  717): SWT Watchdog after synchronized:163322057
W/Watchdog(  717): SWT Watchdog before wait timeout:30000
W/Watchdog(  717): SWT Watchdog before wait current time:163322057
W/Watchdog(  717): SWT Watchdog before wait start:163322057
W/Watchdog(  717): SWT Watchdog before wait CHECK_INTERVAL:30000
I/thermal_repeater(  300): oh, queryMdThermalInfo (0)Bad file number
I/thermal_repeater(  300): [recvMdThermalInfo] ret=30, strLen=127,  2, 32767, -127, -1, 32767, 17
W/ActivityManager(  717): getTasks: caller 10112 does not hold GET_TASKS; limiting output
I/thermal_repeater(  300): oh, queryMdThermalInfo (0)Bad file number
I/thermal_repeater(  300): [recvMdThermalInfo] ret=30, strLen=127,  2, 32767, -127, -1, 32767, 17
I/thermal_repeater(  300): oh, queryMdThermalInfo (0)Bad file number
I/thermal_repeater(  300): [recvMdThermalInfo] ret=30, strLen=127,  2, 32767, -127, -1, 32767, 17
I/thermal_repeater(  300): oh, queryMdThermalInfo (0)Bad file number
I/thermal_repeater(  300): [recvMdThermalInfo] ret=30, strLen=127,  2, 32767, -127, -1, 32767, 17
I/thermal_repeater(  300): oh, queryMdThermalInfo (0)Bad file number
I/thermal_repeater(  300): [recvMdThermalInfo] ret=30, strLen=127,  2, 32767, -127, -1, 32767, 17
I/thermal_repeater(  300): oh, queryMdThermalInfo (0)Bad file number
I/thermal_repeater(  300): [recvMdThermalInfo] ret=30, strLen=127,  2, 32767, -127, -1, 32767, 17
W/Watchdog(  717): SWT Watchdog after wait current time:163352057
W/Watchdog(  717): **Get SF Time **1
W/Watchdog(  717): SWT Watchdog before synchronized:163352058
W/Watchdog(  717): SWT Watchdog after synchronized:163352058
W/Watchdog(  717): SWT Watchdog before wait timeout:30000
W/Watchdog(  717): SWT Watchdog before wait current time:163352058
W/Watchdog(  717): SWT Watchdog before wait start:163352058
W/Watchdog(  717): SWT Watchdog before wait CHECK_INTERVAL:30000
I/thermal_repeater(  300): oh, queryMdThermalInfo (0)Bad file number
I/thermal_repeater(  300): [recvMdThermalInfo] ret=30, strLen=127,  2, 32767, -127, -1, 32767, 17
W/ActivityManager(  717): getTasks: caller 10112 does not hold GET_TASKS; limiting output
I/thermal_repeater(  300): oh, queryMdThermalInfo (0)Bad file number
I/thermal_repeater(  300): [recvMdThermalInfo] ret=30, strLen=127,  2, 32767, -127, -1, 32767, 17
I/thermal_repeater(  300): oh, queryMdThermalInfo (0)Bad file number
I/thermal_repeater(  300): [recvMdThermalInfo] ret=30, strLen=127,  2, 32767, -127, -1, 32767, 17
I/thermal_repeater(  300): oh, queryMdThermalInfo (0)Bad file number
I/thermal_repeater(  300): [recvMdThermalInfo] ret=30, strLen=127,  2, 32767, -127, -1, 32767, 17
I/thermal_repeater(  300): oh, queryMdThermalInfo (0)Bad file number
I/thermal_repeater(  300): [recvMdThermalInfo] ret=30, strLen=127,  2, 32767, -127, -1, 32767, 17
I/thermal_repeater(  300): oh, queryMdThermalInfo (0)Bad file number
I/thermal_repeater(  300): [recvMdThermalInfo] ret=30, strLen=127,  2, 32767, -127, -1, 32767, 17
W/Watchdog(  717): SWT Watchdog after wait current time:163382058
W/Watchdog(  717): **Get SF Time **1
W/Watchdog(  717): SWT Watchdog before synchronized:163382059
W/Watchdog(  717): SWT Watchdog after synchronized:163382059
W/Watchdog(  717): SWT Watchdog before wait timeout:30000
W/Watchdog(  717): SWT Watchdog before wait current time:163382059
W/Watchdog(  717): SWT Watchdog before wait start:163382059
W/Watchdog(  717): SWT Watchdog before wait CHECK_INTERVAL:30000
I/thermal_repeater(  300): oh, queryMdThermalInfo (0)Bad file number
I/thermal_repeater(  300): [recvMdThermalInfo] ret=30, strLen=127,  2, 32767, -127, -1, 32767, 17
W/ActivityManager(  717): getTasks: caller 10112 does not hold GET_TASKS; limiting output
I/thermal_repeater(  300): oh, queryMdThermalInfo (0)Bad file number
I/thermal_repeater(  300): [recvMdThermalInfo] ret=30, strLen=127,  2, 32767, -127, -1, 32767, 17
I/thermal_repeater(  300): oh, queryMdThermalInfo (0)Bad file number
I/thermal_repeater(  300): [recvMdThermalInfo] ret=30, strLen=127,  2, 32767, -127, -1, 32767, 17
I/thermal_repeater(  300): oh, queryMdThermalInfo (0)Bad file number
I/thermal_repeater(  300): [recvMdThermalInfo] ret=30, strLen=127,  2, 32767, -127, -1, 32767, 17
I/thermal_repeater(  300): oh, queryMdThermalInfo (0)Bad file number
I/thermal_repeater(  300): [recvMdThermalInfo] ret=30, strLen=127,  2, 32767, -127, -1, 32767, 17
I/thermal_repeater(  300): oh, queryMdThermalInfo (0)Bad file number
I/thermal_repeater(  300): [recvMdThermalInfo] ret=30, strLen=127,  2, 32767, -127, -1, 32767, 17
W/Watchdog(  717): SWT Watchdog after wait current time:163412059
W/Watchdog(  717): **Get SF Time **1
W/Watchdog(  717): SWT Watchdog before synchronized:163412061
W/Watchdog(  717): SWT Watchdog after synchronized:163412061
W/Watchdog(  717): SWT Watchdog before wait timeout:30000
W/Watchdog(  717): SWT Watchdog before wait current time:163412061
W/Watchdog(  717): SWT Watchdog before wait start:163412061
W/Watchdog(  717): SWT Watchdog before wait CHECK_INTERVAL:30000
I/thermal_repeater(  300): oh, queryMdThermalInfo (0)Bad file number
I/thermal_repeater(  300): [recvMdThermalInfo] ret=30, strLen=127,  2, 32767, -127, -1, 32767, 17
W/ActivityManager(  717): getTasks: caller 10112 does not hold GET_TASKS; limiting output
I/thermal_repeater(  300): oh, queryMdThermalInfo (0)Bad file number
I/thermal_repeater(  300): [recvMdThermalInfo] ret=30, strLen=127,  2, 32767, -127, -1, 32767, 17
I/thermal_repeater(  300): oh, queryMdThermalInfo (0)Bad file number
I/thermal_repeater(  300): [recvMdThermalInfo] ret=30, strLen=127,  2, 32767, -127, -1, 32767, 17
I/thermal_repeater(  300): oh, queryMdThermalInfo (0)Bad file number
I/thermal_repeater(  300): [recvMdThermalInfo] ret=30, strLen=127,  2, 32767, -127, -1, 32767, 17
I/thermal_repeater(  300): oh, queryMdThermalInfo (0)Bad file number
I/thermal_repeater(  300): [recvMdThermalInfo] ret=30, strLen=127,  2, 32767, -127, -1, 32767, 17
I/thermal_repeater(  300): oh, queryMdThermalInfo (0)Bad file number
I/thermal_repeater(  300): [recvMdThermalInfo] ret=30, strLen=127,  2, 32767, -127, -1, 32767, 17
W/Watchdog(  717): SWT Watchdog after wait current time:163442062
W/Watchdog(  717): **Get SF Time **1
W/Watchdog(  717): SWT Watchdog before synchronized:163442062
W/Watchdog(  717): SWT Watchdog after synchronized:163442062
W/Watchdog(  717): SWT Watchdog before wait timeout:30000
W/Watchdog(  717): SWT Watchdog before wait current time:163442063
W/Watchdog(  717): SWT Watchdog before wait start:163442063
W/Watchdog(  717): SWT Watchdog before wait CHECK_INTERVAL:30000
I/thermal_repeater(  300): oh, queryMdThermalInfo (0)Bad file number
I/thermal_repeater(  300): [recvMdThermalInfo] ret=30, strLen=127,  2, 32767, -127, -1, 32767, 17
W/ActivityManager(  717): getTasks: caller 10112 does not hold GET_TASKS; limiting output
E/NotificationService(  717): Suppressing notification from package com.tencent.mobileqq by user request.
E/NotificationService(  717): Suppressing notification from package com.tencent.mobileqq by user request.
I/thermal_repeater(  300): oh, queryMdThermalInfo (0)Bad file number
I/thermal_repeater(  300): [recvMdThermalInfo] ret=30, strLen=127,  2, 32767, -127, -1, 32767, 17
I/thermal_repeater(  300): oh, queryMdThermalInfo (0)Bad file number
I/thermal_repeater(  300): [recvMdThermalInfo] ret=30, strLen=127,  2, 32767, -127, -1, 32767, 17
I/thermal_repeater(  300): oh, queryMdThermalInfo (0)Bad file number
I/thermal_repeater(  300): [recvMdThermalInfo] ret=30, strLen=127,  2, 32767, -127, -1, 32767, 17
I/thermal_repeater(  300): oh, queryMdThermalInfo (0)Bad file number
I/thermal_repeater(  300): [recvMdThermalInfo] ret=30, strLen=127,  2, 32767, -127, -1, 32767, 17
I/thermal_repeater(  300): oh, queryMdThermalInfo (0)Bad file number
I/thermal_repeater(  300): [recvMdThermalInfo] ret=30, strLen=127,  2, 32767, -127, -1, 32767, 17
W/Watchdog(  717): SWT Watchdog after wait current time:163472063
W/Watchdog(  717): **Get SF Time **1
W/Watchdog(  717): SWT Watchdog before synchronized:163472063
W/Watchdog(  717): SWT Watchdog after synchronized:163472063
W/Watchdog(  717): SWT Watchdog before wait timeout:30000
W/Watchdog(  717): SWT Watchdog before wait current time:163472063
W/Watchdog(  717): SWT Watchdog before wait start:163472063
W/Watchdog(  717): SWT Watchdog before wait CHECK_INTERVAL:30000
I/thermal_repeater(  300): oh, queryMdThermalInfo (0)Bad file number
I/thermal_repeater(  300): [recvMdThermalInfo] ret=30, strLen=127,  2, 32767, -127, -1, 32767, 17
W/ActivityManager(  717): getTasks: caller 10010 does not hold GET_TASKS; limiting output
W/ActivityManager(  717): getTasks: caller 10112 does not hold GET_TASKS; limiting output
I/thermal_repeater(  300): oh, queryMdThermalInfo (0)Bad file number
I/thermal_repeater(  300): [recvMdThermalInfo] ret=30, strLen=127,  2, 32767, -127, -1, 32767, 17
I/thermal_repeater(  300): oh, queryMdThermalInfo (0)Bad file number
I/thermal_repeater(  300): [recvMdThermalInfo] ret=30, strLen=127,  2, 32767, -127, -1, 32767, 17
I/WindowManager(  717): Losing focus: Window{349d140b u0 com.meizu.safe/com.meizu.safe.security.AppSecActivity}
I/PackageManager(  717): init_copy idx=0: MeasureParams{2dd44df4 com.android.providers.telephony}
I/PackageManager(  717): mcs_bound
I/PackageManager(  717): startCopy UserHandle{0}: MeasureParams{2dd44df4 com.android.providers.telephony}
I/AppWidgetServiceImpl(  717): hasBindAppWidgetPermission() 0
I/PackageManager(  717): Apk copy done
I/PackageManager(  717): init_copy idx=0: MeasureParams{7827563 com.meizu.documentsui}
I/PackageManager(  717): mcs_bound
I/PackageManager(  717): startCopy UserHandle{0}: MeasureParams{7827563 com.meizu.documentsui}
I/PackageManager(  717): Apk copy done
I/PackageManager(  717): init_copy idx=0: MeasureParams{1fe25560 com.android.providers.calendar}
I/PackageManager(  717): mcs_bound
I/PackageManager(  717): startCopy UserHandle{0}: MeasureParams{1fe25560 com.android.providers.calendar}
I/WindowManager(  717): Gaining focus: Window{2516beee u0 com.android.settings/com.android.settings.SubSettings}
I/PackageManager(  717): Apk copy done
I/PackageManager(  717): init_copy idx=0: MeasureParams{31a1ca19 com.android.providers.media}
I/PackageManager(  717): mcs_bound
I/PackageManager(  717): startCopy UserHandle{0}: MeasureParams{31a1ca19 com.android.providers.media}
I/PackageManager(  717): Apk copy done
I/PackageManager(  717): init_copy idx=0: MeasureParams{2d367b6 com.mediatek.fwk.plugin}
I/PackageManager(  717): mcs_bound
I/PackageManager(  717): startCopy UserHandle{0}: MeasureParams{2d367b6 com.mediatek.fwk.plugin}
I/PackageManager(  717): Apk copy done
I/PackageManager(  717): init_copy idx=0: MeasureParams{a60ccb7 com.meizu.flyme.launcher}
I/PackageManager(  717): mcs_bound
I/PackageManager(  717): startCopy UserHandle{0}: MeasureParams{a60ccb7 com.meizu.flyme.launcher}
I/PackageManager(  717): Apk copy done
I/PackageManager(  717): init_copy idx=0: MeasureParams{36211c24 com.sohu.inputmethod.sogou}
I/PackageManager(  717): mcs_bound
I/PackageManager(  717): startCopy UserHandle{0}: MeasureParams{36211c24 com.sohu.inputmethod.sogou}
I/PackageManager(  717): Apk copy done
I/PackageManager(  717): init_copy idx=0: MeasureParams{a84238d com.android.grabqqpwd}
I/PackageManager(  717): mcs_bound
I/PackageManager(  717): startCopy UserHandle{0}: MeasureParams{a84238d com.android.grabqqpwd}
I/PackageManager(  717): Apk copy done
I/PackageManager(  717): init_copy idx=0: MeasureParams{9264942 com.android.browser}
I/PackageManager(  717): mcs_bound
I/PackageManager(  717): startCopy UserHandle{0}: MeasureParams{9264942 com.android.browser}
I/PackageManager(  717): Apk copy done
I/PackageManager(  717): init_copy idx=0: MeasureParams{3aab7d53 com.tencent.mm}
I/PackageManager(  717): mcs_bound
I/PackageManager(  717): startCopy UserHandle{0}: MeasureParams{3aab7d53 com.tencent.mm}
I/PackageManager(  717): Apk copy done
I/PackageManager(  717): init_copy idx=0: MeasureParams{21c6b89 com.facishare.fs}
I/PackageManager(  717): mcs_bound
I/PackageManager(  717): startCopy UserHandle{0}: MeasureParams{21c6b89 com.facishare.fs}
I/PackageManager(  717): Apk copy done
I/PackageManager(  717): init_copy idx=0: MeasureParams{3d3b78e com.meizu.mstore}
I/PackageManager(  717): mcs_bound
I/PackageManager(  717): startCopy UserHandle{0}: MeasureParams{3d3b78e com.meizu.mstore}
I/PackageManager(  717): Apk copy done
I/PackageManager(  717): init_copy idx=0: MeasureParams{28e69baf com.meizu.luckymoney}
I/PackageManager(  717): mcs_bound
I/PackageManager(  717): startCopy UserHandle{0}: MeasureParams{28e69baf com.meizu.luckymoney}
I/PackageManager(  717): Apk copy done
I/PackageManager(  717): init_copy idx=0: MeasureParams{5f9cbbc android.zhibo8}
I/PackageManager(  717): mcs_bound
I/PackageManager(  717): startCopy UserHandle{0}: MeasureParams{5f9cbbc android.zhibo8}
I/PackageManager(  717): Apk copy done
I/PackageManager(  717): init_copy idx=0: MeasureParams{36d73745 com.tencent.mobileqq}
I/PackageManager(  717): mcs_bound
I/PackageManager(  717): startCopy UserHandle{0}: MeasureParams{36d73745 com.tencent.mobileqq}
I/PackageManager(  717): Apk copy done
I/PackageManager(  717): init_copy idx=0: MeasureParams{30d7be9a com.kugou.android}
I/PackageManager(  717): mcs_bound
I/PackageManager(  717): startCopy UserHandle{0}: MeasureParams{30d7be9a com.kugou.android}
I/PackageManager(  717): Apk copy done
I/PackageManager(  717): init_copy idx=0: MeasureParams{d0b43cb com.meizu.voiceassistant}
I/PackageManager(  717): mcs_bound
I/PackageManager(  717): startCopy UserHandle{0}: MeasureParams{d0b43cb com.meizu.voiceassistant}
I/PackageManager(  717): Apk copy done
I/PackageManager(  717): init_copy idx=0: MeasureParams{3675e7a8 com.meizu.customizecenter}
I/PackageManager(  717): mcs_bound
I/PackageManager(  717): startCopy UserHandle{0}: MeasureParams{3675e7a8 com.meizu.customizecenter}
I/PackageManager(  717): Apk copy done
I/PackageManager(  717): init_copy idx=0: MeasureParams{30b902c1 com.meizu.media.life}
I/PackageManager(  717): mcs_bound
I/PackageManager(  717): startCopy UserHandle{0}: MeasureParams{30b902c1 com.meizu.media.life}
I/PackageManager(  717): Apk copy done
I/PackageManager(  717): init_copy idx=0: MeasureParams{3fe32a66 com.android.wallpapercropper}
I/PackageManager(  717): mcs_bound
I/PackageManager(  717): startCopy UserHandle{0}: MeasureParams{3fe32a66 com.android.wallpapercropper}
I/PackageManager(  717): Apk copy done
I/PackageManager(  717): init_copy idx=0: MeasureParams{1b8851a7 org.simalliance.openmobileapi.service}
I/PackageManager(  717): mcs_bound
I/PackageManager(  717): startCopy UserHandle{0}: MeasureParams{1b8851a7 org.simalliance.openmobileapi.service}
I/PackageManager(  717): Apk copy done
I/PackageManager(  717): init_copy idx=0: MeasureParams{1015d654 com.android.externalstorage}
I/PackageManager(  717): mcs_bound
I/PackageManager(  717): startCopy UserHandle{0}: MeasureParams{1015d654 com.android.externalstorage}
I/PackageManager(  717): Apk copy done
I/PackageManager(  717): init_copy idx=0: MeasureParams{199209fd com.android.alarmclock}
I/PackageManager(  717): mcs_bound
I/PackageManager(  717): startCopy UserHandle{0}: MeasureParams{199209fd com.android.alarmclock}
I/PackageManager(  717): Apk copy done
I/PackageManager(  717): init_copy idx=0: MeasureParams{18e786f2 com.meizu.flyme.scanner}
I/PackageManager(  717): mcs_bound
I/PackageManager(  717): startCopy UserHandle{0}: MeasureParams{18e786f2 com.meizu.flyme.scanner}
I/PackageManager(  717): Apk copy done
I/PackageManager(  717): init_copy idx=0: MeasureParams{36de6143 com.mediatek.ygps}
I/PackageManager(  717): mcs_bound
I/PackageManager(  717): startCopy UserHandle{0}: MeasureParams{36de6143 com.mediatek.ygps}
I/PackageManager(  717): Apk copy done
I/PackageManager(  717): init_copy idx=0: MeasureParams{1b2403c0 com.android.htmlviewer}
I/PackageManager(  717): mcs_bound
I/PackageManager(  717): startCopy UserHandle{0}: MeasureParams{1b2403c0 com.android.htmlviewer}
I/PackageManager(  717): Apk copy done
I/PackageManager(  717): init_copy idx=0: MeasureParams{2dfa48f9 com.iflytek.speechsuite}
I/PackageManager(  717): mcs_bound
I/PackageManager(  717): startCopy UserHandle{0}: MeasureParams{2dfa48f9 com.iflytek.speechsuite}
I/PackageManager(  717): Apk copy done
I/PackageManager(  717): init_copy idx=0: MeasureParams{3f63203e com.meizu.powersave}
I/PackageManager(  717): mcs_bound
I/PackageManager(  717): startCopy UserHandle{0}: MeasureParams{3f63203e com.meizu.powersave}
I/PackageManager(  717): Apk copy done
I/PackageManager(  717): init_copy idx=0: MeasureParams{1efbce9f com.android.mms.service}
I/PackageManager(  717): mcs_bound
I/PackageManager(  717): startCopy UserHandle{0}: MeasureParams{1efbce9f com.android.mms.service}
I/PackageManager(  717): Apk copy done
I/PackageManager(  717): init_copy idx=0: MeasureParams{18259bec com.android.providers.downloads}
I/PackageManager(  717): mcs_bound
I/PackageManager(  717): startCopy UserHandle{0}: MeasureParams{18259bec com.android.providers.downloads}
I/PackageManager(  717): Apk copy done
I/PackageManager(  717): init_copy idx=0: MeasureParams{20d7bb5 com.meizu.mzsimcontacts}
I/PackageManager(  717): mcs_bound
I/PackageManager(  717): startCopy UserHandle{0}: MeasureParams{20d7bb5 com.meizu.mzsimcontacts}
I/PackageManager(  717): Apk copy done
I/PackageManager(  717): init_copy idx=0: MeasureParams{1e6d024a com.meizu.filemanager}
I/PackageManager(  717): mcs_bound
I/PackageManager(  717): startCopy UserHandle{0}: MeasureParams{1e6d024a com.meizu.filemanager}
I/PackageManager(  717): Apk copy done
I/PackageManager(  717): init_copy idx=0: MeasureParams{3a58b5bb com.mediatek.engineermode}
I/PackageManager(  717): mcs_bound
I/PackageManager(  717): startCopy UserHandle{0}: MeasureParams{3a58b5bb com.mediatek.engineermode}
I/PackageManager(  717): Apk copy done
I/PackageManager(  717): init_copy idx=0: MeasureParams{28c68ad8 com.meizu.flyme.android.theme.LRA_Strong}
I/PackageManager(  717): mcs_bound
I/PackageManager(  717): startCopy UserHandle{0}: MeasureParams{28c68ad8 com.meizu.flyme.android.theme.LRA_Strong}
I/PackageManager(  717): Apk copy done
I/PackageManager(  717): init_copy idx=0: MeasureParams{15e71e31 com.meizu.compaign}
I/PackageManager(  717): mcs_bound
I/PackageManager(  717): startCopy UserHandle{0}: MeasureParams{15e71e31 com.meizu.compaign}
I/PackageManager(  717): Apk copy done
I/PackageManager(  717): init_copy idx=0: MeasureParams{980f916 com.android.providers.applications}
I/PackageManager(  717): mcs_bound
I/PackageManager(  717): startCopy UserHandle{0}: MeasureParams{980f916 com.android.providers.applications}
I/PackageManager(  717): Apk copy done
I/PackageManager(  717): init_copy idx=0: MeasureParams{14d2f297 com.meizu.splitloccontroller}
I/PackageManager(  717): mcs_bound
I/PackageManager(  717): startCopy UserHandle{0}: MeasureParams{14d2f297 com.meizu.splitloccontroller}
I/PackageManager(  717): Apk copy done
I/PackageManager(  717): init_copy idx=0: MeasureParams{1b857c84 com.android.soundrecorder}
I/PackageManager(  717): mcs_bound
I/PackageManager(  717): startCopy UserHandle{0}: MeasureParams{1b857c84 com.android.soundrecorder}
I/PackageManager(  717): Apk copy done
I/PackageManager(  717): init_copy idx=0: MeasureParams{35de6c6d com.android.defcontainer}
I/PackageManager(  717): mcs_bound
I/PackageManager(  717): startCopy UserHandle{0}: MeasureParams{35de6c6d com.android.defcontainer}
I/PackageManager(  717): Apk copy done
I/PackageManager(  717): init_copy idx=0: MeasureParams{3e0b90a2 com.meizu.backup}
I/PackageManager(  717): mcs_bound
I/PackageManager(  717): startCopy UserHandle{0}: MeasureParams{3e0b90a2 com.meizu.backup}
I/PackageManager(  717): Apk copy done
I/PackageManager(  717): init_copy idx=0: MeasureParams{304a2133 com.android.providers.downloads.ui}
I/PackageManager(  717): mcs_bound
I/PackageManager(  717): startCopy UserHandle{0}: MeasureParams{304a2133 com.android.providers.downloads.ui}
I/PackageManager(  717): Apk copy done
I/PackageManager(  717): init_copy idx=0: MeasureParams{61fdcf0 com.android.pacprocessor}
I/PackageManager(  717): mcs_bound
I/PackageManager(  717): startCopy UserHandle{0}: MeasureParams{61fdcf0 com.android.pacprocessor}
I/PackageManager(  717): Apk copy done
I/PackageManager(  717): init_copy idx=0: MeasureParams{22826269 com.aliyun.ams.tyid}
I/PackageManager(  717): mcs_bound
I/PackageManager(  717): startCopy UserHandle{0}: MeasureParams{22826269 com.aliyun.ams.tyid}
I/PackageManager(  717): Apk copy done
I/PackageManager(  717): init_copy idx=0: MeasureParams{31b614ee com.meizu.flyme.update}
I/PackageManager(  717): mcs_bound
I/PackageManager(  717): startCopy UserHandle{0}: MeasureParams{31b614ee com.meizu.flyme.update}
I/PackageManager(  717): Apk copy done
I/PackageManager(  717): init_copy idx=0: MeasureParams{2fb9d8f com.meizu.net.map}
I/PackageManager(  717): mcs_bound
I/PackageManager(  717): startCopy UserHandle{0}: MeasureParams{2fb9d8f com.meizu.net.map}
I/PackageManager(  717): Apk copy done
I/PackageManager(  717): init_copy idx=0: MeasureParams{1abdd81c com.android.certinstaller}
I/PackageManager(  717): mcs_bound
I/PackageManager(  717): startCopy UserHandle{0}: MeasureParams{1abdd81c com.android.certinstaller}
I/PackageManager(  717): Apk copy done
I/PackageManager(  717): init_copy idx=0: MeasureParams{3c55bc25 android}
I/PackageManager(  717): mcs_bound
I/PackageManager(  717): startCopy UserHandle{0}: MeasureParams{3c55bc25 android}
I/PackageManager(  717): Apk copy done
I/PackageManager(  717): init_copy idx=0: MeasureParams{397291fa com.mediatek.connectivity}
I/PackageManager(  717): mcs_bound
I/PackageManager(  717): startCopy UserHandle{0}: MeasureParams{397291fa com.mediatek.connectivity}
I/PackageManager(  717): Apk copy done
I/PackageManager(  717): init_copy idx=0: MeasureParams{3f9e83ab com.meizu.media.camera}
I/PackageManager(  717): mcs_bound
I/PackageManager(  717): startCopy UserHandle{0}: MeasureParams{3f9e83ab com.meizu.media.camera}
I/PackageManager(  717): Apk copy done
I/PackageManager(  717): init_copy idx=0: MeasureParams{23de5a08 com.mediatek.bluetooth}
I/PackageManager(  717): mcs_bound
I/PackageManager(  717): startCopy UserHandle{0}: MeasureParams{23de5a08 com.mediatek.bluetooth}
I/PackageManager(  717): Apk copy done
I/PackageManager(  717): init_copy idx=0: MeasureParams{2f4af5a1 com.mediatek.ftprecheck}
I/PackageManager(  717): mcs_bound
I/PackageManager(  717): startCopy UserHandle{0}: MeasureParams{2f4af5a1 com.mediatek.ftprecheck}
I/PackageManager(  717): Apk copy done
I/PackageManager(  717): init_copy idx=0: MeasureParams{1547d3c6 com.android.mms}
I/PackageManager(  717): mcs_bound
I/PackageManager(  717): startCopy UserHandle{0}: MeasureParams{1547d3c6 com.android.mms}
I/PackageManager(  717): Apk copy done
I/PackageManager(  717): init_copy idx=0: MeasureParams{33faf87 com.android.stk}
I/PackageManager(  717): mcs_bound
I/PackageManager(  717): startCopy UserHandle{0}: MeasureParams{33faf87 com.android.stk}
I/PackageManager(  717): Apk copy done
I/PackageManager(  717): init_copy idx=0: MeasureParams{13030eb4 com.meizu.net.search}
I/PackageManager(  717): mcs_bound
I/PackageManager(  717): startCopy UserHandle{0}: MeasureParams{13030eb4 com.meizu.net.search}
I/PackageManager(  717): Apk copy done
I/PackageManager(  717): init_copy idx=0: MeasureParams{1a004add com.android.backupconfirm}
I/PackageManager(  717): mcs_bound
I/PackageManager(  717): startCopy UserHandle{0}: MeasureParams{1a004add com.android.backupconfirm}
I/PackageManager(  717): Apk copy done
I/PackageManager(  717): init_copy idx=0: MeasureParams{2cdd6652 com.meizu.notepaper}
I/PackageManager(  717): mcs_bound
I/PackageManager(  717): startCopy UserHandle{0}: MeasureParams{2cdd6652 com.meizu.notepaper}
I/PackageManager(  717): Apk copy done
I/PackageManager(  717): init_copy idx=0: MeasureParams{4ddbd23 com.meizu.flyme.calculator}
I/PackageManager(  717): mcs_bound
I/PackageManager(  717): startCopy UserHandle{0}: MeasureParams{4ddbd23 com.meizu.flyme.calculator}
I/PackageManager(  717): Apk copy done
I/PackageManager(  717): init_copy idx=0: MeasureParams{e1c6220 com.android.calendar}
I/PackageManager(  717): mcs_bound
I/PackageManager(  717): startCopy UserHandle{0}: MeasureParams{e1c6220 com.android.calendar}
I/PackageManager(  717): Apk copy done
I/PackageManager(  717): init_copy idx=0: MeasureParams{2cbbb7d9 com.mediatek.providers.drm}
I/PackageManager(  717): mcs_bound
I/PackageManager(  717): startCopy UserHandle{0}: MeasureParams{2cbbb7d9 com.mediatek.providers.drm}
I/PackageManager(  717): Apk copy done
I/PackageManager(  717): init_copy idx=0: MeasureParams{8c7959e com.meizu.mpay}
I/PackageManager(  717): mcs_bound
I/PackageManager(  717): startCopy UserHandle{0}: MeasureParams{8c7959e com.meizu.mpay}
I/PackageManager(  717): Apk copy done
I/PackageManager(  717): init_copy idx=0: MeasureParams{22c5087f com.meizu.safe}
I/PackageManager(  717): mcs_bound
I/PackageManager(  717): startCopy UserHandle{0}: MeasureParams{22c5087f com.meizu.safe}
I/PackageManager(  717): Apk copy done
I/PackageManager(  717): init_copy idx=0: MeasureParams{27b5804c com.meizu.media.reader}
I/PackageManager(  717): mcs_bound
I/PackageManager(  717): startCopy UserHandle{0}: MeasureParams{27b5804c com.meizu.media.reader}
I/PackageManager(  717): Apk copy done
I/PackageManager(  717): init_copy idx=0: MeasureParams{3c26f895 com.meizu.flyme.toolbox}
I/PackageManager(  717): mcs_bound
I/PackageManager(  717): startCopy UserHandle{0}: MeasureParams{3c26f895 com.meizu.flyme.toolbox}
I/PackageManager(  717): Apk copy done
I/PackageManager(  717): init_copy idx=0: MeasureParams{14936daa com.android.providers.settings}
I/PackageManager(  717): mcs_bound
I/PackageManager(  717): startCopy UserHandle{0}: MeasureParams{14936daa com.android.providers.settings}
I/PackageManager(  717): Apk copy done
I/PackageManager(  717): init_copy idx=0: MeasureParams{29abad9b com.android.sharedstoragebackup}
I/PackageManager(  717): mcs_bound
I/PackageManager(  717): startCopy UserHandle{0}: MeasureParams{29abad9b com.android.sharedstoragebackup}
I/PackageManager(  717): Apk copy done
I/PackageManager(  717): init_copy idx=0: MeasureParams{1f70f6f com.facishare.fs}
I/PackageManager(  717): mcs_bound
I/PackageManager(  717): startCopy UserHandle{0}: MeasureParams{1f70f6f com.facishare.fs}
I/PackageManager(  717): Apk copy done
I/PackageManager(  717): init_copy idx=0: MeasureParams{3bbf947c com.android.providers.telephony}
I/PackageManager(  717): mcs_bound
I/PackageManager(  717): startCopy UserHandle{0}: MeasureParams{3bbf947c com.android.providers.telephony}
I/WindowManager(  717): Gaining focus: Window{2da215c2 u0 com.android.settings/com.android.settings.SubSettings}
I/PackageManager(  717): Apk copy done
I/PackageManager(  717): init_copy idx=0: MeasureParams{23b83105 com.meizu.documentsui}
I/PackageManager(  717): mcs_bound
I/PackageManager(  717): startCopy UserHandle{0}: MeasureParams{23b83105 com.meizu.documentsui}
I/PackageManager(  717): Apk copy done
I/PackageManager(  717): init_copy idx=0: MeasureParams{97cad26 com.android.providers.calendar}
I/PackageManager(  717): mcs_bound
I/PackageManager(  717): startCopy UserHandle{0}: MeasureParams{97cad26 com.android.providers.calendar}
I/PackageManager(  717): Apk copy done
I/PackageManager(  717): init_copy idx=0: MeasureParams{183b7d67 com.android.providers.media}
I/PackageManager(  717): mcs_bound
I/PackageManager(  717): startCopy UserHandle{0}: MeasureParams{183b7d67 com.android.providers.media}
I/PackageManager(  717): Apk copy done
I/PackageManager(  717): init_copy idx=0: MeasureParams{1633f714 com.mediatek.fwk.plugin}
I/PackageManager(  717): mcs_bound
I/PackageManager(  717): startCopy UserHandle{0}: MeasureParams{1633f714 com.mediatek.fwk.plugin}
I/PackageManager(  717): Apk copy done
I/PackageManager(  717): init_copy idx=0: MeasureParams{36e07bbd com.meizu.flyme.launcher}
I/PackageManager(  717): mcs_bound
I/PackageManager(  717): startCopy UserHandle{0}: MeasureParams{36e07bbd com.meizu.flyme.launcher}
I/PackageManager(  717): Apk copy done
I/PackageManager(  717): init_copy idx=0: MeasureParams{347675b2 com.sohu.inputmethod.sogou}
I/PackageManager(  717): mcs_bound
I/PackageManager(  717): startCopy UserHandle{0}: MeasureParams{347675b2 com.sohu.inputmethod.sogou}
I/PackageManager(  717): Apk copy done
I/PackageManager(  717): init_copy idx=0: MeasureParams{27f88903 com.android.grabqqpwd}
I/PackageManager(  717): mcs_bound
I/PackageManager(  717): startCopy UserHandle{0}: MeasureParams{27f88903 com.android.grabqqpwd}
I/PackageManager(  717): Apk copy done
I/PackageManager(  717): init_copy idx=0: MeasureParams{39e37080 com.android.browser}
I/PackageManager(  717): mcs_bound
I/PackageManager(  717): startCopy UserHandle{0}: MeasureParams{39e37080 com.android.browser}
I/PackageManager(  717): Apk copy done
I/PackageManager(  717): init_copy idx=0: MeasureParams{351e16b9 com.tencent.mm}
I/PackageManager(  717): mcs_bound
I/PackageManager(  717): startCopy UserHandle{0}: MeasureParams{351e16b9 com.tencent.mm}
I/PackageManager(  717): Apk copy done
I/PackageManager(  717): init_copy idx=0: MeasureParams{14d23afe com.meizu.mstore}
I/PackageManager(  717): mcs_bound
I/PackageManager(  717): startCopy UserHandle{0}: MeasureParams{14d23afe com.meizu.mstore}
I/PackageManager(  717): Apk copy done
I/PackageManager(  717): init_copy idx=0: MeasureParams{9f0b25f com.meizu.luckymoney}
I/PackageManager(  717): mcs_bound
I/PackageManager(  717): startCopy UserHandle{0}: MeasureParams{9f0b25f com.meizu.luckymoney}
I/PackageManager(  717): Apk copy done
I/PackageManager(  717): init_copy idx=0: MeasureParams{264f14ac android.zhibo8}
I/PackageManager(  717): mcs_bound
I/PackageManager(  717): startCopy UserHandle{0}: MeasureParams{264f14ac android.zhibo8}
I/PackageManager(  717): Apk copy done
I/PackageManager(  717): init_copy idx=0: MeasureParams{11006575 com.tencent.mobileqq}
I/PackageManager(  717): mcs_bound
I/PackageManager(  717): startCopy UserHandle{0}: MeasureParams{11006575 com.tencent.mobileqq}
I/PackageManager(  717): Apk copy done
I/PackageManager(  717): init_copy idx=0: MeasureParams{993090a com.kugou.android}
I/PackageManager(  717): mcs_bound
I/PackageManager(  717): startCopy UserHandle{0}: MeasureParams{993090a com.kugou.android}
I/PackageManager(  717): Apk copy done
I/PackageManager(  717): init_copy idx=0: MeasureParams{2818157b com.meizu.voiceassistant}
I/PackageManager(  717): mcs_bound
I/PackageManager(  717): startCopy UserHandle{0}: MeasureParams{2818157b com.meizu.voiceassistant}
I/PackageManager(  717): Apk copy done
I/PackageManager(  717): init_copy idx=0: MeasureParams{eecf98 com.meizu.customizecenter}
I/PackageManager(  717): mcs_bound
I/PackageManager(  717): startCopy UserHandle{0}: MeasureParams{eecf98 com.meizu.customizecenter}
I/PackageManager(  717): Apk copy done
I/PackageManager(  717): init_copy idx=0: MeasureParams{107ee3f1 com.meizu.media.life}
I/PackageManager(  717): mcs_bound
I/PackageManager(  717): startCopy UserHandle{0}: MeasureParams{107ee3f1 com.meizu.media.life}
I/PackageManager(  717): Apk copy done
I/PackageManager(  717): init_copy idx=0: MeasureParams{2ce0abd6 com.android.wallpapercropper}
I/PackageManager(  717): mcs_bound
I/PackageManager(  717): startCopy UserHandle{0}: MeasureParams{2ce0abd6 com.android.wallpapercropper}
I/PackageManager(  717): Apk copy done
I/PackageManager(  717): init_copy idx=0: MeasureParams{d888e57 org.simalliance.openmobileapi.service}
I/PackageManager(  717): mcs_bound
I/PackageManager(  717): startCopy UserHandle{0}: MeasureParams{d888e57 org.simalliance.openmobileapi.service}
I/PackageManager(  717): Apk copy done
I/PackageManager(  717): init_copy idx=0: MeasureParams{ccd4d44 com.android.externalstorage}
I/PackageManager(  717): mcs_bound
I/PackageManager(  717): startCopy UserHandle{0}: MeasureParams{ccd4d44 com.android.externalstorage}
I/PackageManager(  717): Apk copy done
I/PackageManager(  717): init_copy idx=0: MeasureParams{78cce2d com.android.alarmclock}
I/PackageManager(  717): mcs_bound
I/PackageManager(  717): startCopy UserHandle{0}: MeasureParams{78cce2d com.android.alarmclock}
I/PackageManager(  717): Apk copy done
I/PackageManager(  717): init_copy idx=0: MeasureParams{193af62 com.meizu.flyme.scanner}
I/PackageManager(  717): mcs_bound
I/PackageManager(  717): startCopy UserHandle{0}: MeasureParams{193af62 com.meizu.flyme.scanner}
I/PackageManager(  717): Apk copy done
I/PackageManager(  717): init_copy idx=0: MeasureParams{c87c8ba com.mediatek.ygps}
I/WindowManager(  717): Gaining focus: Window{257bfc05 u0 com.android.settings/com.android.settings.Settings}
I/PackageManager(  717): mcs_bound
I/PackageManager(  717): startCopy UserHandle{0}: MeasureParams{c87c8ba com.mediatek.ygps}
I/PackageManager(  717): Apk copy done
I/PackageManager(  717): init_copy idx=0: MeasureParams{2ed5536b com.android.htmlviewer}
I/PackageManager(  717): mcs_bound
I/PackageManager(  717): startCopy UserHandle{0}: MeasureParams{2ed5536b com.android.htmlviewer}
I/PackageManager(  717): Apk copy done
I/PackageManager(  717): init_copy idx=0: MeasureParams{20014ec8 com.iflytek.speechsuite}
I/PackageManager(  717): mcs_bound
I/PackageManager(  717): startCopy UserHandle{0}: MeasureParams{20014ec8 com.iflytek.speechsuite}
I/PackageManager(  717): Apk copy done
I/PackageManager(  717): init_copy idx=0: MeasureParams{3d3fab61 com.meizu.powersave}
I/PackageManager(  717): mcs_bound
I/PackageManager(  717): startCopy UserHandle{0}: MeasureParams{3d3fab61 com.meizu.powersave}
I/PackageManager(  717): Apk copy done
I/WindowManager(  717): Losing focus: Window{257bfc05 u0 com.android.settings/com.android.settings.Settings}
I/WindowManager(  717): Gaining focus: Window{2803251 u0 com.meizu.flyme.launcher/com.meizu.flyme.launcher.Launcher}
I/PackageManager(  717): mcs_check
I/PackageManager(  717): mcs_check(true, 1)
I/ActivityManager(  717): START u0 {act=android.intent.action.MAIN cat=[android.intent.category.LAUNCHER] flg=0x10200000 cmp=com.tencent.mobileqq/.activity.SplashActivity bnds=[576,969][840,1251]} from uid 10083 on display 0 from pid 1590
I/WindowManager(  717): Losing focus: Window{2803251 u0 com.meizu.flyme.launcher/com.meizu.flyme.launcher.Launcher}
I/WindowManager(  717): Gaining focus: Window{718baf5 u0 com.tencent.mobileqq/com.tencent.mobileqq.activity.SplashActivity}
E/NotificationService(  717): Suppressing notification from package com.tencent.mobileqq by user request.
E/NotificationService(  717): Suppressing notification from package com.tencent.mobileqq by user request.
W/ActivityManager(  717): getTasks: caller 10010 does not hold GET_TASKS; limiting output
W/ActivityManager(  717): getTasks: caller 10010 does not hold GET_TASKS; limiting output
W/ActivityManager(  717): getTasks: caller 10010 does not hold GET_TASKS; limiting output
I/thermal_repeater(  300): oh, queryMdThermalInfo (0)Bad file number
I/thermal_repeater(  300): [recvMdThermalInfo] ret=30, strLen=127,  2, 32767, -127, -1, 32767, 17
W/ActivityManager(  717): getTasks: caller 10010 does not hold GET_TASKS; limiting output
W/ActivityManager(  717): getTasks: caller 10010 does not hold GET_TASKS; limiting output
W/ActivityManager(  717): getTasks: caller 10010 does not hold GET_TASKS; limiting output
W/ActivityManager(  717): getTasks: caller 10010 does not hold GET_TASKS; limiting output
W/ActivityManager(  717): getTasks: caller 10010 does not hold GET_TASKS; limiting output
I/thermal_repeater(  300): oh, queryMdThermalInfo (0)Bad file number
I/thermal_repeater(  300): [recvMdThermalInfo] ret=30, strLen=127,  2, 32767, -127, -1, 32767, 17
I/PackageManager(  717): mcs_unbind
I/PackageManager(  717): calling disconnectService()
I/thermal_repeater(  300): oh, queryMdThermalInfo (0)Bad file number
I/thermal_repeater(  300): [recvMdThermalInfo] ret=30, strLen=127,  2, 32767, -127, -1, 32767, 17
W/Watchdog(  717): SWT Watchdog after wait current time:163502064
W/Watchdog(  717): **Get SF Time **1
W/Watchdog(  717): SWT Watchdog before synchronized:163502064
W/Watchdog(  717): SWT Watchdog after synchronized:163502064
W/Watchdog(  717): SWT Watchdog before wait timeout:30000
W/Watchdog(  717): SWT Watchdog before wait current time:163502064
W/Watchdog(  717): SWT Watchdog before wait start:163502064
W/Watchdog(  717): SWT Watchdog before wait CHECK_INTERVAL:30000
I/thermal_repeater(  300): oh, queryMdThermalInfo (0)Bad file number
I/thermal_repeater(  300): [recvMdThermalInfo] ret=30, strLen=127,  2, 32767, -127, -1, 32767, 17
W/ActivityManager(  717): getTasks: caller 10112 does not hold GET_TASKS; limiting output
I/thermal_repeater(  300): oh, queryMdThermalInfo (0)Bad file number
I/thermal_repeater(  300): [recvMdThermalInfo] ret=30, strLen=127,  2, 32767, -127, -1, 32767, 17
I/thermal_repeater(  300): oh, queryMdThermalInfo (0)Bad file number
I/thermal_repeater(  300): [recvMdThermalInfo] ret=30, strLen=127,  2, 32767, -127, -1, 32767, 17
I/ActivityManager(  717): START u0 {act=com.tencent.av.ui.VChatActivity flg=0x10000000 cmp=com.tencent.mobileqq/com.tencent.av.ui.VChatActivity (has extras)} from uid 10010 on display 0 from pid 1059
I/WindowManager(  717): Losing focus: Window{718baf5 u0 com.tencent.mobileqq/com.tencent.mobileqq.activity.SplashActivity}
I/ActivityManager(  717): Start proc 15360:com.tencent.mobileqq:video/u0a10 for activity com.tencent.mobileqq/com.tencent.av.ui.VChatActivity
W/ActivityManager(  717): getTasks: caller 10010 does not hold GET_TASKS; limiting output
I/WindowManager(  717): Gaining focus: Window{718baf5 u0 com.tencent.mobileqq/com.tencent.mobileqq.activity.SplashActivity}
W/InputMethodManagerService(  717): Window already focused, ignoring focus gain of: com.android.internal.view.IInputMethodClient$Stub$Proxy@f3c4c15 attribute=null, token = android.os.BinderProxy@1de5502c
I/thermal_repeater(  300): oh, queryMdThermalInfo (0)Bad file number
I/thermal_repeater(  300): [recvMdThermalInfo] ret=30, strLen=127,  2, 32767, -127, -1, 32767, 17
I/ActivityManager(  717): START u0 {flg=0x10040000 cmp=com.tencent.mobileqq/com.tencent.av.ui.VideoInviteFull (has extras)} from uid 10010 on display 0 from pid 15360
I/WindowManager(  717): Losing focus: Window{718baf5 u0 com.tencent.mobileqq/com.tencent.mobileqq.activity.SplashActivity}
I/PowerManagerService(  717): acquireWakeLockInternal: lock=459559214, packageName=android, activeSince=163522293ms, wakeLock={SCREEN_BRIGHT_WAKE_LOCK        'WindowManager' ON_AFTER_RELEASE (uid=1000, pid=717, ws=WorkSource{10010})}, sleepTimeout=-1ms, screenOffTimeout=600000ms,screenDimDuration=7000ms
I/WindowManager(  717): Gaining focus: Window{3e7d0f4 u0 com.tencent.mobileqq/com.tencent.av.ui.VideoInviteFull}
W/ActivityManager(  717): getTasks: caller 10010 does not hold GET_TASKS; limiting output
W/ActivityManager(  717): getTasks: caller 10010 does not hold GET_TASKS; limiting output
W/ActivityManager(  717): getTasks: caller 10010 does not hold GET_TASKS; limiting output
W/ActivityManager(  717): getTasks: caller 10010 does not hold GET_TASKS; limiting output
W/ActivityManager(  717): getTasks: caller 10010 does not hold GET_TASKS; limiting output
W/ActivityManager(  717): getTasks: caller 10010 does not hold GET_TASKS; limiting output
W/ActivityManager(  717): getTasks: caller 10010 does not hold GET_TASKS; limiting output
W/ActivityManager(  717): getTasks: caller 10010 does not hold GET_TASKS; limiting output
W/ActivityManager(  717): getTasks: caller 10010 does not hold GET_TASKS; limiting output
W/ActivityManager(  717): getTasks: caller 10010 does not hold GET_TASKS; limiting output
W/ActivityManager(  717): getTasks: caller 10010 does not hold GET_TASKS; limiting output
W/ActivityManager(  717): getTasks: caller 10010 does not hold GET_TASKS; limiting output
W/ActivityManager(  717): getTasks: caller 10010 does not hold GET_TASKS; limiting output
I/thermal_repeater(  300): oh, queryMdThermalInfo (0)Bad file number
I/thermal_repeater(  300): [recvMdThermalInfo] ret=30, strLen=127,  2, 32767, -127, -1, 32767, 17
I/ActivityManager(  717): START u0 {flg=0x40000 cmp=com.tencent.mobileqq/com.tencent.av.ui.AVActivity (has extras)} from uid 10010 on display 0 from pid 15360
I/WindowManager(  717): Losing focus: Window{3e7d0f4 u0 com.tencent.mobileqq/com.tencent.av.ui.VideoInviteFull}
I/ActivityManager(  717): Start proc 15475:com.tencent.mobileqq:qzone/u0a10 for service com.tencent.mobileqq/cooperation.qzone.QzonePluginProxyService
I/ActivityManager(  717): Start proc 15513:com.tencent.mobileqq:web/u0a10 for broadcast com.tencent.mobileqq/.webprocess.WebProcessReceiver
W/ActivityManager(  717): Skip forceProcessStateUpTo() to newState 8
I/WindowManager(  717): Gaining focus: Window{25981dd8 u0 com.tencent.mobileqq/com.tencent.av.ui.AVActivity}
W/ActivityManager(  717): getTasks: caller 10010 does not hold GET_TASKS; limiting output
W/ActivityManager(  717): getTasks: caller 10010 does not hold GET_TASKS; limiting output
W/ActivityManager(  717): getTasks: caller 10010 does not hold GET_TASKS; limiting output
W/ActivityManager(  717): getTasks: caller 10010 does not hold GET_TASKS; limiting output
W/ActivityManager(  717): getTasks: caller 10010 does not hold GET_TASKS; limiting output
W/ActivityManager(  717): getTasks: caller 10010 does not hold GET_TASKS; limiting output
W/ActivityManager(  717): getTasks: caller 10010 does not hold GET_TASKS; limiting output
W/ActivityManager(  717): getTasks: caller 10010 does not hold GET_TASKS; limiting output
W/ActivityManager(  717): getTasks: caller 10010 does not hold GET_TASKS; limiting output
W/ActivityManager(  717): getTasks: caller 10010 does not hold GET_TASKS; limiting output
I/thermal_repeater(  300): oh, queryMdThermalInfo (0)Bad file number
I/thermal_repeater(  300): [recvMdThermalInfo] ret=30, strLen=127,  2, 32767, -127, -1, 32767, 17
W/Watchdog(  717): SWT Watchdog after wait current time:163532064
W/Watchdog(  717): **Get SF Time **1
W/Watchdog(  717): SWT Watchdog before synchronized:163532065
W/Watchdog(  717): SWT Watchdog after synchronized:163532065
W/Watchdog(  717): SWT Watchdog before wait timeout:30000
W/Watchdog(  717): SWT Watchdog before wait current time:163532065
W/Watchdog(  717): SWT Watchdog before wait start:163532065
W/Watchdog(  717): SWT Watchdog before wait CHECK_INTERVAL:30000
W/ResourcesManager(15513): Asset path '/system/framework/com.google.android.maps.jar' does not exist or contains no resources.
I/WindowManager(  717): Gaining focus: Window{718baf5 u0 com.tencent.mobileqq/com.tencent.mobileqq.activity.SplashActivity}
I/WindowManager(  717): Losing focus: Window{25981dd8 u0 com.tencent.mobileqq/com.tencent.av.ui.AVActivity}
E/NotificationService(  717): Suppressing notification from package com.tencent.mobileqq by user request.
E/NotificationService(  717): Suppressing notification from package com.tencent.mobileqq by user request.
I/PowerManagerService(  717): releaseWakeLockInternal: lock=459559214, packageName=android, flags=0x0, total_time=11891ms, wakeLock={SCREEN_BRIGHT_WAKE_LOCK        'WindowManager' ON_AFTER_RELEASE (uid=1000, pid=717, ws=WorkSource{10010})}, sleepTimeout=-1ms, screenOffTimeout=600000ms,screenDimDuration=7000ms
W/ActivityManager(  717): getTasks: caller 10010 does not hold GET_TASKS; limiting output
W/ActivityManager(  717): getTasks: caller 10010 does not hold GET_TASKS; limiting output
W/ActivityManager(  717): getTasks: caller 10010 does not hold GET_TASKS; limiting output
W/ActivityManager(  717): getTasks: caller 10010 does not hold GET_TASKS; limiting output
W/ActivityManager(  717): getTasks: caller 10010 does not hold GET_TASKS; limiting output
W/ActivityManager(  717): getTasks: caller 10010 does not hold GET_TASKS; limiting output
I/PowerManagerService(  717): acquireWakeLockInternal: lock=459559214, packageName=android, activeSince=163534570ms, wakeLock={SCREEN_BRIGHT_WAKE_LOCK        'WindowManager' ON_AFTER_RELEASE (uid=1000, pid=717, ws=WorkSource{10010})}, sleepTimeout=-1ms, screenOffTimeout=600000ms,screenDimDuration=7000ms
E/NotificationService(  717): Suppressing notification from package com.tencent.mobileqq by user request.
E/NotificationService(  717): Suppressing notification from package com.tencent.mobileqq by user request.
W/ActivityManager(  717): getTasks: caller 10010 does not hold GET_TASKS; limiting output
I/thermal_repeater(  300): oh, queryMdThermalInfo (0)Bad file number
I/thermal_repeater(  300): [recvMdThermalInfo] ret=30, strLen=127,  2, 32767, -127, -1, 32767, 17
E/NotificationService(  717): Suppressing notification from package com.tencent.mobileqq by user request.
E/NotificationService(  717): Suppressing notification from package com.tencent.mobileqq by user request.
