I/AudioFlinger_Threads(  280): [GJ_DEBUG] streamType = 0, device = 0x0001, track = 4096 param = 3002 == [READY] == 1.000000 | 1.000000 | 0.000000 
I/libPerfService(  717): perfDumpAll
I/libPerfService(  717): perfDumpAll - type:5, core:2, big:0, little:2, freq:1690000, freq_big:0, freq_little:1690000, gpu:-1
I/libPerfService(  717): perfDumpAll - type:6, core:0, big:0, little:0, freq:0, freq_big:1144000, freq_little:0, gpu:-1
I/libPerfService(  717): perfDumpAll - type:13, core:8, big:4, little:4, freq:0, freq_big:2002000, freq_little:1690000, gpu:0
I/libPerfService(  717):             - pid:717, tid:1333, comm:system_server
I/AudioFlinger_Threads(  280): [GJ_DEBUG] streamType = 0, device = 0x0001, track = 4096 param = 3002 == [READY] == 1.000000 | 1.000000 | 0.000000 
I/AudioFlinger_Threads(  280): [GJ_DEBUG] streamType = 0, device = 0x0001, track = 4096 param = 3002 == [READY] == 1.000000 | 1.000000 | 0.000000 
I/AudioFlinger_Threads(  280): [GJ_DEBUG] streamType = 0, device = 0x0001, track = 4096 param = 3002 == [READY] == 1.000000 | 1.000000 | 0.000000 
I/AudioFlinger_Threads(  280): [GJ_DEBUG] streamType = 0, device = 0x0001, track = 4096 param = 3002 == [READY] == 1.000000 | 1.000000 | 0.000000 
I/AudioFlinger_Threads(  280): [GJ_DEBUG] streamType = 0, device = 0x0001, track = 4096 param = 3002 == [READY] == 1.000000 | 1.000000 | 0.000000 
I/AudioFlinger_Threads(  280): [GJ_DEBUG] streamType = 0, device = 0x0001, track = 4096 param = 3002 == [READY] == 1.000000 | 1.000000 | 0.000000 
I/AudioFlinger_Threads(  280): [GJ_DEBUG] streamType = 0, device = 0x0001, track = 4096 param = 3002 == [READY] == 1.000000 | 1.000000 | 0.000000 
I/AudioFlinger_Threads(  280): [GJ_DEBUG] streamType = 0, device = 0x0001, track = 4096 param = 3002 == [READY] == 1.000000 | 1.000000 | 0.000000 
I/AudioFlinger_Threads(  280): [GJ_DEBUG] streamType = 0, device = 0x0001, track = 4096 param = 3002 == [READY] == 1.000000 | 1.000000 | 0.000000 
I/AudioFlinger_Threads(  280): [GJ_DEBUG] streamType = 0, device = 0x0001, track = 4096 param = 3002 == [READY] == 1.000000 | 1.000000 | 0.000000 
I/AudioFlinger_Threads(  280): [GJ_DEBUG] streamType = 0, device = 0x0001, track = 4096 param = 3002 == [READY] == 1.000000 | 1.000000 | 0.000000 
I/SurfaceFlinger(  263): [Built-in Screen (type:0)] fps:16.304739,dur:1042.64,max:151.41,min:16.45
I/CloudService( 7086): BatteryChangeReceiver.onReceive, action:android.intent.action.BATTERY_CHANGED,sHasAlertPowerLow:false
I/CloudService( 7086): BatteryChangeReceiver.onReceive, power:45%, sHasAlertPowerLow:false
W/PowerLevelNotification(21568): receive intent: android.intent.action.BATTERY_CHANGED
I/libPerfService(  717): perfDumpAll
I/libPerfService(  717): perfDumpAll - type:5, core:2, big:0, little:2, freq:1690000, freq_big:0, freq_little:1690000, gpu:-1
I/libPerfService(  717): perfDumpAll - type:6, core:0, big:0, little:0, freq:0, freq_big:1144000, freq_little:0, gpu:-1
I/libPerfService(  717): perfDumpAll - type:13, core:8, big:4, little:4, freq:0, freq_big:2002000, freq_little:1690000, gpu:0
I/libPerfService(  717):             - pid:717, tid:1333, comm:system_server
I/AudioFlinger_Threads(  280): [GJ_DEBUG] streamType = 0, device = 0x0001, track = 4096 param = 3002 == [READY] == 1.000000 | 1.000000 | 0.000000 
I/AudioFlinger_Threads(  280): [GJ_DEBUG] streamType = 0, device = 0x0001, track = 4096 param = 3002 == [READY] == 1.000000 | 1.000000 | 0.000000 
I/AudioFlinger_Threads(  280): [GJ_DEBUG] streamType = 0, device = 0x0001, track = 4096 param = 3002 == [READY] == 1.000000 | 1.000000 | 0.000000 
I/AudioFlinger_Threads(  280): [GJ_DEBUG] streamType = 0, device = 0x0001, track = 4096 param = 3002 == [READY] == 1.000000 | 1.000000 | 0.000000 
I/AudioFlinger_Threads(  280): [GJ_DEBUG] streamType = 0, device = 0x0001, track = 4096 param = 3002 == [READY] == 1.000000 | 1.000000 | 0.000000 
I/AudioFlinger_Threads(  280): [GJ_DEBUG] streamType = 0, device = 0x0001, track = 4096 param = 3002 == [READY] == 1.000000 | 1.000000 | 0.000000 
I/libPerfService(  717): 5: set freq: 1690000, 2002000
I/AudioFlinger_Threads(  280): [GJ_DEBUG] streamType = 0, device = 0x0001, track = 4096 param = 3002 == [READY] == 1.000000 | 1.000000 | 0.000000 
I/libPerfService(  717): 13: set: 1, 0
I/libPerfService(  717): 13: set freq: 0, 1144000
I/libPerfService(  717): 13: set gpu level: 0
I/AudioFlinger_Threads(  280): [GJ_DEBUG] streamType = 0, device = 0x0001, track = 4096 param = 3002 == [READY] == 1.000000 | 1.000000 | 0.000000 
I/AudioFlinger_Threads(  280): [GJ_DEBUG] streamType = 0, device = 0x0001, track = 4096 param = 3002 == [READY] == 1.000000 | 1.000000 | 0.000000 
I/AudioFlinger_Threads(  280): [GJ_DEBUG] streamType = 0, device = 0x0001, track = 4096 param = 3002 == [READY] == 1.000000 | 1.000000 | 0.000000 
I/PerfService(  717): PerfServiceNative_boostEnableTimeoutAsync:5, 2
I/libPerfService(  717): 5: set freq: 1690000, 1144000
I/libPerfService(  717): 5: set: 2, 0
I/thermal_repeater(  300): oh, queryMdThermalInfo (0)Bad file number
I/AudioFlinger_Threads(  280): [GJ_DEBUG] streamType = 0, device = 0x0001, track = 4096 param = 3002 == [READY] == 1.000000 | 1.000000 | 0.000000 
I/thermal_repeater(  300): [recvMdThermalInfo] ret=30, strLen=127,  2, 32767, -127, -1, 32767, 17
I/libPerfService(  717): perfDumpAll
I/libPerfService(  717): perfDumpAll - type:5, core:2, big:0, little:2, freq:1690000, freq_big:0, freq_little:1690000, gpu:-1
I/libPerfService(  717): perfDumpAll - type:6, core:0, big:0, little:0, freq:0, freq_big:1144000, freq_little:0, gpu:-1
I/AudioFlinger_Threads(  280): [GJ_DEBUG] streamType = 0, device = 0x0001, track = 4096 param = 3002 == [READY] == 1.000000 | 1.000000 | 0.000000 
I/AudioFlinger_Threads(  280): [GJ_DEBUG] streamType = 0, device = 0x0001, track = 4096 param = 3002 == [READY] == 1.000000 | 1.000000 | 0.000000 
W/Watchdog(  717): SWT Watchdog after wait current time:163562065
W/Watchdog(  717): **Get SF Time **1
W/Watchdog(  717): SWT Watchdog before synchronized:163562066
W/Watchdog(  717): SWT Watchdog after synchronized:163562066
W/Watchdog(  717): SWT Watchdog before wait timeout:30000
W/Watchdog(  717): SWT Watchdog before wait current time:163562066
W/Watchdog(  717): SWT Watchdog before wait start:163562066
W/Watchdog(  717): SWT Watchdog before wait CHECK_INTERVAL:30000
I/AudioFlinger_Threads(  280): [GJ_DEBUG] streamType = 0, device = 0x0001, track = 4096 param = 3002 == [READY] == 1.000000 | 1.000000 | 0.000000 
I/libPerfService(  717): perfSetFavorPid - pid:15360, 3c00
I/libPerfService(  717): perfSetFavorPid - pid:15360, 3c00
I/libPerfService(  717): perfSetFavorPid - pid:15360, 3c00
I/libPerfService(  717): 13: set freq: 1690000, 2002000
I/libPerfService(  717): 13: set: 4, 4
I/libPerfService(  717): perfSetFavorPid - pid:1022, 3fe
I/AudioFlinger_Threads(  280): [GJ_DEBUG] streamType = 0, device = 0x0001, track = 4096 param = 3002 == [READY] == 1.000000 | 1.000000 | 0.000000 
I/WindowManager(  717): Gaining focus: Window{718baf5 u0 com.tencent.mobileqq/com.tencent.mobileqq.activity.SplashActivity}
I/WindowManager(  717): Losing focus: Window{28941fc7 u0 com.tencent.mobileqq/com.tencent.av.ui.AVActivity}
I/libPerfService(  717): perfSetFavorPid - pid:1022, 3fe
I/libPerfService(  717): perfSetFavorPid - pid:1022, 3fe
I/libPerfService(  717): perfSetFavorPid - pid:1022, 3fe
I/SurfaceView(15360): updateWindow -- onWindowVisibilityChanged, visibility = 8, this = com.tencent.av.opengl.ui.GLRootView{1797bd72 V.E..... ........ 0,0-1152,1920 #7f090b8e app:id/name}
I/AudioFlinger_Threads(  280): [GJ_DEBUG] streamType = 0, device = 0x0001, track = 4096 param = 3002 == [READY] == 1.000000 | 1.000000 | 0.000000 
I/libPerfService(  717): perfDumpAll
I/libPerfService(  717): perfDumpAll - type:5, core:2, big:0, little:2, freq:1690000, freq_big:0, freq_little:1690000, gpu:-1
I/libPerfService(  717): perfDumpAll - type:6, core:0, big:0, little:0, freq:0, freq_big:1144000, freq_little:0, gpu:-1
I/libPerfService(  717): perfDumpAll - type:13, core:8, big:4, little:4, freq:0, freq_big:2002000, freq_little:1690000, gpu:0
I/libPerfService(  717):             - pid:717, tid:1333, comm:system_server
I/libPerfService(  717): perfSetFavorPid - pid:1022, 3fe
I/AudioFlinger_Threads(  280): [GJ_DEBUG] streamType = 0, device = 0x0001, track = 4096 param = 3002 == [READY] == 1.000000 | 1.000000 | 0.000000 
I/libPerfService(  717): perfSetFavorPid - pid:1022, 3fe
I/libPerfService(  717): perfSetFavorPid - pid:1022, 3fe
E/GLConsumer(15360): hongxu transact start
I/libPerfService(  717): perfSetFavorPid - pid:1022, 3fe
I/Sensors (  717): HAL:resetDataRates mEnabled=4
E/GLConsumer(15360): hongxu transact end
I/DefaultContextFactory(15360): eglDestroyContext = 7901, this = com.tencent.av.opengl.ui.GLRootView{1797bd72 V.E..... ........ 0,0-1152,1920 #7f090b8e app:id/name}
I/AudioFlinger_Threads(  280): [GJ_DEBUG] streamType = 0, device = 0x0001, track = 4096 param = 3002 == [READY] == 1.000000 | 1.000000 | 0.000000 
I/libPerfService(  717): perfSetFavorPid - pid:1022, 3fe
I/libPerfService(  717): perfSetFavorPid - pid:1022, 3fe
E/GLConsumer(15360): hongxu transact start
I/Sensors (  717): HAL:resetDataRates mEnabled=4
I/AudioFlinger_Threads(  280): [GJ_DEBUG] streamType = 0, device = 0x0001, track = 4096 param = 3002 == [READY] == 1.000000 | 1.000000 | 0.000000 
E/GLConsumer(15360): hongxu transact end
I/libPerfService(  717): perfSetFavorPid - pid:1022, 3fe
W/ActivityManager(  717): getTasks: caller 10010 does not hold GET_TASKS; limiting output
I/ActivityManager(  717): START u0 {flg=0x34020000 cmp=com.tencent.mobileqq/com.tencent.av.smallscreen.SmallScreenDialogActivity (has extras)} from uid 10010 on display 0 from pid 15360
I/AudioFlinger_Threads(  280): [GJ_DEBUG] streamType = 0, device = 0x0001, track = 4096 param = 3002 == [READY] == 1.000000 | 1.000000 | 0.000000 
I/libPerfService(  717): perfDumpAll
I/libPerfService(  717): perfDumpAll - type:5, core:2, big:0, little:2, freq:1690000, freq_big:0, freq_little:1690000, gpu:-1
I/libPerfService(  717): perfDumpAll - type:6, core:0, big:0, little:0, freq:0, freq_big:1144000, freq_little:0, gpu:-1
I/libPerfService(  717): perfDumpAll - type:13, core:8, big:4, little:4, freq:0, freq_big:2002000, freq_little:1690000, gpu:0
I/libPerfService(  717):             - pid:717, tid:1333, comm:system_server
I/WindowManager(  717): Losing focus: Window{718baf5 u0 com.tencent.mobileqq/com.tencent.mobileqq.activity.SplashActivity}
I/libPerfService(  717): perfSetFavorPid - pid:1022, 3fe
I/libPerfService(  717): perfSetFavorPid - pid:15360, 3c00
I/libPerfService(  717): perfSetFavorPid - pid:15360, 3c00
I/libPerfService(  717): perfSetFavorPid - pid:15360, 3c00
I/libPerfService(  717): perfSetFavorPid - pid:15360, 3c00
E/NotificationService(  717): Suppressing notification from package com.tencent.mobileqq by user request.
I/AudioFlinger_Threads(  280): [GJ_DEBUG] streamType = 0, device = 0x0001, track = 4096 param = 3002 == [READY] == 1.000000 | 1.000000 | 0.000000 
E/NotificationService(  717): Suppressing notification from package com.tencent.mobileqq by user request.
E/GLConsumer(15360): hongxu transact start
E/Sensors (  717): invnHAL:Dmp Accel Bias read 0 0 0
I/AudioFlinger_Threads(  280): [GJ_DEBUG] streamType = 0, device = 0x0001, track = 4096 param = 3002 == [READY] == 1.000000 | 1.000000 | 0.000000 
E/GLConsumer(15360): hongxu transact end
E/GLConsumer(15360): hongxu transact start
I/AudioFlinger_Threads(  280): [GJ_DEBUG] streamType = 0, device = 0x0001, track = 4096 param = 3002 == [READY] == 1.000000 | 1.000000 | 0.000000 
E/GLConsumer(15360): hongxu transact end
I/SurfaceView(15360): updateWindow -- onDetachedFromWindow, this = com.tencent.av.opengl.ui.GLRootView{1797bd72 V.E..... ........ 0,0-1152,1920 #7f090b8e app:id/name}
E/MPlugin (15360): Unsupported class: com.mediatek.common.telephony.IOnlyOwnerSimSupport
I/AudioFlinger_Threads(  280): [GJ_DEBUG] streamType = 0, device = 0x0001, track = 4096 param = 3002 == [READY] == 1.000000 | 1.000000 | 0.000000 
I/GLSurfaceView(15360): setRenderer(), this = com.tencent.av.opengl.ui.GLRootView{1d23754f V.E..... ......I. 0,0-0,0 #7f090b8e app:id/name}
E/GLConsumer(15360): hongxu transact start
I/AudioFlinger_Threads(  280): [GJ_DEBUG] streamType = 0, device = 0x0001, track = 4096 param = 3002 == [READY] == 1.000000 | 1.000000 | 0.000000 
I/AudioFlinger_Threads(  280): [GJ_DEBUG] streamType = 0, device = 0x0001, track = 4096 param = 3002 == [READY] == 1.000000 | 1.000000 | 0.000000 
I/Sensors (  717): HAL:resetDataRates mEnabled=4
I/AudioFlinger_Threads(  280): [GJ_DEBUG] streamType = 0, device = 0x0001, track = 4096 param = 3002 == [READY] == 1.000000 | 1.000000 | 0.000000 
E/GLConsumer(15360): hongxu transact end
I/AudioFlinger_Threads(  280): [GJ_DEBUG] streamType = 0, device = 0x0001, track = 4096 param = 3002 == [READY] == 1.000000 | 1.000000 | 0.000000 
E/GLConsumer(15360): hongxu transact start
E/GLConsumer(15360): hongxu transact end
I/libPerfService(  717): perfSetFavorPid - pid:15360, 3c00
I/AudioFlinger_Threads(  280): [GJ_DEBUG] streamType = 0, device = 0x0001, track = 4096 param = 3002 == [READY] == 1.000000 | 1.000000 | 0.000000 
I/AudioFlinger_Threads(  280): [GJ_DEBUG] streamType = 0, device = 0x0001, track = 4096 param = 3002 == [READY] == 1.000000 | 1.000000 | 0.000000 
I/WindowManager(  717): Gaining focus: Window{29fe88b7 u0 com.tencent.mobileqq/com.tencent.av.smallscreen.SmallScreenDialogActivity}
I/AudioFlinger_Threads(  280): [GJ_DEBUG] streamType = 0, device = 0x0001, track = 4096 param = 3002 == [READY] == 1.000000 | 1.000000 | 0.000000 
I/AudioFlinger_Threads(  280): [GJ_DEBUG] streamType = 0, device = 0x0001, track = 4096 param = 3002 == [READY] == 1.000000 | 1.000000 | 0.000000 
I/libPerfService(  717): perfDumpAll
I/libPerfService(  717): perfDumpAll - type:5, core:2, big:0, little:2, freq:1690000, freq_big:0, freq_little:1690000, gpu:-1
I/libPerfService(  717): perfDumpAll - type:6, core:0, big:0, little:0, freq:0, freq_big:1144000, freq_little:0, gpu:-1
I/libPerfService(  717): perfDumpAll - type:13, core:8, big:4, little:4, freq:0, freq_big:2002000, freq_little:1690000, gpu:0
I/libPerfService(  717):             - pid:717, tid:1333, comm:system_server
I/AudioFlinger_Threads(  280): [GJ_DEBUG] streamType = 0, device = 0x0001, track = 4096 param = 3002 == [READY] == 1.000000 | 1.000000 | 0.000000 
I/AudioFlinger_Threads(  280): [GJ_DEBUG] streamType = 0, device = 0x0001, track = 4096 param = 3002 == [READY] == 1.000000 | 1.000000 | 0.000000 
I/ActivityManager(  717): [AppLaunch] Displayed Displayed com.tencent.mobileqq/com.tencent.av.smallscreen.SmallScreenDialogActivity: +293ms
I/libPerfService(  717): perfSetFavorPid - pid:15360, 3c00
I/PowerManagerService(  717): releaseWakeLockInternal: lock=459559214, packageName=android, flags=0x0, total_time=2314ms, wakeLock={SCREEN_BRIGHT_WAKE_LOCK        'WindowManager' ON_AFTER_RELEASE (uid=1000, pid=717, ws=WorkSource{10010})}, sleepTimeout=-1ms, screenOffTimeout=600000ms,screenDimDuration=7000ms
I/AudioFlinger_Threads(  280): [GJ_DEBUG] streamType = 0, device = 0x0001, track = 4096 param = 3002 == [READY] == 1.000000 | 1.000000 | 0.000000 
I/AudioFlinger_Threads(  280): [GJ_DEBUG] streamType = 0, device = 0x0001, track = 4096 param = 3002 == [READY] == 1.000000 | 1.000000 | 0.000000 
I/AudioFlinger_Threads(  280): [GJ_DEBUG] streamType = 0, device = 0x0001, track = 4096 param = 3002 == [READY] == 1.000000 | 1.000000 | 0.000000 
I/AudioFlinger_Threads(  280): [GJ_DEBUG] streamType = 0, device = 0x0001, track = 4096 param = 3002 == [READY] == 1.000000 | 1.000000 | 0.000000 
I/AudioFlinger_Threads(  280): [GJ_DEBUG] streamType = 0, device = 0x0001, track = 4096 param = 3002 == [READY] == 1.000000 | 1.000000 | 0.000000 
I/AudioFlinger_Threads(  280): [GJ_DEBUG] streamType = 0, device = 0x0001, track = 4096 param = 3002 == [READY] == 1.000000 | 1.000000 | 0.000000 
I/AudioFlinger_Threads(  280): [GJ_DEBUG] streamType = 0, device = 0x0001, track = 4096 param = 3002 == [READY] == 1.000000 | 1.000000 | 0.000000 
I/AudioFlinger_Threads(  280): [GJ_DEBUG] streamType = 0, device = 0x0001, track = 4096 param = 3002 == [READY] == 1.000000 | 1.000000 | 0.000000 
I/AudioFlinger_Threads(  280): [GJ_DEBUG] streamType = 0, device = 0x0001, track = 4096 param = 3002 == [READY] == 1.000000 | 1.000000 | 0.000000 
I/AudioFlinger_Threads(  280): [GJ_DEBUG] streamType = 0, device = 0x0001, track = 4096 param = 3002 == [READY] == 1.000000 | 1.000000 | 0.000000 
I/AudioFlinger_Threads(  280): [GJ_DEBUG] streamType = 0, device = 0x0001, track = 4096 param = 3002 == [READY] == 1.000000 | 1.000000 | 0.000000 
I/AudioFlinger_Threads(  280): [GJ_DEBUG] streamType = 0, device = 0x0001, track = 4096 param = 3002 == [READY] == 1.000000 | 1.000000 | 0.000000 
I/libPerfService(  717): perfSetFavorPid - pid:15360, 3c00
I/AudioFlinger_Threads(  280): [GJ_DEBUG] streamType = 0, device = 0x0001, track = 4096 param = 3002 == [READY] == 1.000000 | 1.000000 | 0.000000 
I/libPerfService(  717): perfSetFavorPid - pid:15360, 3c00
I/AudioFlinger_Threads(  280): [GJ_DEBUG] streamType = 0, device = 0x0001, track = 4096 param = 3002 == [READY] == 1.000000 | 1.000000 | 0.000000 
I/libPerfService(  717): perfDumpAll
I/libPerfService(  717): perfDumpAll - type:5, core:2, big:0, little:2, freq:1690000, freq_big:0, freq_little:1690000, gpu:-1
I/libPerfService(  717): perfDumpAll - type:6, core:0, big:0, little:0, freq:0, freq_big:1144000, freq_little:0, gpu:-1
I/libPerfService(  717): perfDumpAll - type:13, core:8, big:4, little:4, freq:0, freq_big:2002000, freq_little:1690000, gpu:0
I/libPerfService(  717):             - pid:717, tid:1333, comm:system_server
I/AudioFlinger_Threads(  280): [GJ_DEBUG] streamType = 0, device = 0x0001, track = 4096 param = 3002 == [READY] == 1.000000 | 1.000000 | 0.000000 
I/SurfaceFlinger(  263): [Built-in Screen (type:0)] fps:44.829544,dur:1048.42,max:69.09,min:14.93
I/AudioFlinger_Threads(  280): [GJ_DEBUG] streamType = 0, device = 0x0001, track = 4096 param = 3002 == [READY] == 1.000000 | 1.000000 | 0.000000 
I/AudioFlinger_Threads(  280): [GJ_DEBUG] streamType = 0, device = 0x0001, track = 4096 param = 3002 == [READY] == 1.000000 | 1.000000 | 0.000000 
I/AudioFlinger_Threads(  280): [GJ_DEBUG] streamType = 0, device = 0x0001, track = 4096 param = 3002 == [READY] == 1.000000 | 1.000000 | 0.000000 
I/AudioFlinger_Threads(  280): [GJ_DEBUG] streamType = 0, device = 0x0001, track = 4096 param = 3002 == [READY] == 1.000000 | 1.000000 | 0.000000 
I/AudioFlinger_Threads(  280): [GJ_DEBUG] streamType = 0, device = 0x0001, track = 4096 param = 3002 == [READY] == 1.000000 | 1.000000 | 0.000000 
I/AudioFlinger_Threads(  280): [GJ_DEBUG] streamType = 0, device = 0x0001, track = 4096 param = 3002 == [READY] == 1.000000 | 1.000000 | 0.000000 
I/AudioFlinger_Threads(  280): [GJ_DEBUG] streamType = 0, device = 0x0001, track = 4096 param = 3002 == [READY] == 1.000000 | 1.000000 | 0.000000 
I/AudioFlinger_Threads(  280): [GJ_DEBUG] streamType = 0, device = 0x0001, track = 4096 param = 3002 == [READY] == 1.000000 | 1.000000 | 0.000000 
I/AudioFlinger_Threads(  280): [GJ_DEBUG] streamType = 0, device = 0x0001, track = 4096 param = 3002 == [READY] == 1.000000 | 1.000000 | 0.000000 
I/AudioFlinger_Threads(  280): [GJ_DEBUG] streamType = 0, device = 0x0001, track = 4096 param = 3002 == [READY] == 1.000000 | 1.000000 | 0.000000 
I/AudioFlinger_Threads(  280): [GJ_DEBUG] streamType = 0, device = 0x0001, track = 4096 param = 3002 == [READY] == 1.000000 | 1.000000 | 0.000000 
I/AudioFlinger_Threads(  280): [GJ_DEBUG] streamType = 0, device = 0x0001, track = 4096 param = 3002 == [READY] == 1.000000 | 1.000000 | 0.000000 
I/libPerfService(  717): perfDumpAll
I/libPerfService(  717): perfDumpAll - type:5, core:2, big:0, little:2, freq:1690000, freq_big:0, freq_little:1690000, gpu:-1
I/libPerfService(  717): perfDumpAll - type:6, core:0, big:0, little:0, freq:0, freq_big:1144000, freq_little:0, gpu:-1
I/libPerfService(  717): perfDumpAll - type:13, core:8, big:4, little:4, freq:0, freq_big:2002000, freq_little:1690000, gpu:0
I/libPerfService(  717):             - pid:717, tid:1333, comm:system_server
I/AudioFlinger_Threads(  280): [GJ_DEBUG] streamType = 0, device = 0x0001, track = 4096 param = 3002 == [READY] == 1.000000 | 1.000000 | 0.000000 
I/AudioFlinger_Threads(  280): [GJ_DEBUG] streamType = 0, device = 0x0001, track = 4096 param = 3002 == [READY] == 1.000000 | 1.000000 | 0.000000 
E/DAVEngineImpl(15360): fSendMsgToUI. dwMsgID = 1035, dwParam1 = -1740542976, dwParam2 = -1, peeruin = 801
I/AudioFlinger_Threads(  280): [GJ_DEBUG] streamType = 0, device = 0x0001, track = 4096 param = 3002 == [READY] == 1.000000 | 1.000000 | 0.000000 
I/AudioFlinger_Threads(  280): [GJ_DEBUG] streamType = 0, device = 0x0001, track = 4096 param = 3002 == [READY] == 1.000000 | 1.000000 | 0.000000 
I/AudioFlinger_Threads(  280): [GJ_DEBUG] streamType = 0, device = 0x0001, track = 4096 param = 3002 == [READY] == 1.000000 | 1.000000 | 0.000000 
I/AudioFlinger_Threads(  280): [GJ_DEBUG] streamType = 0, device = 0x0001, track = 4096 param = 3002 == [READY] == 1.000000 | 1.000000 | 0.000000 
W/recents.Component(  933): create a new LoadPlan to load thumbnail -- background
W/recents.Performance(  933): preload while task Change spend : 5
I/AudioFlinger_Threads(  280): [GJ_DEBUG] streamType = 0, device = 0x0001, track = 4096 param = 3002 == [READY] == 1.000000 | 1.000000 | 0.000000 
E/NotificationService(  717): Suppressing notification from package com.tencent.mobileqq by user request.
I/AudioFlinger_Threads(  280): [GJ_DEBUG] streamType = 0, device = 0x0001, track = 4096 param = 3002 == [READY] == 1.000000 | 1.000000 | 0.000000 
I/AudioFlinger_Threads(  280): [GJ_DEBUG] streamType = 0, device = 0x0001, track = 4096 param = 3002 == [READY] == 1.000000 | 1.000000 | 0.000000 
I/AudioFlinger_Threads(  280): [GJ_DEBUG] streamType = 0, device = 0x0001, track = 4096 param = 3002 == [READY] == 1.000000 | 1.000000 | 0.000000 
I/AudioFlinger_Threads(  280): [GJ_DEBUG] streamType = 0, device = 0x0001, track = 4096 param = 3002 == [READY] == 1.000000 | 1.000000 | 0.000000 
I/AudioFlinger_Threads(  280): [GJ_DEBUG] streamType = 0, device = 0x0001, track = 4096 param = 3002 == [READY] == 1.000000 | 1.000000 | 0.000000 
I/AudioFlinger_Threads(  280): [GJ_DEBUG] streamType = 0, device = 0x0001, track = 4096 param = 3002 == [READY] == 1.000000 | 1.000000 | 0.000000 
I/AudioFlinger_Threads(  280): [GJ_DEBUG] streamType = 0, device = 0x0001, track = 4096 param = 3002 == [READY] == 1.000000 | 1.000000 | 0.000000 
I/AudioFlinger_Threads(  280): [GJ_DEBUG] streamType = 0, device = 0x0001, track = 4096 param = 3002 == [READY] == 1.000000 | 1.000000 | 0.000000 
I/AudioFlinger_Threads(  280): [GJ_DEBUG] streamType = 0, device = 0x0001, track = 4096 param = 3002 == [READY] == 1.000000 | 1.000000 | 0.000000 
I/AudioFlinger_Threads(  280): [GJ_DEBUG] streamType = 0, device = 0x0001, track = 4096 param = 3002 == [READY] == 1.000000 | 1.000000 | 0.000000 
I/AudioFlinger_Threads(  280): [GJ_DEBUG] streamType = 0, device = 0x0001, track = 4096 param = 3002 == [READY] == 1.000000 | 1.000000 | 0.000000 
I/AudioFlinger_Threads(  280): [GJ_DEBUG] streamType = 0, device = 0x0001, track = 4096 param = 3002 == [READY] == 1.000000 | 1.000000 | 0.000000 
I/AudioFlinger_Threads(  280): [GJ_DEBUG] streamType = 0, device = 0x0001, track = 4096 param = 3002 == [READY] == 1.000000 | 1.000000 | 0.000000 
I/AudioFlinger_Threads(  280): [GJ_DEBUG] streamType = 0, device = 0x0001, track = 4096 param = 3002 == [READY] == 1.000000 | 1.000000 | 0.000000 
I/AudioFlinger_Threads(  280): [GJ_DEBUG] streamType = 0, device = 0x0001, track = 4096 param = 3002 == [READY] == 1.000000 | 1.000000 | 0.000000 
I/AudioFlinger_Threads(  280): [GJ_DEBUG] streamType = 0, device = 0x0001, track = 4096 param = 3002 == [READY] == 1.000000 | 1.000000 | 0.000000 
I/AudioFlinger_Threads(  280): [GJ_DEBUG] streamType = 0, device = 0x0001, track = 4096 param = 3002 == [READY] == 1.000000 | 1.000000 | 0.000000 
I/AudioFlinger_Threads(  280): [GJ_DEBUG] streamType = 0, device = 0x0001, track = 4096 param = 3002 == [READY] == 1.000000 | 1.000000 | 0.000000 
I/AudioFlinger_Threads(  280): [GJ_DEBUG] streamType = 0, device = 0x0001, track = 4096 param = 3002 == [READY] == 1.000000 | 1.000000 | 0.000000 
I/AudioFlinger_Threads(  280): [GJ_DEBUG] streamType = 0, device = 0x0001, track = 4096 param = 3002 == [READY] == 1.000000 | 1.000000 | 0.000000 
I/AudioFlinger_Threads(  280): [GJ_DEBUG] streamType = 0, device = 0x0001, track = 4096 param = 3002 == [READY] == 1.000000 | 1.000000 | 0.000000 
I/AudioFlinger_Threads(  280): [GJ_DEBUG] streamType = 0, device = 0x0001, track = 4096 param = 3002 == [READY] == 1.000000 | 1.000000 | 0.000000 
I/AudioFlinger_Threads(  280): [GJ_DEBUG] streamType = 0, device = 0x0001, track = 4096 param = 3002 == [READY] == 1.000000 | 1.000000 | 0.000000 
I/AudioFlinger_Threads(  280): [GJ_DEBUG] streamType = 0, device = 0x0001, track = 4096 param = 3002 == [READY] == 1.000000 | 1.000000 | 0.000000 
I/AudioFlinger_Threads(  280): [GJ_DEBUG] streamType = 0, device = 0x0001, track = 4096 param = 3002 == [READY] == 1.000000 | 1.000000 | 0.000000 
I/AudioFlinger_Threads(  280): [GJ_DEBUG] streamType = 0, device = 0x0001, track = 4096 param = 3002 == [READY] == 1.000000 | 1.000000 | 0.000000 
I/AudioFlinger_Threads(  280): [GJ_DEBUG] streamType = 0, device = 0x0001, track = 4096 param = 3002 == [READY] == 1.000000 | 1.000000 | 0.000000 
I/AudioFlinger_Threads(  280): [GJ_DEBUG] streamType = 0, device = 0x0001, track = 4096 param = 3002 == [READY] == 1.000000 | 1.000000 | 0.000000 
I/libPerfService(  717): perfDumpAll
I/libPerfService(  717): perfDumpAll - type:5, core:2, big:0, little:2, freq:1690000, freq_big:0, freq_little:1690000, gpu:-1
I/libPerfService(  717): perfDumpAll - type:6, core:0, big:0, little:0, freq:0, freq_big:1144000, freq_little:0, gpu:-1
I/libPerfService(  717): perfDumpAll - type:13, core:8, big:4, little:4, freq:0, freq_big:2002000, freq_little:1690000, gpu:0
I/libPerfService(  717):             - pid:717, tid:1333, comm:system_server
I/AudioFlinger_Threads(  280): [GJ_DEBUG] streamType = 0, device = 0x0001, track = 4096 param = 3002 == [READY] == 1.000000 | 1.000000 | 0.000000 
I/SurfaceFlinger(  263): [Built-in Screen (type:0)] fps:2.923800,dur:1026.06,max:689.80,min:50.36
I/AudioFlinger_Threads(  280): [GJ_DEBUG] streamType = 0, device = 0x0001, track = 4096 param = 3002 == [READY] == 1.000000 | 1.000000 | 0.000000 
I/AudioFlinger_Threads(  280): [GJ_DEBUG] streamType = 0, device = 0x0001, track = 4096 param = 3002 == [READY] == 1.000000 | 1.000000 | 0.000000 
I/AudioFlinger_Threads(  280): [GJ_DEBUG] streamType = 0, device = 0x0001, track = 4096 param = 3002 == [READY] == 1.000000 | 1.000000 | 0.000000 
I/AudioFlinger_Threads(  280): [GJ_DEBUG] streamType = 0, device = 0x0001, track = 4096 param = 3002 == [READY] == 1.000000 | 1.000000 | 0.000000 
I/AudioFlinger_Threads(  280): [GJ_DEBUG] streamType = 0, device = 0x0001, track = 4096 param = 3002 == [READY] == 1.000000 | 1.000000 | 0.000000 
I/AudioFlinger_Threads(  280): [GJ_DEBUG] streamType = 0, device = 0x0001, track = 4096 param = 3002 == [READY] == 1.000000 | 1.000000 | 0.000000 
I/AudioFlinger_Threads(  280): [GJ_DEBUG] streamType = 0, device = 0x0001, track = 4096 param = 3002 == [READY] == 1.000000 | 1.000000 | 0.000000 
I/libPerfService(  717): 5: set freq: 1690000, 2002000
I/AudioFlinger_Threads(  280): [GJ_DEBUG] streamType = 0, device = 0x0001, track = 4096 param = 3002 == [READY] == 1.000000 | 1.000000 | 0.000000 
I/AudioFlinger_Threads(  280): [GJ_DEBUG] streamType = 0, device = 0x0001, track = 4096 param = 3002 == [READY] == 1.000000 | 1.000000 | 0.000000 
I/AudioFlinger_Threads(  280): [GJ_DEBUG] streamType = 0, device = 0x0001, track = 4096 param = 3002 == [READY] == 1.000000 | 1.000000 | 0.000000 
I/AudioFlinger_Threads(  280): [GJ_DEBUG] streamType = 0, device = 0x0001, track = 4096 param = 3002 == [READY] == 1.000000 | 1.000000 | 0.000000 
I/libPerfService(  717): perfDumpAll
I/libPerfService(  717): perfDumpAll - type:6, core:0, big:0, little:0, freq:0, freq_big:1144000, freq_little:0, gpu:-1
I/libPerfService(  717): perfDumpAll - type:13, core:8, big:4, little:4, freq:0, freq_big:2002000, freq_little:1690000, gpu:0
I/libPerfService(  717):             - pid:717, tid:1333, comm:system_server
I/AudioFlinger_Threads(  280): [GJ_DEBUG] streamType = 0, device = 0x0001, track = 4096 param = 3002 == [READY] == 1.000000 | 1.000000 | 0.000000 
I/AudioFlinger_Threads(  280): [GJ_DEBUG] streamType = 0, device = 0x0001, track = 4096 param = 3002 == [READY] == 1.000000 | 1.000000 | 0.000000 
I/AudioFlinger_Threads(  280): [GJ_DEBUG] streamType = 0, device = 0x0001, track = 4096 param = 3002 == [READY] == 1.000000 | 1.000000 | 0.000000 
I/AudioFlinger_Threads(  280): [GJ_DEBUG] streamType = 0, device = 0x0001, track = 4096 param = 3002 == [READY] == 1.000000 | 1.000000 | 0.000000 
I/AudioFlinger_Threads(  280): [GJ_DEBUG] streamType = 0, device = 0x0001, track = 4096 param = 3002 == [READY] == 1.000000 | 1.000000 | 0.000000 
I/AudioFlinger_Threads(  280): [GJ_DEBUG] streamType = 0, device = 0x0001, track = 4096 param = 3002 == [READY] == 1.000000 | 1.000000 | 0.000000 
I/libPerfService(  717): 13: set: 1, 0
I/libPerfService(  717): 13: set freq: 0, 1144000
I/libPerfService(  717): 13: set gpu level: 0
I/AudioFlinger_Threads(  280): [GJ_DEBUG] streamType = 0, device = 0x0001, track = 4096 param = 3002 == [READY] == 1.000000 | 1.000000 | 0.000000 
E/NotificationService(  717): Suppressing notification from package com.tencent.mobileqq by user request.
I/AudioFlinger_Threads(  280): [GJ_DEBUG] streamType = 0, device = 0x0001, track = 4096 param = 3002 == [READY] == 1.000000 | 1.000000 | 0.000000 
I/AudioFlinger_Threads(  280): [GJ_DEBUG] streamType = 0, device = 0x0001, track = 4096 param = 3002 == [READY] == 1.000000 | 1.000000 | 0.000000 
I/AudioFlinger_Threads(  280): [GJ_DEBUG] streamType = 0, device = 0x0001, track = 4096 param = 3002 == [READY] == 1.000000 | 1.000000 | 0.000000 
I/AudioFlinger_Threads(  280): [GJ_DEBUG] streamType = 0, device = 0x0001, track = 4096 param = 3002 == [READY] == 1.000000 | 1.000000 | 0.000000 
I/AudioFlinger_Threads(  280): [GJ_DEBUG] streamType = 0, device = 0x0001, track = 4096 param = 3002 == [READY] == 1.000000 | 1.000000 | 0.000000 
I/AudioFlinger_Threads(  280): [GJ_DEBUG] streamType = 0, device = 0x0001, track = 4096 param = 3002 == [READY] == 1.000000 | 1.000000 | 0.000000 
I/AudioFlinger_Threads(  280): [GJ_DEBUG] streamType = 0, device = 0x0001, track = 4096 param = 3002 == [READY] == 1.000000 | 1.000000 | 0.000000 
I/AudioFlinger_Threads(  280): [GJ_DEBUG] streamType = 0, device = 0x0001, track = 4096 param = 3002 == [READY] == 1.000000 | 1.000000 | 0.000000 
I/AudioFlinger_Threads(  280): [GJ_DEBUG] streamType = 0, device = 0x0001, track = 4096 param = 3002 == [READY] == 1.000000 | 1.000000 | 0.000000 
I/AudioFlinger_Threads(  280): [GJ_DEBUG] streamType = 0, device = 0x0001, track = 4096 param = 3002 == [READY] == 1.000000 | 1.000000 | 0.000000 
I/AudioFlinger_Threads(  280): [GJ_DEBUG] streamType = 0, device = 0x0001, track = 4096 param = 3002 == [READY] == 1.000000 | 1.000000 | 0.000000 
I/AudioFlinger_Threads(  280): [GJ_DEBUG] streamType = 0, device = 0x0001, track = 4096 param = 3002 == [READY] == 1.000000 | 1.000000 | 0.000000 
I/AudioFlinger_Threads(  280): [GJ_DEBUG] streamType = 0, device = 0x0001, track = 4096 param = 3002 == [READY] == 1.000000 | 1.000000 | 0.000000 
I/AudioFlinger_Threads(  280): [GJ_DEBUG] streamType = 0, device = 0x0001, track = 4096 param = 3002 == [READY] == 1.000000 | 1.000000 | 0.000000 
I/AudioFlinger_Threads(  280): [GJ_DEBUG] streamType = 0, device = 0x0001, track = 4096 param = 3002 == [READY] == 1.000000 | 1.000000 | 0.000000 
I/AudioFlinger_Threads(  280): [GJ_DEBUG] streamType = 0, device = 0x0001, track = 4096 param = 3002 == [READY] == 1.000000 | 1.000000 | 0.000000 
I/AudioFlinger_Threads(  280): [GJ_DEBUG] streamType = 0, device = 0x0001, track = 4096 param = 3002 == [READY] == 1.000000 | 1.000000 | 0.000000 
I/AudioFlinger_Threads(  280): [GJ_DEBUG] streamType = 0, device = 0x0001, track = 4096 param = 3002 == [READY] == 1.000000 | 1.000000 | 0.000000 
I/AudioFlinger_Threads(  280): [GJ_DEBUG] streamType = 0, device = 0x0001, track = 4096 param = 3002 == [READY] == 1.000000 | 1.000000 | 0.000000 
I/AudioFlinger_Threads(  280): [GJ_DEBUG] streamType = 0, device = 0x0001, track = 4096 param = 3002 == [READY] == 1.000000 | 1.000000 | 0.000000 
I/AudioFlinger_Threads(  280): [GJ_DEBUG] streamType = 0, device = 0x0001, track = 4096 param = 3002 == [READY] == 1.000000 | 1.000000 | 0.000000 
I/AudioFlinger_Threads(  280): [GJ_DEBUG] streamType = 0, device = 0x0001, track = 4096 param = 3002 == [READY] == 1.000000 | 1.000000 | 0.000000 
I/AudioFlinger_Threads(  280): [GJ_DEBUG] streamType = 0, device = 0x0001, track = 4096 param = 3002 == [READY] == 1.000000 | 1.000000 | 0.000000 
I/AudioFlinger_Threads(  280): [GJ_DEBUG] streamType = 0, device = 0x0001, track = 4096 param = 3002 == [READY] == 1.000000 | 1.000000 | 0.000000 
I/AudioFlinger_Threads(  280): [GJ_DEBUG] streamType = 0, device = 0x0001, track = 4096 param = 3002 == [READY] == 1.000000 | 1.000000 | 0.000000 
I/AudioFlinger_Threads(  280): [GJ_DEBUG] streamType = 0, device = 0x0001, track = 4096 param = 3002 == [READY] == 1.000000 | 1.000000 | 0.000000 
I/AudioFlinger_Threads(  280): [GJ_DEBUG] streamType = 0, device = 0x0001, track = 4096 param = 3002 == [READY] == 1.000000 | 1.000000 | 0.000000 
I/AudioFlinger_Threads(  280): [GJ_DEBUG] streamType = 0, device = 0x0001, track = 4096 param = 3002 == [READY] == 1.000000 | 1.000000 | 0.000000 
I/AudioFlinger_Threads(  280): [GJ_DEBUG] streamType = 0, device = 0x0001, track = 4096 param = 3002 == [READY] == 1.000000 | 1.000000 | 0.000000 
I/AudioFlinger_Threads(  280): [GJ_DEBUG] streamType = 0, device = 0x0001, track = 4096 param = 3002 == [READY] == 1.000000 | 1.000000 | 0.000000 
I/libPerfService(  717): perfDumpAll
I/libPerfService(  717): perfDumpAll - type:6, core:0, big:0, little:0, freq:0, freq_big:1144000, freq_little:0, gpu:-1
I/AudioFlinger_Threads(  280): [GJ_DEBUG] streamType = 0, device = 0x0001, track = 4096 param = 3002 == [READY] == 1.000000 | 1.000000 | 0.000000 
I/SurfaceFlinger(  263): [Built-in Screen (type:0)] fps:1.908821,dur:1047.77,max:795.66,min:252.11
I/AudioFlinger_Threads(  280): [GJ_DEBUG] streamType = 0, device = 0x0001, track = 4096 param = 3002 == [READY] == 1.000000 | 1.000000 | 0.000000 
I/AudioFlinger_Threads(  280): [GJ_DEBUG] streamType = 0, device = 0x0001, track = 4096 param = 3002 == [READY] == 1.000000 | 1.000000 | 0.000000 
I/AudioFlinger_Threads(  280): [GJ_DEBUG] streamType = 0, device = 0x0001, track = 4096 param = 3002 == [READY] == 1.000000 | 1.000000 | 0.000000 
I/AudioFlinger_Threads(  280): [GJ_DEBUG] streamType = 0, device = 0x0001, track = 4096 param = 3002 == [READY] == 1.000000 | 1.000000 | 0.000000 
I/AudioFlinger_Threads(  280): [GJ_DEBUG] streamType = 0, device = 0x0001, track = 4096 param = 3002 == [READY] == 1.000000 | 1.000000 | 0.000000 
I/AudioFlinger_Threads(  280): [GJ_DEBUG] streamType = 0, device = 0x0001, track = 4096 param = 3002 == [READY] == 1.000000 | 1.000000 | 0.000000 
I/AudioFlinger_Threads(  280): [GJ_DEBUG] streamType = 0, device = 0x0001, track = 4096 param = 3002 == [READY] == 1.000000 | 1.000000 | 0.000000 
I/AudioFlinger_Threads(  280): [GJ_DEBUG] streamType = 0, device = 0x0001, track = 4096 param = 3002 == [READY] == 1.000000 | 1.000000 | 0.000000 
I/libPerfService(  717): perfDumpAll
I/libPerfService(  717): perfDumpAll - type:6, core:0, big:0, little:0, freq:0, freq_big:1144000, freq_little:0, gpu:-1
I/AudioFlinger_Threads(  280): [GJ_DEBUG] streamType = 0, device = 0x0001, track = 4096 param = 3002 == [READY] == 1.000000 | 1.000000 | 0.000000 
I/AudioFlinger_Threads(  280): [GJ_DEBUG] streamType = 0, device = 0x0001, track = 4096 param = 3002 == [READY] == 1.000000 | 1.000000 | 0.000000 
I/AudioFlinger_Threads(  280): [GJ_DEBUG] streamType = 0, device = 0x0001, track = 4096 param = 3002 == [READY] == 1.000000 | 1.000000 | 0.000000 
I/AudioFlinger_Threads(  280): [GJ_DEBUG] streamType = 0, device = 0x0001, track = 4096 param = 3002 == [READY] == 1.000000 | 1.000000 | 0.000000 
I/AudioFlinger_Threads(  280): [GJ_DEBUG] streamType = 0, device = 0x0001, track = 4096 param = 3002 == [READY] == 1.000000 | 1.000000 | 0.000000 
E/DAVEngineImpl(15360): fSendMsgToUI. dwMsgID = 1035, dwParam1 = -1740542976, dwParam2 = -1, peeruin = 799
I/AudioFlinger_Threads(  280): [GJ_DEBUG] streamType = 0, device = 0x0001, track = 4096 param = 3002 == [READY] == 1.000000 | 1.000000 | 0.000000 
I/AudioFlinger_Threads(  280): [GJ_DEBUG] streamType = 0, device = 0x0001, track = 4096 param = 3002 == [READY] == 1.000000 | 1.000000 | 0.000000 
I/AudioFlinger_Threads(  280): [GJ_DEBUG] streamType = 0, device = 0x0001, track = 4096 param = 3002 == [READY] == 1.000000 | 1.000000 | 0.000000 
E/NotificationService(  717): Suppressing notification from package com.tencent.mobileqq by user request.
I/AudioFlinger_Threads(  280): [GJ_DEBUG] streamType = 0, device = 0x0001, track = 4096 param = 3002 == [READY] == 1.000000 | 1.000000 | 0.000000 
I/AudioFlinger_Threads(  280): [GJ_DEBUG] streamType = 0, device = 0x0001, track = 4096 param = 3002 == [READY] == 1.000000 | 1.000000 | 0.000000 
I/AudioFlinger_Threads(  280): [GJ_DEBUG] streamType = 0, device = 0x0001, track = 4096 param = 3002 == [READY] == 1.000000 | 1.000000 | 0.000000 
I/AudioFlinger_Threads(  280): [GJ_DEBUG] streamType = 0, device = 0x0001, track = 4096 param = 3002 == [READY] == 1.000000 | 1.000000 | 0.000000 
I/AudioFlinger_Threads(  280): [GJ_DEBUG] streamType = 0, device = 0x0001, track = 4096 param = 3002 == [READY] == 1.000000 | 1.000000 | 0.000000 
I/AudioFlinger_Threads(  280): [GJ_DEBUG] streamType = 0, device = 0x0001, track = 4096 param = 3002 == [READY] == 1.000000 | 1.000000 | 0.000000 
I/AudioFlinger_Threads(  280): [GJ_DEBUG] streamType = 0, device = 0x0001, track = 4096 param = 3002 == [READY] == 1.000000 | 1.000000 | 0.000000 
I/AudioFlinger_Threads(  280): [GJ_DEBUG] streamType = 0, device = 0x0001, track = 4096 param = 3002 == [READY] == 1.000000 | 1.000000 | 0.000000 
I/AudioFlinger_Threads(  280): [GJ_DEBUG] streamType = 0, device = 0x0001, track = 4096 param = 3002 == [READY] == 1.000000 | 1.000000 | 0.000000 
I/AudioFlinger_Threads(  280): [GJ_DEBUG] streamType = 0, device = 0x0001, track = 4096 param = 3002 == [READY] == 1.000000 | 1.000000 | 0.000000 
I/AudioFlinger_Threads(  280): [GJ_DEBUG] streamType = 0, device = 0x0001, track = 4096 param = 3002 == [READY] == 1.000000 | 1.000000 | 0.000000 
I/AudioFlinger_Threads(  280): [GJ_DEBUG] streamType = 0, device = 0x0001, track = 4096 param = 3002 == [READY] == 1.000000 | 1.000000 | 0.000000 
I/AudioFlinger_Threads(  280): [GJ_DEBUG] streamType = 0, device = 0x0001, track = 4096 param = 3002 == [READY] == 1.000000 | 1.000000 | 0.000000 
I/AudioFlinger_Threads(  280): [GJ_DEBUG] streamType = 0, device = 0x0001, track = 4096 param = 3002 == [READY] == 1.000000 | 1.000000 | 0.000000 
I/AudioFlinger_Threads(  280): [GJ_DEBUG] streamType = 0, device = 0x0001, track = 4096 param = 3002 == [READY] == 1.000000 | 1.000000 | 0.000000 
I/AudioFlinger_Threads(  280): [GJ_DEBUG] streamType = 0, device = 0x0001, track = 4096 param = 3002 == [READY] == 1.000000 | 1.000000 | 0.000000 
I/AudioFlinger_Threads(  280): [GJ_DEBUG] streamType = 0, device = 0x0001, track = 4096 param = 3002 == [READY] == 1.000000 | 1.000000 | 0.000000 
I/AudioFlinger_Threads(  280): [GJ_DEBUG] streamType = 0, device = 0x0001, track = 4096 param = 3002 == [READY] == 1.000000 | 1.000000 | 0.000000 
I/AudioFlinger_Threads(  280): [GJ_DEBUG] streamType = 0, device = 0x0001, track = 4096 param = 3002 == [READY] == 1.000000 | 1.000000 | 0.000000 
I/AudioFlinger_Threads(  280): [GJ_DEBUG] streamType = 0, device = 0x0001, track = 4096 param = 3002 == [READY] == 1.000000 | 1.000000 | 0.000000 
I/AudioFlinger_Threads(  280): [GJ_DEBUG] streamType = 0, device = 0x0001, track = 4096 param = 3002 == [READY] == 1.000000 | 1.000000 | 0.000000 
I/AudioFlinger_Threads(  280): [GJ_DEBUG] streamType = 0, device = 0x0001, track = 4096 param = 3002 == [READY] == 1.000000 | 1.000000 | 0.000000 
I/AudioFlinger_Threads(  280): [GJ_DEBUG] streamType = 0, device = 0x0001, track = 4096 param = 3002 == [READY] == 1.000000 | 1.000000 | 0.000000 
I/AudioFlinger_Threads(  280): [GJ_DEBUG] streamType = 0, device = 0x0001, track = 4096 param = 3002 == [READY] == 1.000000 | 1.000000 | 0.000000 
I/AudioFlinger_Threads(  280): [GJ_DEBUG] streamType = 0, device = 0x0001, track = 4096 param = 3002 == [READY] == 1.000000 | 1.000000 | 0.000000 
I/AudioFlinger_Threads(  280): [GJ_DEBUG] streamType = 0, device = 0x0001, track = 4096 param = 3002 == [READY] == 1.000000 | 1.000000 | 0.000000 
I/AudioFlinger_Threads(  280): [GJ_DEBUG] streamType = 0, device = 0x0001, track = 4096 param = 3002 == [READY] == 1.000000 | 1.000000 | 0.000000 
I/libPerfService(  717): perfSetFavorPid - pid:15360, 3c00
I/libPerfService(  717): perfSetFavorPid - pid:15360, 3c00
I/AudioFlinger_Threads(  280): [GJ_DEBUG] streamType = 0, device = 0x0001, track = 4096 param = 3002 == [READY] == 1.000000 | 1.000000 | 0.000000 
I/libPerfService(  717): perfSetFavorPid - pid:15360, 3c00
I/libPerfService(  717): perfSetFavorPid - pid:15360, 3c00
I/AudioFlinger_Threads(  280): [GJ_DEBUG] streamType = 0, device = 0x0001, track = 4096 param = 3002 == [READY] == 1.000000 | 1.000000 | 0.000000 
I/libPerfService(  717): perfDumpAll
I/libPerfService(  717): perfDumpAll - type:6, core:0, big:0, little:0, freq:0, freq_big:1144000, freq_little:0, gpu:-1
I/libPerfService(  717): perfSetFavorPid - pid:15360, 3c00
W/System.err(  933): java.lang.NumberFormatException: Invalid int: ":"
I/AudioFlinger_Threads(  280): [GJ_DEBUG] streamType = 0, device = 0x0001, track = 4096 param = 3002 == [READY] == 1.000000 | 1.000000 | 0.000000 
W/System.err(  933): 	at java.lang.Integer.invalidInt(Integer.java:138)
W/System.err(  933): 	at java.lang.Integer.parse(Integer.java:410)
W/System.err(  933): 	at java.lang.Integer.parseInt(Integer.java:367)
W/System.err(  933): 	at java.lang.Integer.parseInt(Integer.java:334)
W/System.err(  933): 	at com.meizu.keyguard.DigitalClockAndWeatherForLockScreen.getTimeView(DigitalClockAndWeatherForLockScreen.java:607)
W/System.err(  933): 	at com.meizu.keyguard.DigitalClockAndWeatherForLockScreen.setClockImageList(DigitalClockAndWeatherForLockScreen.java:524)
W/System.err(  933): 	at com.meizu.keyguard.DigitalClockAndWeatherForLockScreen.updateTime(DigitalClockAndWeatherForLockScreen.java:439)
W/System.err(  933): 	at com.meizu.keyguard.DigitalClockAndWeatherForLockScreen$2$1.run(DigitalClockAndWeatherForLockScreen.java:197)
W/System.err(  933): 	at android.os.Handler.handleCallback(Handler.java:815)
W/System.err(  933): 	at android.os.Handler.dispatchMessage(Handler.java:104)
W/System.err(  933): 	at android.os.Looper.loop(Looper.java:194)
W/System.err(  933): 	at android.app.ActivityThread.main(ActivityThread.java:5773)
W/System.err(  933): 	at java.lang.reflect.Method.invoke(Native Method)
W/System.err(  933): 	at java.lang.reflect.Method.invoke(Method.java:372)
W/System.err(  933): 	at com.android.internal.os.ZygoteInit$MethodAndArgsCaller.run(ZygoteInit.java:1005)
W/System.err(  933): 	at com.android.internal.os.ZygoteInit.main(ZygoteInit.java:800)
I/AudioFlinger_Threads(  280): [GJ_DEBUG] streamType = 0, device = 0x0001, track = 4096 param = 3002 == [READY] == 1.000000 | 1.000000 | 0.000000 
I/libPerfService(  717): perfSetFavorPid - pid:15360, 3c00
I/libPerfService(  717): perfSetFavorPid - pid:15360, 3c00
I/libPerfService(  717): perfSetFavorPid - pid:15360, 3c00
I/libPerfService(  717): perfSetFavorPid - pid:15360, 3c00
I/AudioFlinger_Threads(  280): [GJ_DEBUG] streamType = 0, device = 0x0001, track = 4096 param = 3002 == [READY] == 1.000000 | 1.000000 | 0.000000 
I/libPerfService(  717): perfSetFavorPid - pid:15360, 3c00
I/libPerfService(  717): perfSetFavorPid - pid:15360, 3c00
I/libPerfService(  717): perfSetFavorPid - pid:15360, 3c00
I/libPerfService(  717): perfSetFavorPid - pid:15360, 3c00
I/AudioFlinger_Threads(  280): [GJ_DEBUG] streamType = 0, device = 0x0001, track = 4096 param = 3002 == [READY] == 1.000000 | 1.000000 | 0.000000 
I/libPerfService(  717): perfSetFavorPid - pid:15360, 3c00
I/libPerfService(  717): perfSetFavorPid - pid:15360, 3c00
I/libPerfService(  717): perfDumpAll
I/libPerfService(  717): perfDumpAll - type:6, core:0, big:0, little:0, freq:0, freq_big:1144000, freq_little:0, gpu:-1
I/AudioFlinger_Threads(  280): [GJ_DEBUG] streamType = 0, device = 0x0001, track = 4096 param = 3002 == [READY] == 1.000000 | 1.000000 | 0.000000 
I/libPerfService(  717): perfSetFavorPid - pid:15360, 3c00
I/SurfaceFlinger(  263): [Built-in Screen (type:0)] fps:2.795421,dur:1073.18,max:772.76,min:100.91
I/AudioFlinger_Threads(  280): [GJ_DEBUG] streamType = 0, device = 0x0001, track = 4096 param = 3002 == [READY] == 1.000000 | 1.000000 | 0.000000 
I/AudioFlinger_Threads(  280): [GJ_DEBUG] streamType = 0, device = 0x0001, track = 4096 param = 3002 == [READY] == 1.000000 | 1.000000 | 0.000000 
I/AudioFlinger_Threads(  280): [GJ_DEBUG] streamType = 0, device = 0x0001, track = 4096 param = 3002 == [READY] == 1.000000 | 1.000000 | 0.000000 
I/AudioFlinger_Threads(  280): [GJ_DEBUG] streamType = 0, device = 0x0001, track = 4096 param = 3002 == [READY] == 1.000000 | 1.000000 | 0.000000 
I/libPerfService(  717): perfSetFavorPid - pid:15360, 3c00
I/libPerfService(  717): perfSetFavorPid - pid:15360, 3c00
I/AudioFlinger_Threads(  280): [GJ_DEBUG] streamType = 0, device = 0x0001, track = 4096 param = 3002 == [READY] == 1.000000 | 1.000000 | 0.000000 
I/AudioFlinger_Threads(  280): [GJ_DEBUG] streamType = 0, device = 0x0001, track = 4096 param = 3002 == [READY] == 1.000000 | 1.000000 | 0.000000 
I/AudioFlinger_Threads(  280): [GJ_DEBUG] streamType = 0, device = 0x0001, track = 4096 param = 3002 == [READY] == 1.000000 | 1.000000 | 0.000000 
I/PackageManager(  717): mcs_unbind
I/PackageManager(  717): calling disconnectService()
I/PackageManager(  717): disconnectService: false
I/libPerfService(  717): perfSetFavorPid - pid:15360, 3c00
I/AudioFlinger_Threads(  280): [GJ_DEBUG] streamType = 0, device = 0x0001, track = 4096 param = 3002 == [READY] == 1.000000 | 1.000000 | 0.000000 
I/AudioFlinger_Threads(  280): [GJ_DEBUG] streamType = 0, device = 0x0001, track = 4096 param = 3002 == [READY] == 1.000000 | 1.000000 | 0.000000 
I/AudioFlinger_Threads(  280): [GJ_DEBUG] streamType = 0, device = 0x0001, track = 4096 param = 3002 == [READY] == 1.000000 | 1.000000 | 0.000000 
I/AudioFlinger_Threads(  280): [GJ_DEBUG] streamType = 0, device = 0x0001, track = 4096 param = 3002 == [READY] == 1.000000 | 1.000000 | 0.000000 
I/AudioFlinger_Threads(  280): [GJ_DEBUG] streamType = 0, device = 0x0001, track = 4096 param = 3002 == [READY] == 1.000000 | 1.000000 | 0.000000 
I/AudioFlinger_Threads(  280): [GJ_DEBUG] streamType = 0, device = 0x0001, track = 4096 param = 3002 == [READY] == 1.000000 | 1.000000 | 0.000000 
I/AudioFlinger_Threads(  280): [GJ_DEBUG] streamType = 0, device = 0x0001, track = 4096 param = 3002 == [READY] == 1.000000 | 1.000000 | 0.000000 
E/NotificationService(  717): Suppressing notification from package com.tencent.mobileqq by user request.
I/AudioFlinger_Threads(  280): [GJ_DEBUG] streamType = 0, device = 0x0001, track = 4096 param = 3002 == [READY] == 1.000000 | 1.000000 | 0.000000 
I/AudioFlinger_Threads(  280): [GJ_DEBUG] streamType = 0, device = 0x0001, track = 4096 param = 3002 == [READY] == 1.000000 | 1.000000 | 0.000000 
I/AudioFlinger_Threads(  280): [GJ_DEBUG] streamType = 0, device = 0x0001, track = 4096 param = 3002 == [READY] == 1.000000 | 1.000000 | 0.000000 
I/AudioFlinger_Threads(  280): [GJ_DEBUG] streamType = 0, device = 0x0001, track = 4096 param = 3002 == [READY] == 1.000000 | 1.000000 | 0.000000 
I/AudioFlinger_Threads(  280): [GJ_DEBUG] streamType = 0, device = 0x0001, track = 4096 param = 3002 == [READY] == 1.000000 | 1.000000 | 0.000000 
I/AudioFlinger_Threads(  280): [GJ_DEBUG] streamType = 0, device = 0x0001, track = 4096 param = 3002 == [READY] == 1.000000 | 1.000000 | 0.000000 
I/AudioFlinger_Threads(  280): [GJ_DEBUG] streamType = 0, device = 0x0001, track = 4096 param = 3002 == [READY] == 1.000000 | 1.000000 | 0.000000 
I/AudioFlinger_Threads(  280): [GJ_DEBUG] streamType = 0, device = 0x0001, track = 4096 param = 3002 == [READY] == 1.000000 | 1.000000 | 0.000000 
I/AudioFlinger_Threads(  280): [GJ_DEBUG] streamType = 0, device = 0x0001, track = 4096 param = 3002 == [READY] == 1.000000 | 1.000000 | 0.000000 
I/AudioFlinger_Threads(  280): [GJ_DEBUG] streamType = 0, device = 0x0001, track = 4096 param = 3002 == [READY] == 1.000000 | 1.000000 | 0.000000 
I/AudioFlinger_Threads(  280): [GJ_DEBUG] streamType = 0, device = 0x0001, track = 4096 param = 3002 == [READY] == 1.000000 | 1.000000 | 0.000000 
I/AudioFlinger_Threads(  280): [GJ_DEBUG] streamType = 0, device = 0x0001, track = 4096 param = 3002 == [READY] == 1.000000 | 1.000000 | 0.000000 
