I/PackageManager(  717): startCopy UserHandle{0}: MeasureParams{1e8535f6 com.tencent.mobileqq}
E/NotificationService(  717): Suppressing notification from package com.tencent.mobileqq by user request.
I/PackageManager(  717): Apk copy done
I/PackageManager(  717): init_copy idx=0: MeasureParams{76d1df7 com.kugou.android}
I/PackageManager(  717): mcs_bound
I/PackageManager(  717): startCopy UserHandle{0}: MeasureParams{76d1df7 com.kugou.android}
I/PackageManager(  717): Apk copy done
I/PackageManager(  717): init_copy idx=0: MeasureParams{ca13464 com.meizu.voiceassistant}
I/PackageManager(  717): mcs_bound
I/PackageManager(  717): startCopy UserHandle{0}: MeasureParams{ca13464 com.meizu.voiceassistant}
I/PackageManager(  717): Apk copy done
I/PackageManager(  717): init_copy idx=0: MeasureParams{27f1f6cd com.meizu.customizecenter}
I/PackageManager(  717): mcs_bound
I/PackageManager(  717): startCopy UserHandle{0}: MeasureParams{27f1f6cd com.meizu.customizecenter}
I/PackageManager(  717): Apk copy done
I/PackageManager(  717): init_copy idx=0: MeasureParams{2ac6bb82 com.meizu.media.life}
I/PackageManager(  717): mcs_bound
I/PackageManager(  717): startCopy UserHandle{0}: MeasureParams{2ac6bb82 com.meizu.media.life}
I/PackageManager(  717): Apk copy done
I/PackageManager(  717): init_copy idx=0: MeasureParams{c4ba293 com.android.providers.downloads.ui}
I/PackageManager(  717): mcs_bound
I/PackageManager(  717): startCopy UserHandle{0}: MeasureParams{c4ba293 com.android.providers.downloads.ui}
I/PackageManager(  717): Apk copy done
I/PackageManager(  717): init_copy idx=0: MeasureParams{186f32d0 com.android.pacprocessor}
I/PackageManager(  717): mcs_bound
I/PackageManager(  717): startCopy UserHandle{0}: MeasureParams{186f32d0 com.android.pacprocessor}
I/PackageManager(  717): Apk copy done
I/PackageManager(  717): init_copy idx=0: MeasureParams{25b432c9 com.aliyun.ams.tyid}
I/PackageManager(  717): mcs_bound
I/PackageManager(  717): startCopy UserHandle{0}: MeasureParams{25b432c9 com.aliyun.ams.tyid}
I/PackageManager(  717): Apk copy done
I/PackageManager(  717): init_copy idx=0: MeasureParams{5a90dce com.meizu.flyme.update}
I/PackageManager(  717): mcs_bound
I/PackageManager(  717): startCopy UserHandle{0}: MeasureParams{5a90dce com.meizu.flyme.update}
I/PackageManager(  717): Apk copy done
I/PackageManager(  717): init_copy idx=0: MeasureParams{2683d4ef com.meizu.net.map}
I/PackageManager(  717): mcs_bound
I/PackageManager(  717): startCopy UserHandle{0}: MeasureParams{2683d4ef com.meizu.net.map}
I/PackageManager(  717): Apk copy done
I/PackageManager(  717): init_copy idx=0: MeasureParams{30dcabfc com.android.certinstaller}
I/PackageManager(  717): mcs_bound
I/PackageManager(  717): startCopy UserHandle{0}: MeasureParams{30dcabfc com.android.certinstaller}
I/PackageManager(  717): Apk copy done
I/PackageManager(  717): init_copy idx=0: MeasureParams{b443285 android}
I/PackageManager(  717): mcs_bound
I/PackageManager(  717): startCopy UserHandle{0}: MeasureParams{b443285 android}
I/PackageManager(  717): Apk copy done
I/PackageManager(  717): init_copy idx=0: MeasureParams{2b4c38da com.mediatek.connectivity}
I/PackageManager(  717): mcs_bound
I/PackageManager(  717): startCopy UserHandle{0}: MeasureParams{2b4c38da com.mediatek.connectivity}
I/PackageManager(  717): Apk copy done
I/PackageManager(  717): init_copy idx=0: MeasureParams{3b62d10b com.meizu.media.camera}
I/PackageManager(  717): mcs_bound
I/PackageManager(  717): startCopy UserHandle{0}: MeasureParams{3b62d10b com.meizu.media.camera}
I/PackageManager(  717): Apk copy done
I/PackageManager(  717): init_copy idx=0: MeasureParams{1e468be8 com.mediatek.bluetooth}
I/PackageManager(  717): mcs_bound
I/PackageManager(  717): startCopy UserHandle{0}: MeasureParams{1e468be8 com.mediatek.bluetooth}
I/PackageManager(  717): Apk copy done
I/PackageManager(  717): init_copy idx=0: MeasureParams{1a7201 com.mediatek.ftprecheck}
I/PackageManager(  717): mcs_bound
I/PackageManager(  717): startCopy UserHandle{0}: MeasureParams{1a7201 com.mediatek.ftprecheck}
I/PackageManager(  717): Apk copy done
I/PackageManager(  717): init_copy idx=0: MeasureParams{7c508a6 com.android.mms}
I/PackageManager(  717): mcs_bound
I/PackageManager(  717): startCopy UserHandle{0}: MeasureParams{7c508a6 com.android.mms}
I/PackageManager(  717): Apk copy done
I/PackageManager(  717): init_copy idx=0: MeasureParams{2deb72e7 com.android.stk}
I/PackageManager(  717): mcs_bound
I/PackageManager(  717): startCopy UserHandle{0}: MeasureParams{2deb72e7 com.android.stk}
I/PackageManager(  717): Apk copy done
I/PackageManager(  717): init_copy idx=0: MeasureParams{fec7e94 com.meizu.net.search}
I/PackageManager(  717): mcs_bound
I/PackageManager(  717): startCopy UserHandle{0}: MeasureParams{fec7e94 com.meizu.net.search}
I/PackageManager(  717): Apk copy done
I/PackageManager(  717): init_copy idx=0: MeasureParams{10bb2d3d com.android.backupconfirm}
I/PackageManager(  717): mcs_bound
I/PackageManager(  717): startCopy UserHandle{0}: MeasureParams{10bb2d3d com.android.backupconfirm}
I/PackageManager(  717): Apk copy done
I/PackageManager(  717): init_copy idx=0: MeasureParams{21a90932 com.meizu.notepaper}
I/PackageManager(  717): mcs_bound
I/PackageManager(  717): startCopy UserHandle{0}: MeasureParams{21a90932 com.meizu.notepaper}
I/PackageManager(  717): Apk copy done
I/PackageManager(  717): init_copy idx=0: MeasureParams{24725683 com.meizu.flyme.calculator}
I/PackageManager(  717): mcs_bound
I/PackageManager(  717): startCopy UserHandle{0}: MeasureParams{24725683 com.meizu.flyme.calculator}
I/PackageManager(  717): Apk copy done
I/PackageManager(  717): init_copy idx=0: MeasureParams{75cf000 com.android.calendar}
I/PackageManager(  717): mcs_bound
I/PackageManager(  717): startCopy UserHandle{0}: MeasureParams{75cf000 com.android.calendar}
I/PackageManager(  717): Apk copy done
I/PackageManager(  717): init_copy idx=0: MeasureParams{13b26039 com.mediatek.providers.drm}
I/PackageManager(  717): mcs_bound
I/PackageManager(  717): startCopy UserHandle{0}: MeasureParams{13b26039 com.mediatek.providers.drm}
I/PackageManager(  717): Apk copy done
I/PackageManager(  717): init_copy idx=0: MeasureParams{215a867e com.meizu.mpay}
I/PackageManager(  717): mcs_bound
I/PackageManager(  717): startCopy UserHandle{0}: MeasureParams{215a867e com.meizu.mpay}
I/PackageManager(  717): Apk copy done
I/PackageManager(  717): init_copy idx=0: MeasureParams{bf9d7df com.meizu.safe}
I/PackageManager(  717): mcs_bound
I/PackageManager(  717): startCopy UserHandle{0}: MeasureParams{bf9d7df com.meizu.safe}
I/PackageManager(  717): Apk copy done
I/PackageManager(  717): init_copy idx=0: MeasureParams{ea10c2c com.meizu.media.reader}
I/PackageManager(  717): mcs_bound
I/PackageManager(  717): startCopy UserHandle{0}: MeasureParams{ea10c2c com.meizu.media.reader}
I/PackageManager(  717): Apk copy done
I/PackageManager(  717): init_copy idx=0: MeasureParams{224fc6f5 com.meizu.flyme.toolbox}
I/PackageManager(  717): mcs_bound
I/PackageManager(  717): startCopy UserHandle{0}: MeasureParams{224fc6f5 com.meizu.flyme.toolbox}
I/PackageManager(  717): Apk copy done
I/PackageManager(  717): init_copy idx=0: MeasureParams{1148c8a com.android.providers.settings}
I/PackageManager(  717): mcs_bound
I/PackageManager(  717): startCopy UserHandle{0}: MeasureParams{1148c8a com.android.providers.settings}
I/PackageManager(  717): Apk copy done
I/PackageManager(  717): init_copy idx=0: MeasureParams{354e12fb com.android.sharedstoragebackup}
I/PackageManager(  717): mcs_bound
I/PackageManager(  717): startCopy UserHandle{0}: MeasureParams{354e12fb com.android.sharedstoragebackup}
I/PackageManager(  717): Apk copy done
I/PackageManager(  717): init_copy idx=0: MeasureParams{2528bf18 com.mediatek.batterywarning}
I/PackageManager(  717): mcs_bound
I/PackageManager(  717): startCopy UserHandle{0}: MeasureParams{2528bf18 com.mediatek.batterywarning}
I/PackageManager(  717): Apk copy done
I/PackageManager(  717): init_copy idx=0: MeasureParams{2122dd71 com.android.printspooler}
I/PackageManager(  717): mcs_bound
I/PackageManager(  717): startCopy UserHandle{0}: MeasureParams{2122dd71 com.android.printspooler}
I/PackageManager(  717): Apk copy done
I/PackageManager(  717): init_copy idx=0: MeasureParams{31b6e756 com.android.incallui}
I/PackageManager(  717): mcs_bound
I/PackageManager(  717): startCopy UserHandle{0}: MeasureParams{31b6e756 com.android.incallui}
I/PackageManager(  717): Apk copy done
I/PackageManager(  717): init_copy idx=0: MeasureParams{27e0e3d7 com.android.webview}
I/PackageManager(  717): mcs_bound
I/PackageManager(  717): startCopy UserHandle{0}: MeasureParams{27e0e3d7 com.android.webview}
I/PackageManager(  717): Apk copy done
I/PackageManager(  717): init_copy idx=0: MeasureParams{f76b4c4 com.android.inputdevices}
I/PackageManager(  717): mcs_bound
I/PackageManager(  717): startCopy UserHandle{0}: MeasureParams{f76b4c4 com.android.inputdevices}
I/PackageManager(  717): Apk copy done
I/PackageManager(  717): init_copy idx=0: MeasureParams{1436dfad com.meizu.media.painter}
I/PackageManager(  717): mcs_bound
I/PackageManager(  717): startCopy UserHandle{0}: MeasureParams{1436dfad com.meizu.media.painter}
I/PackageManager(  717): Apk copy done
I/PackageManager(  717): init_copy idx=0: MeasureParams{5222e2 com.meizu.flyme.clouddisk}
I/PackageManager(  717): mcs_bound
I/PackageManager(  717): startCopy UserHandle{0}: MeasureParams{5222e2 com.meizu.flyme.clouddisk}
I/PackageManager(  717): Apk copy done
I/PackageManager(  717): init_copy idx=0: MeasureParams{665e673 com.mediatek}
I/PackageManager(  717): mcs_bound
I/PackageManager(  717): startCopy UserHandle{0}: MeasureParams{665e673 com.mediatek}
I/PackageManager(  717): Apk copy done
I/PackageManager(  717): init_copy idx=0: MeasureParams{358c5930 com.meizu.gamecenter.service}
I/PackageManager(  717): mcs_bound
I/PackageManager(  717): startCopy UserHandle{0}: MeasureParams{358c5930 com.meizu.gamecenter.service}
I/PackageManager(  717): Apk copy done
I/PackageManager(  717): init_copy idx=0: MeasureParams{3b0ec9a9 com.ibimuyu.lockscreen}
I/PackageManager(  717): mcs_bound
I/PackageManager(  717): startCopy UserHandle{0}: MeasureParams{3b0ec9a9 com.ibimuyu.lockscreen}
I/PackageManager(  717): Apk copy done
I/PackageManager(  717): init_copy idx=0: MeasureParams{8738b2e com.android.musicfx}
I/PackageManager(  717): mcs_bound
I/PackageManager(  717): startCopy UserHandle{0}: MeasureParams{8738b2e com.android.musicfx}
I/PackageManager(  717): Apk copy done
I/PackageManager(  717): init_copy idx=0: MeasureParams{212e76cf com.meizu.net.o2oservice}
I/PackageManager(  717): mcs_bound
I/PackageManager(  717): startCopy UserHandle{0}: MeasureParams{212e76cf com.meizu.net.o2oservice}
I/PackageManager(  717): Apk copy done
I/PackageManager(  717): init_copy idx=0: MeasureParams{3c15d85c com.mediatek.nlpservice}
I/PackageManager(  717): mcs_bound
I/PackageManager(  717): startCopy UserHandle{0}: MeasureParams{3c15d85c com.mediatek.nlpservice}
I/PackageManager(  717): Apk copy done
I/PackageManager(  717): init_copy idx=0: MeasureParams{30615765 com.android.server.telecom}
I/PackageManager(  717): mcs_bound
I/PackageManager(  717): startCopy UserHandle{0}: MeasureParams{30615765 com.android.server.telecom}
I/PackageManager(  717): Apk copy done
I/PackageManager(  717): init_copy idx=0: MeasureParams{3f312c3a com.android.keychain}
I/PackageManager(  717): mcs_bound
I/PackageManager(  717): startCopy UserHandle{0}: MeasureParams{3f312c3a com.android.keychain}
I/PackageManager(  717): Apk copy done
I/PackageManager(  717): init_copy idx=0: MeasureParams{1245b0eb com.android.dialer}
I/PackageManager(  717): mcs_bound
I/PackageManager(  717): startCopy UserHandle{0}: MeasureParams{1245b0eb com.android.dialer}
I/PackageManager(  717): Apk copy done
I/PackageManager(  717): init_copy idx=0: MeasureParams{4561e48 com.meizu.account}
I/PackageManager(  717): mcs_bound
I/PackageManager(  717): startCopy UserHandle{0}: MeasureParams{4561e48 com.meizu.account}
I/PackageManager(  717): Apk copy done
I/PackageManager(  717): init_copy idx=0: MeasureParams{99504e1 com.meizu.media.ebook}
I/PackageManager(  717): mcs_bound
I/PackageManager(  717): startCopy UserHandle{0}: MeasureParams{99504e1 com.meizu.media.ebook}
I/PackageManager(  717): Apk copy done
I/PackageManager(  717): init_copy idx=0: MeasureParams{22f5d206 com.android.packageinstaller}
I/PackageManager(  717): mcs_bound
I/PackageManager(  717): startCopy UserHandle{0}: MeasureParams{22f5d206 com.android.packageinstaller}
I/PackageManager(  717): Apk copy done
I/PackageManager(  717): init_copy idx=0: MeasureParams{3f4c70c7 com.meizu.media.music}
I/PackageManager(  717): mcs_bound
I/PackageManager(  717): startCopy UserHandle{0}: MeasureParams{3f4c70c7 com.meizu.media.music}
I/PackageManager(  717): Apk copy done
I/PackageManager(  717): init_copy idx=0: MeasureParams{3ed2d6f4 com.meizu.media.video}
I/PackageManager(  717): mcs_bound
I/PackageManager(  717): startCopy UserHandle{0}: MeasureParams{3ed2d6f4 com.meizu.media.video}
I/PackageManager(  717): Apk copy done
I/PackageManager(  717): init_copy idx=0: MeasureParams{31fc0e1d com.svox.pico}
I/PackageManager(  717): mcs_bound
I/PackageManager(  717): startCopy UserHandle{0}: MeasureParams{31fc0e1d com.svox.pico}
I/thermal_repeater(  300): oh, queryMdThermalInfo (0)Bad file number
I/PackageManager(  717): Apk copy done
I/PackageManager(  717): init_copy idx=0: MeasureParams{1c0d0892 com.meizu.media.gallery}
I/thermal_repeater(  300): [recvMdThermalInfo] ret=30, strLen=127,  2, 32767, -127, -1, 32767, 17
I/PackageManager(  717): mcs_bound
I/PackageManager(  717): startCopy UserHandle{0}: MeasureParams{1c0d0892 com.meizu.media.gallery}
I/ActivityManager(  717): START u0 {act=com.meizu.safe.security.SHOW_APPSEC cmp=com.meizu.safe/.security.AppSecActivity (has extras)} from uid 1000 on display 0 from pid 14401
I/PackageManager(  717): Apk copy done
I/PackageManager(  717): init_copy idx=0: MeasureParams{1c53e524 com.android.proxyhandler}
I/PackageManager(  717): mcs_bound
I/PackageManager(  717): startCopy UserHandle{0}: MeasureParams{1c53e524 com.android.proxyhandler}
I/PackageManager(  717): Apk copy done
I/PackageManager(  717): init_copy idx=0: MeasureParams{2d2f9a53 com.android.managedprovisioning}
I/PackageManager(  717): mcs_bound
I/PackageManager(  717): startCopy UserHandle{0}: MeasureParams{2d2f9a53 com.android.managedprovisioning}
I/WindowManager(  717): Losing focus: Window{1c50c06e u0 com.android.settings/com.android.settings.SubSettings}
I/PackageManager(  717): Apk copy done
I/PackageManager(  717): init_copy idx=0: MeasureParams{1341dea7 com.mediatek.atci.service}
I/PackageManager(  717): mcs_bound
I/PackageManager(  717): startCopy UserHandle{0}: MeasureParams{1341dea7 com.mediatek.atci.service}
I/PackageManager(  717): Apk copy done
I/PackageManager(  717): init_copy idx=0: MeasureParams{210cdf54 com.meizu.systemwallpaper}
I/PackageManager(  717): mcs_bound
I/PackageManager(  717): startCopy UserHandle{0}: MeasureParams{210cdf54 com.meizu.systemwallpaper}
E/NotificationService(  717): Suppressing notification from package com.tencent.mobileqq by user request.
I/PackageManager(  717): Apk copy done
I/PackageManager(  717): init_copy idx=0: MeasureParams{d7edefd com.mtk.telephony}
I/PackageManager(  717): mcs_bound
I/PackageManager(  717): startCopy UserHandle{0}: MeasureParams{d7edefd com.mtk.telephony}
I/PackageManager(  717): Apk copy done
I/PackageManager(  717): init_copy idx=0: MeasureParams{3f029cc0 com.meizu.cloud}
I/PackageManager(  717): mcs_bound
I/PackageManager(  717): startCopy UserHandle{0}: MeasureParams{3f029cc0 com.meizu.cloud}
I/WindowManager(  717): Gaining focus: Window{523be43 u0 com.meizu.safe/com.meizu.safe.security.AppSecActivity}
I/PackageManager(  717): Apk copy done
I/PackageManager(  717): init_copy idx=0: MeasureParams{1c5f6df9 com.meizu.setup}
I/PackageManager(  717): mcs_bound
I/PackageManager(  717): startCopy UserHandle{0}: MeasureParams{1c5f6df9 com.meizu.setup}
I/PackageManager(  717): Apk copy done
I/PackageManager(  717): init_copy idx=0: MeasureParams{2fb9e13e com.meizu.share}
I/PackageManager(  717): mcs_bound
I/PackageManager(  717): startCopy UserHandle{0}: MeasureParams{2fb9e13e com.meizu.share}
I/PackageManager(  717): Apk copy done
I/PackageManager(  717): init_copy idx=0: MeasureParams{28b9fb9f com.baidu.map.location}
I/PackageManager(  717): mcs_bound
I/PackageManager(  717): startCopy UserHandle{0}: MeasureParams{28b9fb9f com.baidu.map.location}
I/PackageManager(  717): Apk copy done
I/PackageManager(  717): init_copy idx=0: MeasureParams{3dd4c4ec com.android.settings}
I/PackageManager(  717): mcs_bound
I/PackageManager(  717): startCopy UserHandle{0}: MeasureParams{3dd4c4ec com.android.settings}
I/PackageManager(  717): Apk copy done
I/PackageManager(  717): init_copy idx=0: MeasureParams{221ff0b5 com.meizu.mzsyncservice}
I/PackageManager(  717): mcs_bound
I/PackageManager(  717): startCopy UserHandle{0}: MeasureParams{221ff0b5 com.meizu.mzsyncservice}
I/PackageManager(  717): Apk copy done
I/PackageManager(  717): init_copy idx=0: MeasureParams{23eed34a com.vlife.mxlock.wallpaper}
I/PackageManager(  717): mcs_bound
I/PackageManager(  717): startCopy UserHandle{0}: MeasureParams{23eed34a com.vlife.mxlock.wallpaper}
I/PackageManager(  717): Apk copy done
I/PackageManager(  717): init_copy idx=0: MeasureParams{1d2be331 com.mediatek.lbs.em2.ui}
I/PackageManager(  717): mcs_bound
I/PackageManager(  717): startCopy UserHandle{0}: MeasureParams{1d2be331 com.mediatek.lbs.em2.ui}
I/PackageManager(  717): Apk copy done
I/PackageManager(  717): init_copy idx=0: MeasureParams{33ceda16 com.meizu.flyme.input}
I/PackageManager(  717): mcs_bound
I/PackageManager(  717): startCopy UserHandle{0}: MeasureParams{33ceda16 com.meizu.flyme.input}
I/PackageManager(  717): Apk copy done
I/PackageManager(  717): init_copy idx=0: MeasureParams{30d0c584 com.android.vpndialogs}
I/PackageManager(  717): mcs_bound
I/PackageManager(  717): startCopy UserHandle{0}: MeasureParams{30d0c584 com.android.vpndialogs}
I/PackageManager(  717): Apk copy done
I/PackageManager(  717): init_copy idx=0: MeasureParams{2d2a816d com.android.email}
I/PackageManager(  717): mcs_bound
I/PackageManager(  717): startCopy UserHandle{0}: MeasureParams{2d2a816d com.android.email}
I/PackageManager(  717): Apk copy done
I/PackageManager(  717): init_copy idx=0: MeasureParams{35d681a2 com.meizu.flyme.service.find}
I/PackageManager(  717): mcs_bound
I/PackageManager(  717): startCopy UserHandle{0}: MeasureParams{35d681a2 com.meizu.flyme.service.find}
I/PackageManager(  717): Apk copy done
I/PackageManager(  717): init_copy idx=0: MeasureParams{2d20be33 com.android.phone}
I/PackageManager(  717): mcs_bound
I/PackageManager(  717): startCopy UserHandle{0}: MeasureParams{2d20be33 com.android.phone}
I/PackageManager(  717): Apk copy done
I/PackageManager(  717): init_copy idx=0: MeasureParams{3f56b5f0 com.android.shell}
I/PackageManager(  717): mcs_bound
I/PackageManager(  717): startCopy UserHandle{0}: MeasureParams{3f56b5f0 com.android.shell}
I/PackageManager(  717): Apk copy done
I/PackageManager(  717): init_copy idx=0: MeasureParams{afac769 com.meizu.flyme.android.theme.LRA_Soft}
I/PackageManager(  717): mcs_bound
I/PackageManager(  717): startCopy UserHandle{0}: MeasureParams{afac769 com.meizu.flyme.android.theme.LRA_Soft}
I/PackageManager(  717): Apk copy done
I/PackageManager(  717): init_copy idx=0: MeasureParams{39bf15ee com.android.providers.userdictionary}
I/PackageManager(  717): mcs_bound
I/PackageManager(  717): startCopy UserHandle{0}: MeasureParams{39bf15ee com.android.providers.userdictionary}
I/PackageManager(  717): Apk copy done
I/PackageManager(  717): init_copy idx=0: MeasureParams{331f0a8f com.android.location.fused}
I/PackageManager(  717): mcs_bound
I/PackageManager(  717): startCopy UserHandle{0}: MeasureParams{331f0a8f com.android.location.fused}
I/PackageManager(  717): Apk copy done
I/PackageManager(  717): init_copy idx=0: MeasureParams{3309411c com.meizu.flyme.gamecenter}
I/PackageManager(  717): mcs_bound
I/PackageManager(  717): startCopy UserHandle{0}: MeasureParams{3309411c com.meizu.flyme.gamecenter}
I/PackageManager(  717): Apk copy done
I/PackageManager(  717): init_copy idx=0: MeasureParams{46f7125 com.android.systemui}
I/PackageManager(  717): mcs_bound
I/PackageManager(  717): startCopy UserHandle{0}: MeasureParams{46f7125 com.android.systemui}
I/PackageManager(  717): Apk copy done
I/PackageManager(  717): init_copy idx=0: MeasureParams{3f8aa2fa com.meizu.experiencedatasync}
I/PackageManager(  717): mcs_bound
I/PackageManager(  717): startCopy UserHandle{0}: MeasureParams{3f8aa2fa com.meizu.experiencedatasync}
I/PackageManager(  717): Apk copy done
I/PackageManager(  717): init_copy idx=0: MeasureParams{130bc0ab com.meizu.callsetting}
I/PackageManager(  717): mcs_bound
I/PackageManager(  717): startCopy UserHandle{0}: MeasureParams{130bc0ab com.meizu.callsetting}
I/PackageManager(  717): Apk copy done
I/PackageManager(  717): init_copy idx=0: MeasureParams{1ff75308 com.meizu.netcontactservice}
I/PackageManager(  717): mcs_bound
I/PackageManager(  717): startCopy UserHandle{0}: MeasureParams{1ff75308 com.meizu.netcontactservice}
I/PackageManager(  717): Apk copy done
I/PackageManager(  717): init_copy idx=0: MeasureParams{37cafaa1 com.mediatek.mtklogger}
I/PackageManager(  717): mcs_bound
I/PackageManager(  717): startCopy UserHandle{0}: MeasureParams{37cafaa1 com.mediatek.mtklogger}
I/PackageManager(  717): Apk copy done
I/PackageManager(  717): init_copy idx=0: MeasureParams{134ff4c6 com.android.bluetooth}
I/PackageManager(  717): mcs_bound
I/PackageManager(  717): startCopy UserHandle{0}: MeasureParams{134ff4c6 com.android.bluetooth}
I/PackageManager(  717): Apk copy done
I/PackageManager(  717): init_copy idx=0: MeasureParams{2cc3bc87 com.android.providers.contacts}
I/PackageManager(  717): mcs_bound
I/PackageManager(  717): startCopy UserHandle{0}: MeasureParams{2cc3bc87 com.android.providers.contacts}
I/PackageManager(  717): Apk copy done
I/PackageManager(  717): init_copy idx=0: MeasureParams{a3297b4 com.android.captiveportallogin}
I/PackageManager(  717): mcs_bound
I/PackageManager(  717): startCopy UserHandle{0}: MeasureParams{a3297b4 com.android.captiveportallogin}
I/PackageManager(  717): Apk copy done
I/PackageManager(  717): init_copy idx=0: MeasureParams{afb9fdd com.meizu.flyme.weather}
I/PackageManager(  717): mcs_bound
I/PackageManager(  717): startCopy UserHandle{0}: MeasureParams{afb9fdd com.meizu.flyme.weather}
I/PackageManager(  717): Apk copy done
E/NotificationService(  717): Suppressing notification from package com.tencent.mobileqq by user request.
I/PowerManagerService(  717): releaseWakeLockInternal: lock=459559214, packageName=android, flags=0x0, total_time=18819ms, wakeLock={SCREEN_BRIGHT_WAKE_LOCK        'WindowManager' ON_AFTER_RELEASE (uid=1000, pid=717, ws=WorkSource{10010})}, sleepTimeout=-1ms, screenOffTimeout=600000ms,screenDimDuration=7000ms
--------- beginning of main
I/AudioFlinger_Threads(  280): [GJ_DEBUG] streamType = 0, device = 0x0001, track = 4096 param = 3002 == [READY] == 1.000000 | 1.000000 | 0.000000 
I/AudioFlinger_Threads(  280): [GJ_DEBUG] streamType = 0, device = 0x0001, track = 4096 param = 3002 == [READY] == 1.000000 | 1.000000 | 0.000000 
I/AudioFlinger_Threads(  280): [GJ_DEBUG] streamType = 0, device = 0x0001, track = 4096 param = 3002 == [READY] == 1.000000 | 1.000000 | 0.000000 
I/libPerfService(  717): perfDumpAll
I/libPerfService(  717): perfDumpAll - type:5, core:2, big:0, little:2, freq:1690000, freq_big:0, freq_little:1690000, gpu:-1
I/libPerfService(  717): perfDumpAll - type:6, core:0, big:0, little:0, freq:0, freq_big:1144000, freq_little:0, gpu:-1
I/SurfaceFlinger(  263): [Built-in Screen (type:0)] fps:32.204529,dur:1397.32,max:638.78,min:15.23
I/AudioFlinger_Threads(  280): [GJ_DEBUG] streamType = 0, device = 0x0001, track = 4096 param = 3002 == [READY] == 1.000000 | 1.000000 | 0.000000 
I/AudioFlinger_Threads(  280): [GJ_DEBUG] streamType = 0, device = 0x0001, track = 4096 param = 3002 == [READY] == 1.000000 | 1.000000 | 0.000000 
I/AudioFlinger_Threads(  280): [GJ_DEBUG] streamType = 0, device = 0x0001, track = 4096 param = 3002 == [READY] == 1.000000 | 1.000000 | 0.000000 
I/AudioFlinger_Threads(  280): [GJ_DEBUG] streamType = 0, device = 0x0001, track = 4096 param = 3002 == [READY] == 1.000000 | 1.000000 | 0.000000 
E/NotificationService(  717): Suppressing notification from package com.tencent.mobileqq by user request.
I/AudioFlinger_Threads(  280): [GJ_DEBUG] streamType = 0, device = 0x0001, track = 4096 param = 3002 == [READY] == 1.000000 | 1.000000 | 0.000000 
I/AudioFlinger_Threads(  280): [GJ_DEBUG] streamType = 0, device = 0x0001, track = 4096 param = 3002 == [READY] == 1.000000 | 1.000000 | 0.000000 
I/AudioFlinger_Threads(  280): [GJ_DEBUG] streamType = 0, device = 0x0001, track = 4096 param = 3002 == [READY] == 1.000000 | 1.000000 | 0.000000 
I/AudioFlinger_Threads(  280): [GJ_DEBUG] streamType = 0, device = 0x0001, track = 4096 param = 3002 == [READY] == 1.000000 | 1.000000 | 0.000000 
I/AudioFlinger_Threads(  280): [GJ_DEBUG] streamType = 0, device = 0x0001, track = 4096 param = 3002 == [READY] == 1.000000 | 1.000000 | 0.000000 
I/AudioFlinger_Threads(  280): [GJ_DEBUG] streamType = 0, device = 0x0001, track = 4096 param = 3002 == [READY] == 1.000000 | 1.000000 | 0.000000 
I/libPerfService(  717): 14: set freq: 1690000, 1183000
I/libPerfService(  717): 14: set: 2, 2
I/recents.RecentsStage(  933): resetStage
I/AudioFlinger_Threads(  280): [GJ_DEBUG] streamType = 0, device = 0x0001, track = 4096 param = 3002 == [READY] == 1.000000 | 1.000000 | 0.000000 
I/AudioFlinger_Threads(  280): [GJ_DEBUG] streamType = 0, device = 0x0001, track = 4096 param = 3002 == [READY] == 1.000000 | 1.000000 | 0.000000 
I/HapticFeedbackManager(  717): HapticFeedbackTheme --> Use device handle index: 1
I/HapticFeedbackManager(  717): Proxy is 'false'. performHapticFeedback() via TouchSense API: VIRTUAL_KEY
I/AudioFlinger_Threads(  280): [GJ_DEBUG] streamType = 0, device = 0x0001, track = 4096 param = 3002 == [READY] == 1.000000 | 1.000000 | 0.000000 
I/HapticFeedbackManager(  717): HapticFeedbackTheme --> performHapticFeedback:effectId=VIRTUAL_KEY, actionIndex=0, effectType=PLAY, effectName=HapticFeedbackDefaultEffects, effectIndex=114 RESULT: TRUE
I/AudioFlinger_Threads(  280): [GJ_DEBUG] streamType = 0, device = 0x0001, track = 4096 param = 3002 == [READY] == 1.000000 | 1.000000 | 0.000000 
I/AudioFlinger_Threads(  280): [GJ_DEBUG] streamType = 0, device = 0x0001, track = 4096 param = 3002 == [READY] == 1.000000 | 1.000000 | 0.000000 
I/AudioFlinger_Threads(  280): [GJ_DEBUG] streamType = 0, device = 0x0001, track = 4096 param = 3002 == [READY] == 1.000000 | 1.000000 | 0.000000 
I/WindowManager(  717): interceptKey home mDoubleTapOnHomeBehavior === 0
I/MzPhoneWindowManager(  717): back key inject InputEvent successed---! --> action = 0, times is 163554489
I/ViewRootImpl( 2313): WindowInputEventReceiver onInputEvent!! KeyCode is 4, action is 0
W/AEE     (    0): some logs have been lost (515 bytes estimated)
W/AEE     (    0): some logs have been lost (432 bytes estimated)
I/AudioFlinger_Threads(  280): [GJ_DEBUG] streamType = 0, device = 0x0001, track = 4096 param = 3002 == [READY] == 1.000000 | 1.000000 | 0.000000 
I/art     (  717): [heap] RegisterNativeAllocation start bytes:2211840
I/art     (  717): [heap] RegisterNativeAllocation RunFinalization time 1
I/art     (  717): [heap] RunFinalization start
I/art     (  717): [heap] RunFinalization end
I/art     (  717): [heap] RegisterNativeAllocation native_bytes_allocated_:0
I/art     (  717): [heap] RegisterNativeAllocation new_native_bytes_allocated:0, native_bytes_allocated_:2211840, native_footprint_gc_watermark_:524288, growth_limit_:536870912
I/art     (  717): [heap] RegisterNativeAllocation end
I/libPerfService(  717): 13: set freq: 1690000, 2002000
I/libPerfService(  717): 13: set: 4, 4
I/libPerfService(  717): perfSetFavorPid - pid:14401, 3841
I/WindowManager(  717): Losing focus: Window{523be43 u0 com.meizu.safe/com.meizu.safe.security.AppSecActivity}
I/AudioFlinger_Threads(  280): [GJ_DEBUG] streamType = 0, device = 0x0001, track = 4096 param = 3002 == [READY] == 1.000000 | 1.000000 | 0.000000 
I/PackageManager(  717): init_copy idx=0: MeasureParams{32d6ce11 com.android.providers.telephony}
I/PackageManager(  717): mcs_bound
I/PackageManager(  717): startCopy UserHandle{0}: MeasureParams{32d6ce11 com.android.providers.telephony}
I/AppWidgetServiceImpl(  717): hasBindAppWidgetPermission() 0
I/libPerfService(  717): perfDumpAll
I/libPerfService(  717): perfDumpAll - type:5, core:2, big:0, little:2, freq:1690000, freq_big:0, freq_little:1690000, gpu:-1
I/libPerfService(  717): perfDumpAll - type:6, core:0, big:0, little:0, freq:0, freq_big:1144000, freq_little:0, gpu:-1
I/libPerfService(  717): perfDumpAll - type:13, core:8, big:4, little:4, freq:0, freq_big:2002000, freq_little:1690000, gpu:0
I/libPerfService(  717):             - pid:717, tid:1333, comm:system_server
I/libPerfService(  717): perfDumpAll - type:14, core:4, big:2, little:2, freq:0, freq_big:1183000, freq_little:1183000, gpu:0
I/libPerfService(  717):             - pid:717, tid:863, comm:system_server
I/PackageManager(  717): Apk copy done
I/PackageManager(  717): Checking for more work or unbind...
I/PackageManager(  717): Posting delayed MCS_UNBIND
I/PackageManager(  717): init_copy idx=0: MeasureParams{a651b76 com.meizu.documentsui}
I/PackageManager(  717): mcs_bound
I/PackageManager(  717): startCopy UserHandle{0}: MeasureParams{a651b76 com.meizu.documentsui}
I/WindowManager(  717): Gaining focus: Window{1c50c06e u0 com.android.settings/com.android.settings.SubSettings}
I/AudioFlinger_Threads(  280): [GJ_DEBUG] streamType = 0, device = 0x0001, track = 4096 param = 3002 == [READY] == 1.000000 | 1.000000 | 0.000000 
I/PackageManager(  717): Apk copy done
I/libPerfService(  717): perfDumpAll
I/libPerfService(  717): perfDumpAll - type:5, core:2, big:0, little:2, freq:1690000, freq_big:0, freq_little:1690000, gpu:-1
I/libPerfService(  717): perfDumpAll - type:6, core:0, big:0, little:0, freq:0, freq_big:1144000, freq_little:0, gpu:-1
I/PackageManager(  717): Checking for more work or unbind...
I/PackageManager(  717): Posting delayed MCS_UNBIND
I/libPerfService(  717): perfDumpAll - type:13, core:8, big:4, little:4, freq:0, freq_big:2002000, freq_little:1690000, gpu:0
I/libPerfService(  717):             - pid:717, tid:1333, comm:system_server
I/libPerfService(  717): perfDumpAll - type:14, core:4, big:2, little:2, freq:0, freq_big:1183000, freq_little:1183000, gpu:0
I/libPerfService(  717):             - pid:717, tid:863, comm:system_server
I/PackageManager(  717): init_copy idx=0: MeasureParams{368555e4 com.android.providers.calendar}
I/PackageManager(  717): mcs_bound
I/PackageManager(  717): startCopy UserHandle{0}: MeasureParams{368555e4 com.android.providers.calendar}
I/libPerfService(  717): perfSetFavorPid - pid:14401, 3841
I/PackageManager(  717): Apk copy done
I/PackageManager(  717): Checking for more work or unbind...
I/PackageManager(  717): Posting delayed MCS_UNBIND
I/PackageManager(  717): init_copy idx=0: MeasureParams{3bf37d7c com.android.providers.media}
I/PackageManager(  717): mcs_bound
I/PackageManager(  717): startCopy UserHandle{0}: MeasureParams{3bf37d7c com.android.providers.media}
I/AudioFlinger_Threads(  280): [GJ_DEBUG] streamType = 0, device = 0x0001, track = 4096 param = 3002 == [READY] == 1.000000 | 1.000000 | 0.000000 
I/PackageManager(  717): Apk copy done
I/PackageManager(  717): Checking for more work or unbind...
I/PackageManager(  717): Posting delayed MCS_UNBIND
I/PackageManager(  717): init_copy idx=0: MeasureParams{d06605 com.mediatek.fwk.plugin}
I/PackageManager(  717): mcs_bound
I/PackageManager(  717): startCopy UserHandle{0}: MeasureParams{d06605 com.mediatek.fwk.plugin}
I/PackageManager(  717): Apk copy done
I/PackageManager(  717): Checking for more work or unbind...
I/PackageManager(  717): Posting delayed MCS_UNBIND
I/PackageManager(  717): init_copy idx=0: MeasureParams{4af265a com.meizu.flyme.launcher}
I/PackageManager(  717): mcs_bound
I/PackageManager(  717): startCopy UserHandle{0}: MeasureParams{4af265a com.meizu.flyme.launcher}
I/PackageManager(  717): Apk copy done
I/PackageManager(  717): Checking for more work or unbind...
I/PackageManager(  717): Posting delayed MCS_UNBIND
I/PackageManager(  717): init_copy idx=0: MeasureParams{1fdef08b com.sohu.inputmethod.sogou}
I/PackageManager(  717): mcs_bound
I/PackageManager(  717): startCopy UserHandle{0}: MeasureParams{1fdef08b com.sohu.inputmethod.sogou}
I/AudioFlinger_Threads(  280): [GJ_DEBUG] streamType = 0, device = 0x0001, track = 4096 param = 3002 == [READY] == 1.000000 | 1.000000 | 0.000000 
I/libPerfService(  717): perfSetFavorPid - pid:14401, 3841
I/PackageManager(  717): Apk copy done
I/PackageManager(  717): Checking for more work or unbind...
I/PackageManager(  717): Posting delayed MCS_UNBIND
I/AudioFlinger_Threads(  280): [GJ_DEBUG] streamType = 0, device = 0x0001, track = 4096 param = 3002 == [READY] == 1.000000 | 1.000000 | 0.000000 
I/libPerfService(  717): perfSetFavorPid - pid:14401, 3841
I/PackageManager(  717): init_copy idx=0: MeasureParams{10f65d81 com.android.wallpapercropper}
I/PackageManager(  717): mcs_bound
I/PackageManager(  717): startCopy UserHandle{0}: MeasureParams{10f65d81 com.android.wallpapercropper}
I/PackageManager(  717): Apk copy done
I/PackageManager(  717): Checking for more work or unbind...
I/PackageManager(  717): Posting delayed MCS_UNBIND
I/PackageManager(  717): init_copy idx=0: MeasureParams{1c294e26 org.simalliance.openmobileapi.service}
I/PackageManager(  717): mcs_bound
I/PackageManager(  717): startCopy UserHandle{0}: MeasureParams{1c294e26 org.simalliance.openmobileapi.service}
I/AudioFlinger_Threads(  280): [GJ_DEBUG] streamType = 0, device = 0x0001, track = 4096 param = 3002 == [READY] == 1.000000 | 1.000000 | 0.000000 
I/PackageManager(  717): Apk copy done
I/PackageManager(  717): Checking for more work or unbind...
I/PackageManager(  717): Posting delayed MCS_UNBIND
I/PackageManager(  717): init_copy idx=0: MeasureParams{2aca0a67 com.android.grabqqpwd}
I/PackageManager(  717): mcs_bound
I/PackageManager(  717): startCopy UserHandle{0}: MeasureParams{2aca0a67 com.android.grabqqpwd}
I/AudioFlinger_Threads(  280): [GJ_DEBUG] streamType = 0, device = 0x0001, track = 4096 param = 3002 == [READY] == 1.000000 | 1.000000 | 0.000000 
I/PackageManager(  717): Apk copy done
I/PackageManager(  717): Checking for more work or unbind...
I/PackageManager(  717): Posting delayed MCS_UNBIND
I/PackageManager(  717): init_copy idx=0: MeasureParams{39dc0014 com.android.externalstorage}
I/PackageManager(  717): mcs_bound
I/PackageManager(  717): startCopy UserHandle{0}: MeasureParams{39dc0014 com.android.externalstorage}
I/PackageManager(  717): Apk copy done
I/PackageManager(  717): Checking for more work or unbind...
I/PackageManager(  717): Posting delayed MCS_UNBIND
I/PackageManager(  717): init_copy idx=0: MeasureParams{e2a50bd com.android.alarmclock}
I/PackageManager(  717): mcs_bound
I/PackageManager(  717): startCopy UserHandle{0}: MeasureParams{e2a50bd com.android.alarmclock}
I/AudioFlinger_Threads(  280): [GJ_DEBUG] streamType = 0, device = 0x0001, track = 4096 param = 3002 == [READY] == 1.000000 | 1.000000 | 0.000000 
I/PackageManager(  717): Apk copy done
I/PackageManager(  717): Checking for more work or unbind...
I/PackageManager(  717): Posting delayed MCS_UNBIND
I/PackageManager(  717): init_copy idx=0: MeasureParams{1bcc26b2 com.meizu.flyme.scanner}
I/PackageManager(  717): mcs_bound
I/PackageManager(  717): startCopy UserHandle{0}: MeasureParams{1bcc26b2 com.meizu.flyme.scanner}
I/PackageManager(  717): Apk copy done
I/PackageManager(  717): Checking for more work or unbind...
I/PackageManager(  717): Posting delayed MCS_UNBIND
I/PackageManager(  717): init_copy idx=0: MeasureParams{2962e603 com.mediatek.ygps}
I/PackageManager(  717): mcs_bound
I/PackageManager(  717): startCopy UserHandle{0}: MeasureParams{2962e603 com.mediatek.ygps}
I/AudioFlinger_Threads(  280): [GJ_DEBUG] streamType = 0, device = 0x0001, track = 4096 param = 3002 == [READY] == 1.000000 | 1.000000 | 0.000000 
I/PackageManager(  717): Apk copy done
I/PackageManager(  717): Checking for more work or unbind...
I/PackageManager(  717): Posting delayed MCS_UNBIND
I/PackageManager(  717): init_copy idx=0: MeasureParams{2a830980 com.android.htmlviewer}
I/PackageManager(  717): mcs_bound
I/PackageManager(  717): startCopy UserHandle{0}: MeasureParams{2a830980 com.android.htmlviewer}
I/AudioFlinger_Threads(  280): [GJ_DEBUG] streamType = 0, device = 0x0001, track = 4096 param = 3002 == [READY] == 1.000000 | 1.000000 | 0.000000 
I/PackageManager(  717): Apk copy done
I/PackageManager(  717): Checking for more work or unbind...
I/PackageManager(  717): Posting delayed MCS_UNBIND
I/PackageManager(  717): init_copy idx=0: MeasureParams{1fb03bb9 com.iflytek.speechsuite}
I/PackageManager(  717): mcs_bound
I/PackageManager(  717): startCopy UserHandle{0}: MeasureParams{1fb03bb9 com.iflytek.speechsuite}
I/PackageManager(  717): Apk copy done
I/PackageManager(  717): Checking for more work or unbind...
I/PackageManager(  717): Posting delayed MCS_UNBIND
I/PackageManager(  717): init_copy idx=0: MeasureParams{1a51fbfe com.meizu.powersave}
I/PackageManager(  717): mcs_bound
I/PackageManager(  717): startCopy UserHandle{0}: MeasureParams{1a51fbfe com.meizu.powersave}
I/AudioFlinger_Threads(  280): [GJ_DEBUG] streamType = 0, device = 0x0001, track = 4096 param = 3002 == [READY] == 1.000000 | 1.000000 | 0.000000 
I/PackageManager(  717): Apk copy done
I/PackageManager(  717): Checking for more work or unbind...
I/PackageManager(  717): Posting delayed MCS_UNBIND
I/PackageManager(  717): init_copy idx=0: MeasureParams{1423df5f com.android.mms.service}
I/PackageManager(  717): mcs_bound
I/PackageManager(  717): startCopy UserHandle{0}: MeasureParams{1423df5f com.android.mms.service}
I/PackageManager(  717): Apk copy done
I/PackageManager(  717): Checking for more work or unbind...
I/PackageManager(  717): Posting delayed MCS_UNBIND
I/PackageManager(  717): init_copy idx=0: MeasureParams{23cf3dac com.android.providers.downloads}
I/AudioFlinger_Threads(  280): [GJ_DEBUG] streamType = 0, device = 0x0001, track = 4096 param = 3002 == [READY] == 1.000000 | 1.000000 | 0.000000 
I/PackageManager(  717): mcs_bound
I/PackageManager(  717): startCopy UserHandle{0}: MeasureParams{23cf3dac com.android.providers.downloads}
I/PackageManager(  717): Apk copy done
I/PackageManager(  717): Checking for more work or unbind...
I/PackageManager(  717): Posting delayed MCS_UNBIND
I/PackageManager(  717): init_copy idx=0: MeasureParams{30fda75 com.meizu.mzsimcontacts}
I/PackageManager(  717): mcs_bound
I/PackageManager(  717): startCopy UserHandle{0}: MeasureParams{30fda75 com.meizu.mzsimcontacts}
I/AudioFlinger_Threads(  280): [GJ_DEBUG] streamType = 0, device = 0x0001, track = 4096 param = 3002 == [READY] == 1.000000 | 1.000000 | 0.000000 
I/PackageManager(  717): Apk copy done
I/PackageManager(  717): Checking for more work or unbind...
I/PackageManager(  717): Posting delayed MCS_UNBIND
I/PackageManager(  717): init_copy idx=0: MeasureParams{dcdda0a com.meizu.filemanager}
I/PackageManager(  717): mcs_bound
I/PackageManager(  717): startCopy UserHandle{0}: MeasureParams{dcdda0a com.meizu.filemanager}
I/PackageManager(  717): Apk copy done
I/PackageManager(  717): Checking for more work or unbind...
I/PackageManager(  717): Posting delayed MCS_UNBIND
I/PackageManager(  717): init_copy idx=0: MeasureParams{6d1127b com.mediatek.engineermode}
I/PackageManager(  717): mcs_bound
I/PackageManager(  717): startCopy UserHandle{0}: MeasureParams{6d1127b com.mediatek.engineermode}
I/AudioFlinger_Threads(  280): [GJ_DEBUG] streamType = 0, device = 0x0001, track = 4096 param = 3002 == [READY] == 1.000000 | 1.000000 | 0.000000 
I/PackageManager(  717): Apk copy done
I/PackageManager(  717): Checking for more work or unbind...
I/PackageManager(  717): Posting delayed MCS_UNBIND
I/PackageManager(  717): init_copy idx=0: MeasureParams{20c88898 com.meizu.flyme.android.theme.LRA_Strong}
I/PackageManager(  717): mcs_bound
I/PackageManager(  717): startCopy UserHandle{0}: MeasureParams{20c88898 com.meizu.flyme.android.theme.LRA_Strong}
I/AudioFlinger_Threads(  280): [GJ_DEBUG] streamType = 0, device = 0x0001, track = 4096 param = 3002 == [READY] == 1.000000 | 1.000000 | 0.000000 
I/PackageManager(  717): Apk copy done
I/PackageManager(  717): Checking for more work or unbind...
I/PackageManager(  717): Posting delayed MCS_UNBIND
I/PackageManager(  717): init_copy idx=0: MeasureParams{c90a8f1 com.android.browser}
I/PackageManager(  717): mcs_bound
I/PackageManager(  717): startCopy UserHandle{0}: MeasureParams{c90a8f1 com.android.browser}
W/PerfScheduler(  717): Not Boost !
I/PackageManager(  717): Apk copy done
I/PackageManager(  717): Checking for more work or unbind...
I/PackageManager(  717): Posting delayed MCS_UNBIND
I/PackageManager(  717): init_copy idx=0: MeasureParams{8778cd6 com.meizu.compaign}
I/PackageManager(  717): mcs_bound
I/AudioFlinger_Threads(  280): [GJ_DEBUG] streamType = 0, device = 0x0001, track = 4096 param = 3002 == [READY] == 1.000000 | 1.000000 | 0.000000 
I/PackageManager(  717): startCopy UserHandle{0}: MeasureParams{8778cd6 com.meizu.compaign}
I/libPerfService(  717): perfDumpAll
I/libPerfService(  717): perfDumpAll - type:5, core:2, big:0, little:2, freq:1690000, freq_big:0, freq_little:1690000, gpu:-1
I/libPerfService(  717): perfDumpAll - type:6, core:0, big:0, little:0, freq:0, freq_big:1144000, freq_little:0, gpu:-1
I/libPerfService(  717): perfDumpAll - type:13, core:8, big:4, little:4, freq:0, freq_big:2002000, freq_little:1690000, gpu:0
I/libPerfService(  717):             - pid:717, tid:1333, comm:system_server
I/libPerfService(  717): perfDumpAll - type:14, core:4, big:2, little:2, freq:0, freq_big:1183000, freq_little:1183000, gpu:0
I/libPerfService(  717):             - pid:717, tid:863, comm:system_server
I/recents.RecentsStage(  933): resetStage
I/PackageManager(  717): Apk copy done
I/PackageManager(  717): Checking for more work or unbind...
I/PackageManager(  717): Posting delayed MCS_UNBIND
I/PackageManager(  717): init_copy idx=0: MeasureParams{b545b57 com.android.providers.applications}
I/PackageManager(  717): mcs_bound
I/PackageManager(  717): startCopy UserHandle{0}: MeasureParams{b545b57 com.android.providers.applications}
I/AudioFlinger_Threads(  280): [GJ_DEBUG] streamType = 0, device = 0x0001, track = 4096 param = 3002 == [READY] == 1.000000 | 1.000000 | 0.000000 
I/PackageManager(  717): Apk copy done
I/PackageManager(  717): Checking for more work or unbind...
I/PackageManager(  717): Posting delayed MCS_UNBIND
I/PackageManager(  717): init_copy idx=0: MeasureParams{3099644 com.meizu.splitloccontroller}
I/PackageManager(  717): mcs_bound
I/PackageManager(  717): startCopy UserHandle{0}: MeasureParams{3099644 com.meizu.splitloccontroller}
I/PackageManager(  717): Apk copy done
I/PackageManager(  717): Checking for more work or unbind...
I/PackageManager(  717): Posting delayed MCS_UNBIND
I/PackageManager(  717): init_copy idx=0: MeasureParams{3375e32d com.android.soundrecorder}
I/PackageManager(  717): mcs_bound
I/PackageManager(  717): startCopy UserHandle{0}: MeasureParams{3375e32d com.android.soundrecorder}
I/AudioFlinger_Threads(  280): [GJ_DEBUG] streamType = 0, device = 0x0001, track = 4096 param = 3002 == [READY] == 1.000000 | 1.000000 | 0.000000 
I/PackageManager(  717): Apk copy done
I/PackageManager(  717): Checking for more work or unbind...
I/PackageManager(  717): Posting delayed MCS_UNBIND
I/PackageManager(  717): init_copy idx=0: MeasureParams{3637a062 com.android.defcontainer}
I/PackageManager(  717): mcs_bound
I/PackageManager(  717): startCopy UserHandle{0}: MeasureParams{3637a062 com.android.defcontainer}
I/AudioFlinger_Threads(  280): [GJ_DEBUG] streamType = 0, device = 0x0001, track = 4096 param = 3002 == [READY] == 1.000000 | 1.000000 | 0.000000 
I/PackageManager(  717): Apk copy done
I/PackageManager(  717): Checking for more work or unbind...
I/PackageManager(  717): Posting delayed MCS_UNBIND
I/PackageManager(  717): init_copy idx=0: MeasureParams{365955f3 com.meizu.backup}
I/PackageManager(  717): mcs_bound
I/PackageManager(  717): startCopy UserHandle{0}: MeasureParams{365955f3 com.meizu.backup}
I/HapticFeedbackManager(  717): HapticFeedbackTheme --> Use device handle index: 1
I/HapticFeedbackManager(  717): Proxy is 'false'. performHapticFeedback() via TouchSense API: VIRTUAL_KEY
E/DAVEngineImpl(15360): fSendMsgToUI. dwMsgID = 1035, dwParam1 = -1740542976, dwParam2 = -1, peeruin = 801
I/PackageManager(  717): Apk copy done
I/PackageManager(  717): Checking for more work or unbind...
I/PackageManager(  717): Posting delayed MCS_UNBIND
I/PackageManager(  717): init_copy idx=0: MeasureParams{92bd2b0 com.tencent.mm}
I/PackageManager(  717): mcs_bound
I/PackageManager(  717): startCopy UserHandle{0}: MeasureParams{92bd2b0 com.tencent.mm}
I/AudioFlinger_Threads(  280): [GJ_DEBUG] streamType = 0, device = 0x0001, track = 4096 param = 3002 == [READY] == 1.000000 | 1.000000 | 0.000000 
I/HapticFeedbackManager(  717): HapticFeedbackTheme --> performHapticFeedback:effectId=VIRTUAL_KEY, actionIndex=0, effectType=PLAY, effectName=HapticFeedbackDefaultEffects, effectIndex=114 RESULT: TRUE
W/PerfScheduler(  717): Not Boost !
I/libPerfService(  717): perfSetFavorPid - pid:14401, 3841
I/libPerfService(  717): perfSetFavorPid - pid:14401, 3841
I/PackageManager(  717): Apk copy done
I/PackageManager(  717): Checking for more work or unbind...
I/PackageManager(  717): Posting delayed MCS_UNBIND
I/PackageManager(  717): init_copy idx=0: MeasureParams{25fa8529 com.facishare.fs}
I/PackageManager(  717): mcs_bound
I/PackageManager(  717): startCopy UserHandle{0}: MeasureParams{25fa8529 com.facishare.fs}
I/AudioFlinger_Threads(  280): [GJ_DEBUG] streamType = 0, device = 0x0001, track = 4096 param = 3002 == [READY] == 1.000000 | 1.000000 | 0.000000 
I/PackageManager(  717): Apk copy done
I/PackageManager(  717): Checking for more work or unbind...
I/PackageManager(  717): Posting delayed MCS_UNBIND
I/PackageManager(  717): init_copy idx=0: MeasureParams{26f360ae com.meizu.mstore}
I/PackageManager(  717): mcs_bound
I/PackageManager(  717): startCopy UserHandle{0}: MeasureParams{26f360ae com.meizu.mstore}
I/AudioFlinger_Threads(  280): [GJ_DEBUG] streamType = 0, device = 0x0001, track = 4096 param = 3002 == [READY] == 1.000000 | 1.000000 | 0.000000 
I/AudioFlinger_Threads(  280): [GJ_DEBUG] streamType = 0, device = 0x0001, track = 4096 param = 3002 == [READY] == 1.000000 | 1.000000 | 0.000000 
I/WindowManager(  717): interceptKey home mDoubleTapOnHomeBehavior === 0
I/PackageManager(  717): Apk copy done
I/MzPhoneWindowManager(  717): back key inject InputEvent successed---! --> action = 0, times is 163555002
I/PackageManager(  717): Checking for more work or unbind...
I/PackageManager(  717): Posting delayed MCS_UNBIND
W/PerfScheduler(  717): Not Boost !
I/MzPhoneWindowManager(  717): back key inject InputEvent successed---! --> action = 1, times is 163555003
I/recents.RecentsStage(  933): resetStage
I/ViewRootImpl(14401): WindowInputEventReceiver onInputEvent!! KeyCode is 4, action is 0
W/PerfScheduler(  717): Not Boost !
I/PackageManager(  717): init_copy idx=0: MeasureParams{31a95e4f com.meizu.luckymoney}
I/PackageManager(  717): mcs_bound
I/PackageManager(  717): startCopy UserHandle{0}: MeasureParams{31a95e4f com.meizu.luckymoney}
I/ViewRootImpl(14401): WindowInputEventReceiver onInputEvent!! KeyCode is 4, action is 1
I/AudioFlinger_Threads(  280): [GJ_DEBUG] streamType = 0, device = 0x0001, track = 4096 param = 3002 == [READY] == 1.000000 | 1.000000 | 0.000000 
I/libPerfService(  717): perfSetFavorPid - pid:14401, 3841
I/PackageManager(  717): Apk copy done
I/PackageManager(  717): Checking for more work or unbind...
I/PackageManager(  717): Posting delayed MCS_UNBIND
I/PackageManager(  717): init_copy idx=0: MeasureParams{3ff369dc android.zhibo8}
I/PackageManager(  717): mcs_bound
I/PackageManager(  717): startCopy UserHandle{0}: MeasureParams{3ff369dc android.zhibo8}
I/PackageManager(  717): Apk copy done
I/PackageManager(  717): Checking for more work or unbind...
I/PackageManager(  717): Posting delayed MCS_UNBIND
I/PackageManager(  717): init_copy idx=0: MeasureParams{1f147e0 com.tencent.mobileqq}
I/PackageManager(  717): mcs_bound
I/PackageManager(  717): startCopy UserHandle{0}: MeasureParams{1f147e0 com.tencent.mobileqq}
I/AudioFlinger_Threads(  280): [GJ_DEBUG] streamType = 0, device = 0x0001, track = 4096 param = 3002 == [READY] == 1.000000 | 1.000000 | 0.000000 
